
*** Running vivado
    with args -log design_1_wrapper.vdi -applog -m64 -product Vivado -messageDb vivado.pb -mode batch -source design_1_wrapper.tcl -notrace



****** Vivado v2020.2 (64-bit)
  **** SW Build 3064766 on Wed Nov 18 09:12:45 MST 2020
  **** IP Build 3064653 on Wed Nov 18 14:17:31 MST 2020
    ** Copyright 1986-2020 Xilinx, Inc. All Rights Reserved.

source design_1_wrapper.tcl -notrace
INFO: [IP_Flow 19-234] Refreshing IP repositories
INFO: [IP_Flow 19-1700] Loaded user IP repository 'c:/Users/cleme/Desktop/POEI/Cours/Projet_Corner_detect/ip_repo'.
INFO: [IP_Flow 19-2313] Loaded Vivado IP repository 'C:/Xilinx/Vivado/2020.2/data/ip'.
WARNING: [IP_Flow 19-4995] The host OS only allows 260 characters in a normal path. The IP cache path is more than 80 characters. If you experience issues with IP caching, please consider changing the IP cache to a location with a shorter path. Alternately consider using the OS subst command to map part of the path to a drive letter. 
Current IP cache path is C:/Users/cleme/Desktop/POEI/Cours/Projet_Corner_detect/vivado_proj/6_TB_Gaussian_filter/tb_gaussian_projet.cache/ip 
Command: link_design -top design_1_wrapper -part xc7z010clg400-1
Design is defaulting to srcset: sources_1
Design is defaulting to constrset: constrs_1
INFO: [Device 21-403] Loading part xc7z010clg400-1
INFO: [Project 1-454] Reading design checkpoint 'c:/Users/cleme/Desktop/POEI/Cours/Projet_Corner_detect/vivado_proj/6_TB_Gaussian_filter/tb_gaussian_projet.gen/sources_1/bd/design_1/ip/design_1_Conv_axis_vga_0_0/design_1_Conv_axis_vga_0_0.dcp' for cell 'design_1_i/Conv_axis_vga_0'
INFO: [Project 1-454] Reading design checkpoint 'c:/Users/cleme/Desktop/POEI/Cours/Projet_Corner_detect/vivado_proj/6_TB_Gaussian_filter/tb_gaussian_projet.gen/sources_1/bd/design_1/ip/design_1_Custom_CMD_PS_PL_v1_0_0_0/design_1_Custom_CMD_PS_PL_v1_0_0_0.dcp' for cell 'design_1_i/Custom_CMD_PS_PL_v1_0_0'
INFO: [Project 1-454] Reading design checkpoint 'c:/Users/cleme/Desktop/POEI/Cours/Projet_Corner_detect/vivado_proj/6_TB_Gaussian_filter/tb_gaussian_projet.gen/sources_1/bd/design_1/ip/design_1_DMA24bUnit_mm2s_0_0/design_1_DMA24bUnit_mm2s_0_0.dcp' for cell 'design_1_i/DMA24bUnit_mm2s_0'
INFO: [Project 1-454] Reading design checkpoint 'c:/Users/cleme/Desktop/POEI/Cours/Projet_Corner_detect/vivado_proj/6_TB_Gaussian_filter/tb_gaussian_projet.gen/sources_1/bd/design_1/ip/design_1_Gaussian_filter_0_0/design_1_Gaussian_filter_0_0.dcp' for cell 'design_1_i/Gaussian_filter_0'
INFO: [Project 1-454] Reading design checkpoint 'c:/Users/cleme/Desktop/POEI/Cours/Projet_Corner_detect/vivado_proj/6_TB_Gaussian_filter/tb_gaussian_projet.gen/sources_1/bd/design_1/ip/design_1_Switch_flux_0/design_1_Switch_flux_0.dcp' for cell 'design_1_i/Switch_flux1'
INFO: [Project 1-454] Reading design checkpoint 'c:/Users/cleme/Desktop/POEI/Cours/Projet_Corner_detect/vivado_proj/6_TB_Gaussian_filter/tb_gaussian_projet.gen/sources_1/bd/design_1/ip/design_1_Top_tpg_0_0/design_1_Top_tpg_0_0.dcp' for cell 'design_1_i/Top_tpg_0'
INFO: [Project 1-454] Reading design checkpoint 'c:/Users/cleme/Desktop/POEI/Cours/Projet_Corner_detect/vivado_proj/6_TB_Gaussian_filter/tb_gaussian_projet.gen/sources_1/bd/design_1/ip/design_1_grayscale_filter_0_1/design_1_grayscale_filter_0_1.dcp' for cell 'design_1_i/grayscale_filter_0'
INFO: [Project 1-454] Reading design checkpoint 'c:/Users/cleme/Desktop/POEI/Cours/Projet_Corner_detect/vivado_proj/6_TB_Gaussian_filter/tb_gaussian_projet.gen/sources_1/bd/design_1/ip/design_1_proc_sys_reset_0_0/design_1_proc_sys_reset_0_0.dcp' for cell 'design_1_i/proc_sys_reset_0'
INFO: [Project 1-454] Reading design checkpoint 'c:/Users/cleme/Desktop/POEI/Cours/Projet_Corner_detect/vivado_proj/6_TB_Gaussian_filter/tb_gaussian_projet.gen/sources_1/bd/design_1/ip/design_1_processing_system7_0_0/design_1_processing_system7_0_0.dcp' for cell 'design_1_i/processing_system7_0'
INFO: [Project 1-454] Reading design checkpoint 'c:/Users/cleme/Desktop/POEI/Cours/Projet_Corner_detect/vivado_proj/6_TB_Gaussian_filter/tb_gaussian_projet.gen/sources_1/bd/design_1/ip/design_1_xbar_0/design_1_xbar_0.dcp' for cell 'design_1_i/ps7_0_axi_periph/xbar'
INFO: [Project 1-454] Reading design checkpoint 'c:/Users/cleme/Desktop/POEI/Cours/Projet_Corner_detect/vivado_proj/6_TB_Gaussian_filter/tb_gaussian_projet.gen/sources_1/bd/design_1/ip/design_1_auto_ds_0/design_1_auto_ds_0.dcp' for cell 'design_1_i/ps7_0_axi_periph/m00_couplers/auto_ds'
INFO: [Project 1-454] Reading design checkpoint 'c:/Users/cleme/Desktop/POEI/Cours/Projet_Corner_detect/vivado_proj/6_TB_Gaussian_filter/tb_gaussian_projet.gen/sources_1/bd/design_1/ip/design_1_auto_pc_0/design_1_auto_pc_0.dcp' for cell 'design_1_i/ps7_0_axi_periph/m00_couplers/auto_pc'
INFO: [Project 1-454] Reading design checkpoint 'c:/Users/cleme/Desktop/POEI/Cours/Projet_Corner_detect/vivado_proj/6_TB_Gaussian_filter/tb_gaussian_projet.gen/sources_1/bd/design_1/ip/design_1_auto_ds_1/design_1_auto_ds_1.dcp' for cell 'design_1_i/ps7_0_axi_periph/m01_couplers/auto_ds'
INFO: [Project 1-454] Reading design checkpoint 'c:/Users/cleme/Desktop/POEI/Cours/Projet_Corner_detect/vivado_proj/6_TB_Gaussian_filter/tb_gaussian_projet.gen/sources_1/bd/design_1/ip/design_1_auto_pc_1/design_1_auto_pc_1.dcp' for cell 'design_1_i/ps7_0_axi_periph/m01_couplers/auto_pc'
INFO: [Project 1-454] Reading design checkpoint 'c:/Users/cleme/Desktop/POEI/Cours/Projet_Corner_detect/vivado_proj/6_TB_Gaussian_filter/tb_gaussian_projet.gen/sources_1/bd/design_1/ip/design_1_auto_pc_2/design_1_auto_pc_2.dcp' for cell 'design_1_i/ps7_0_axi_periph/s00_couplers/auto_pc'
INFO: [Project 1-454] Reading design checkpoint 'c:/Users/cleme/Desktop/POEI/Cours/Projet_Corner_detect/vivado_proj/6_TB_Gaussian_filter/tb_gaussian_projet.gen/sources_1/bd/design_1/ip/design_1_auto_us_0/design_1_auto_us_0.dcp' for cell 'design_1_i/ps7_0_axi_periph/s00_couplers/auto_us'
Netlist sorting complete. Time (s): cpu = 00:00:00 ; elapsed = 00:00:00.228 . Memory (MB): peak = 1144.680 ; gain = 0.000
INFO: [Netlist 29-17] Analyzing 2458 Unisim elements for replacement
INFO: [Netlist 29-28] Unisim Transformation completed in 0 CPU seconds
INFO: [Project 1-479] Netlist was created with Vivado 2020.2
INFO: [Project 1-570] Preparing netlist for logic optimization
Parsing XDC File [c:/Users/cleme/Desktop/POEI/Cours/Projet_Corner_detect/vivado_proj/6_TB_Gaussian_filter/tb_gaussian_projet.gen/sources_1/bd/design_1/ip/design_1_processing_system7_0_0/design_1_processing_system7_0_0.xdc] for cell 'design_1_i/processing_system7_0/inst'
Finished Parsing XDC File [c:/Users/cleme/Desktop/POEI/Cours/Projet_Corner_detect/vivado_proj/6_TB_Gaussian_filter/tb_gaussian_projet.gen/sources_1/bd/design_1/ip/design_1_processing_system7_0_0/design_1_processing_system7_0_0.xdc] for cell 'design_1_i/processing_system7_0/inst'
Parsing XDC File [c:/Users/cleme/Desktop/POEI/Cours/Projet_Corner_detect/vivado_proj/6_TB_Gaussian_filter/tb_gaussian_projet.gen/sources_1/bd/design_1/ip/design_1_proc_sys_reset_0_0/design_1_proc_sys_reset_0_0_board.xdc] for cell 'design_1_i/proc_sys_reset_0/U0'
Finished Parsing XDC File [c:/Users/cleme/Desktop/POEI/Cours/Projet_Corner_detect/vivado_proj/6_TB_Gaussian_filter/tb_gaussian_projet.gen/sources_1/bd/design_1/ip/design_1_proc_sys_reset_0_0/design_1_proc_sys_reset_0_0_board.xdc] for cell 'design_1_i/proc_sys_reset_0/U0'
Parsing XDC File [c:/Users/cleme/Desktop/POEI/Cours/Projet_Corner_detect/vivado_proj/6_TB_Gaussian_filter/tb_gaussian_projet.gen/sources_1/bd/design_1/ip/design_1_proc_sys_reset_0_0/design_1_proc_sys_reset_0_0.xdc] for cell 'design_1_i/proc_sys_reset_0/U0'
Finished Parsing XDC File [c:/Users/cleme/Desktop/POEI/Cours/Projet_Corner_detect/vivado_proj/6_TB_Gaussian_filter/tb_gaussian_projet.gen/sources_1/bd/design_1/ip/design_1_proc_sys_reset_0_0/design_1_proc_sys_reset_0_0.xdc] for cell 'design_1_i/proc_sys_reset_0/U0'
Parsing XDC File [c:/Users/cleme/Desktop/POEI/Cours/Projet_Corner_detect/vivado_proj/6_TB_Gaussian_filter/tb_gaussian_projet.gen/sources_1/bd/design_1/ip/design_1_Switch_flux_0/src/CoraZ7_XDC_Sel_flux.xdc] for cell 'design_1_i/Switch_flux1/U0'
Finished Parsing XDC File [c:/Users/cleme/Desktop/POEI/Cours/Projet_Corner_detect/vivado_proj/6_TB_Gaussian_filter/tb_gaussian_projet.gen/sources_1/bd/design_1/ip/design_1_Switch_flux_0/src/CoraZ7_XDC_Sel_flux.xdc] for cell 'design_1_i/Switch_flux1/U0'
Parsing XDC File [c:/Users/cleme/Desktop/POEI/Cours/Projet_Corner_detect/vivado_proj/6_TB_Gaussian_filter/tb_gaussian_projet.gen/sources_1/bd/design_1/ip/design_1_grayscale_filter_0_1/src/CoraZ7_specif.xdc] for cell 'design_1_i/grayscale_filter_0/U0'
Finished Parsing XDC File [c:/Users/cleme/Desktop/POEI/Cours/Projet_Corner_detect/vivado_proj/6_TB_Gaussian_filter/tb_gaussian_projet.gen/sources_1/bd/design_1/ip/design_1_grayscale_filter_0_1/src/CoraZ7_specif.xdc] for cell 'design_1_i/grayscale_filter_0/U0'
Parsing XDC File [C:/Users/cleme/Desktop/POEI/Cours/Projet_Corner_detect/vivado_proj/6_TB_Gaussian_filter/tb_gaussian_projet.srcs/constrs_1/new/Cora7Z_TB_PilEc.xdc]
Finished Parsing XDC File [C:/Users/cleme/Desktop/POEI/Cours/Projet_Corner_detect/vivado_proj/6_TB_Gaussian_filter/tb_gaussian_projet.srcs/constrs_1/new/Cora7Z_TB_PilEc.xdc]
Parsing XDC File [c:/Users/cleme/Desktop/POEI/Cours/Projet_Corner_detect/vivado_proj/6_TB_Gaussian_filter/tb_gaussian_projet.gen/sources_1/bd/design_1/ip/design_1_auto_us_0/design_1_auto_us_0_clocks.xdc] for cell 'design_1_i/ps7_0_axi_periph/s00_couplers/auto_us/inst'
Finished Parsing XDC File [c:/Users/cleme/Desktop/POEI/Cours/Projet_Corner_detect/vivado_proj/6_TB_Gaussian_filter/tb_gaussian_projet.gen/sources_1/bd/design_1/ip/design_1_auto_us_0/design_1_auto_us_0_clocks.xdc] for cell 'design_1_i/ps7_0_axi_periph/s00_couplers/auto_us/inst'
Parsing XDC File [c:/Users/cleme/Desktop/POEI/Cours/Projet_Corner_detect/vivado_proj/6_TB_Gaussian_filter/tb_gaussian_projet.gen/sources_1/bd/design_1/ip/design_1_auto_ds_0/design_1_auto_ds_0_clocks.xdc] for cell 'design_1_i/ps7_0_axi_periph/m00_couplers/auto_ds/inst'
Finished Parsing XDC File [c:/Users/cleme/Desktop/POEI/Cours/Projet_Corner_detect/vivado_proj/6_TB_Gaussian_filter/tb_gaussian_projet.gen/sources_1/bd/design_1/ip/design_1_auto_ds_0/design_1_auto_ds_0_clocks.xdc] for cell 'design_1_i/ps7_0_axi_periph/m00_couplers/auto_ds/inst'
Parsing XDC File [c:/Users/cleme/Desktop/POEI/Cours/Projet_Corner_detect/vivado_proj/6_TB_Gaussian_filter/tb_gaussian_projet.gen/sources_1/bd/design_1/ip/design_1_auto_ds_1/design_1_auto_ds_1_clocks.xdc] for cell 'design_1_i/ps7_0_axi_periph/m01_couplers/auto_ds/inst'
Finished Parsing XDC File [c:/Users/cleme/Desktop/POEI/Cours/Projet_Corner_detect/vivado_proj/6_TB_Gaussian_filter/tb_gaussian_projet.gen/sources_1/bd/design_1/ip/design_1_auto_ds_1/design_1_auto_ds_1_clocks.xdc] for cell 'design_1_i/ps7_0_axi_periph/m01_couplers/auto_ds/inst'
INFO: [Project 1-1715] 1 XPM XDC files have been applied to the design.
INFO: [Opt 31-138] Pushed 0 inverter(s) to 0 load pin(s).
Netlist sorting complete. Time (s): cpu = 00:00:00 ; elapsed = 00:00:00.005 . Memory (MB): peak = 1156.539 ; gain = 0.000
INFO: [Project 1-111] Unisim Transformation Summary:
  A total of 28 instances were transformed.
  RAM32M => RAM32M (RAMD32(x6), RAMS32(x2)): 27 instances
  RAM32X1D => RAM32X1D (RAMD32(x2)): 1 instance 

27 Infos, 1 Warnings, 0 Critical Warnings and 0 Errors encountered.
link_design completed successfully
link_design: Time (s): cpu = 00:00:09 ; elapsed = 00:00:13 . Memory (MB): peak = 1156.539 ; gain = 11.859
Command: opt_design
Attempting to get a license for feature 'Implementation' and/or device 'xc7z010'
INFO: [Common 17-349] Got license for feature 'Implementation' and/or device 'xc7z010'
Running DRC as a precondition to command opt_design

Starting DRC Task
INFO: [DRC 23-27] Running DRC with 2 threads
INFO: [Project 1-461] DRC finished with 0 Errors
INFO: [Project 1-462] Please refer to the DRC report (report_drc) for more information.

Time (s): cpu = 00:00:01 ; elapsed = 00:00:00.584 . Memory (MB): peak = 1184.637 ; gain = 28.098

Starting Cache Timing Information Task
INFO: [Timing 38-35] Done setting XDC timing constraints.
Ending Cache Timing Information Task | Checksum: 18a083397

Time (s): cpu = 00:00:05 ; elapsed = 00:00:05 . Memory (MB): peak = 1709.605 ; gain = 524.969

Starting Logic Optimization Task

Phase 1 Retarget
INFO: [Opt 31-138] Pushed 0 inverter(s) to 0 load pin(s).
INFO: [Opt 31-49] Retargeted 0 cell(s).
Phase 1 Retarget | Checksum: c1a13ec1

Time (s): cpu = 00:00:01 ; elapsed = 00:00:00.731 . Memory (MB): peak = 1923.379 ; gain = 0.141
INFO: [Opt 31-389] Phase Retarget created 434 cells and removed 500 cells
INFO: [Opt 31-1021] In phase Retarget, 80 netlist objects are constrained preventing optimization. Please run opt_design with -debug_log to get more detail. 

Phase 2 Constant propagation
INFO: [Opt 31-138] Pushed 3 inverter(s) to 10 load pin(s).
Phase 2 Constant propagation | Checksum: 1912b2ca8

Time (s): cpu = 00:00:01 ; elapsed = 00:00:01 . Memory (MB): peak = 1923.379 ; gain = 0.141
INFO: [Opt 31-389] Phase Constant propagation created 365 cells and removed 781 cells
INFO: [Opt 31-1021] In phase Constant propagation, 80 netlist objects are constrained preventing optimization. Please run opt_design with -debug_log to get more detail. 

Phase 3 Sweep
Phase 3 Sweep | Checksum: f920f52a

Time (s): cpu = 00:00:02 ; elapsed = 00:00:01 . Memory (MB): peak = 1923.379 ; gain = 0.141
INFO: [Opt 31-389] Phase Sweep created 0 cells and removed 1208 cells
INFO: [Opt 31-1021] In phase Sweep, 320 netlist objects are constrained preventing optimization. Please run opt_design with -debug_log to get more detail. 

Phase 4 BUFG optimization
Phase 4 BUFG optimization | Checksum: f920f52a

Time (s): cpu = 00:00:02 ; elapsed = 00:00:02 . Memory (MB): peak = 1923.379 ; gain = 0.141
INFO: [Opt 31-662] Phase BUFG optimization created 0 cells of which 0 are BUFGs and removed 0 cells.

Phase 5 Shift Register Optimization
INFO: [Opt 31-1064] SRL Remap converted 0 SRLs to 0 registers and converted 0 registers of register chains to 0 SRLs
Phase 5 Shift Register Optimization | Checksum: f920f52a

Time (s): cpu = 00:00:02 ; elapsed = 00:00:02 . Memory (MB): peak = 1923.379 ; gain = 0.141
INFO: [Opt 31-389] Phase Shift Register Optimization created 0 cells and removed 0 cells

Phase 6 Post Processing Netlist
Phase 6 Post Processing Netlist | Checksum: f920f52a

Time (s): cpu = 00:00:02 ; elapsed = 00:00:02 . Memory (MB): peak = 1923.379 ; gain = 0.141
INFO: [Opt 31-389] Phase Post Processing Netlist created 0 cells and removed 0 cells
INFO: [Opt 31-1021] In phase Post Processing Netlist, 110 netlist objects are constrained preventing optimization. Please run opt_design with -debug_log to get more detail. 
Opt_design Change Summary
=========================


-------------------------------------------------------------------------------------------------------------------------
|  Phase                        |  #Cells created  |  #Cells Removed  |  #Constrained objects preventing optimizations  |
-------------------------------------------------------------------------------------------------------------------------
|  Retarget                     |             434  |             500  |                                             80  |
|  Constant propagation         |             365  |             781  |                                             80  |
|  Sweep                        |               0  |            1208  |                                            320  |
|  BUFG optimization            |               0  |               0  |                                              0  |
|  Shift Register Optimization  |               0  |               0  |                                              0  |
|  Post Processing Netlist      |               0  |               0  |                                            110  |
-------------------------------------------------------------------------------------------------------------------------



Starting Connectivity Check Task

Time (s): cpu = 00:00:00 ; elapsed = 00:00:00.025 . Memory (MB): peak = 1923.379 ; gain = 0.000
Ending Logic Optimization Task | Checksum: 1a9dbf2ca

Time (s): cpu = 00:00:02 ; elapsed = 00:00:02 . Memory (MB): peak = 1923.379 ; gain = 0.141

Starting Power Optimization Task
INFO: [Pwropt 34-132] Skipping clock gating for clocks with a period < 2.00 ns.
INFO: [Pwropt 34-9] Applying IDT optimizations ...
INFO: [Pwropt 34-10] Applying ODC optimizations ...
INFO: [Timing 38-35] Done setting XDC timing constraints.
Running Vector-less Activity Propagation...

Finished Running Vector-less Activity Propagation


Starting PowerOpt Patch Enables Task
INFO: [Pwropt 34-162] WRITE_MODE attribute of 0 BRAM(s) out of a total of 6 has been updated to save power. Run report_power_opt to get a complete listing of the BRAMs updated.
INFO: [Pwropt 34-201] Structural ODC has moved 0 WE to EN ports
Number of BRAM Ports augmented: 0 newly gated: 2 Total Ports: 12
Ending PowerOpt Patch Enables Task | Checksum: 1874aeffc

Time (s): cpu = 00:00:00 ; elapsed = 00:00:00.068 . Memory (MB): peak = 2084.062 ; gain = 0.000
Ending Power Optimization Task | Checksum: 1874aeffc

Time (s): cpu = 00:00:04 ; elapsed = 00:00:03 . Memory (MB): peak = 2084.062 ; gain = 160.684

Starting Final Cleanup Task
Ending Final Cleanup Task | Checksum: 1874aeffc

Time (s): cpu = 00:00:00 ; elapsed = 00:00:00 . Memory (MB): peak = 2084.062 ; gain = 0.000

Starting Netlist Obfuscation Task
Netlist sorting complete. Time (s): cpu = 00:00:00 ; elapsed = 00:00:00.004 . Memory (MB): peak = 2084.062 ; gain = 0.000
Ending Netlist Obfuscation Task | Checksum: 16bbb4ab9

Time (s): cpu = 00:00:00 ; elapsed = 00:00:00.004 . Memory (MB): peak = 2084.062 ; gain = 0.000
INFO: [Common 17-83] Releasing license: Implementation
53 Infos, 1 Warnings, 0 Critical Warnings and 0 Errors encountered.
opt_design completed successfully
opt_design: Time (s): cpu = 00:00:13 ; elapsed = 00:00:11 . Memory (MB): peak = 2084.062 ; gain = 927.523
INFO: [Timing 38-480] Writing timing data to binary archive.
Writing placer database...
Writing XDEF routing.
Writing XDEF routing logical nets.
Writing XDEF routing special nets.
Write XDEF Complete: Time (s): cpu = 00:00:01 ; elapsed = 00:00:00.039 . Memory (MB): peak = 2084.062 ; gain = 0.000
INFO: [Common 17-1381] The checkpoint 'C:/Users/cleme/Desktop/POEI/Cours/Projet_Corner_detect/vivado_proj/6_TB_Gaussian_filter/tb_gaussian_projet.runs/impl_1/design_1_wrapper_opt.dcp' has been generated.
INFO: [runtcl-4] Executing : report_drc -file design_1_wrapper_drc_opted.rpt -pb design_1_wrapper_drc_opted.pb -rpx design_1_wrapper_drc_opted.rpx
Command: report_drc -file design_1_wrapper_drc_opted.rpt -pb design_1_wrapper_drc_opted.pb -rpx design_1_wrapper_drc_opted.rpx
INFO: [IP_Flow 19-1839] IP Catalog is up to date.
INFO: [Timing 38-35] Done setting XDC timing constraints.
INFO: [DRC 23-27] Running DRC with 2 threads
INFO: [Coretcl 2-168] The results of DRC are in file C:/Users/cleme/Desktop/POEI/Cours/Projet_Corner_detect/vivado_proj/6_TB_Gaussian_filter/tb_gaussian_projet.runs/impl_1/design_1_wrapper_drc_opted.rpt.
report_drc completed successfully
Command: place_design
Attempting to get a license for feature 'Implementation' and/or device 'xc7z010'
INFO: [Common 17-349] Got license for feature 'Implementation' and/or device 'xc7z010'
INFO: [DRC 23-27] Running DRC with 2 threads
INFO: [Vivado_Tcl 4-198] DRC finished with 0 Errors
INFO: [Vivado_Tcl 4-199] Please refer to the DRC report (report_drc) for more information.
Running DRC as a precondition to command place_design
INFO: [DRC 23-27] Running DRC with 2 threads
INFO: [Vivado_Tcl 4-198] DRC finished with 0 Errors
INFO: [Vivado_Tcl 4-199] Please refer to the DRC report (report_drc) for more information.

Starting Placer Task
INFO: [Place 30-611] Multithreading enabled for place_design using a maximum of 2 CPUs

Phase 1 Placer Initialization

Phase 1.1 Placer Initialization Netlist Sorting
Netlist sorting complete. Time (s): cpu = 00:00:00 ; elapsed = 00:00:00.004 . Memory (MB): peak = 2084.062 ; gain = 0.000
Phase 1.1 Placer Initialization Netlist Sorting | Checksum: 123003d79

Time (s): cpu = 00:00:00 ; elapsed = 00:00:00.015 . Memory (MB): peak = 2084.062 ; gain = 0.000
Netlist sorting complete. Time (s): cpu = 00:00:00 ; elapsed = 00:00:00.004 . Memory (MB): peak = 2084.062 ; gain = 0.000

Phase 1.2 IO Placement/ Clock Placement/ Build Placer Device
Phase 1.2 IO Placement/ Clock Placement/ Build Placer Device | Checksum: 1d3c55d40

Time (s): cpu = 00:00:01 ; elapsed = 00:00:00.815 . Memory (MB): peak = 2084.062 ; gain = 0.000

Phase 1.3 Build Placer Netlist Model
Phase 1.3 Build Placer Netlist Model | Checksum: 1bb078f94

Time (s): cpu = 00:00:03 ; elapsed = 00:00:03 . Memory (MB): peak = 2084.062 ; gain = 0.000

Phase 1.4 Constrain Clocks/Macros
Phase 1.4 Constrain Clocks/Macros | Checksum: 1bb078f94

Time (s): cpu = 00:00:03 ; elapsed = 00:00:03 . Memory (MB): peak = 2084.062 ; gain = 0.000
Phase 1 Placer Initialization | Checksum: 1bb078f94

Time (s): cpu = 00:00:03 ; elapsed = 00:00:03 . Memory (MB): peak = 2084.062 ; gain = 0.000

Phase 2 Global Placement

Phase 2.1 Floorplanning
Phase 2.1 Floorplanning | Checksum: 13c1cb629

Time (s): cpu = 00:00:04 ; elapsed = 00:00:04 . Memory (MB): peak = 2084.062 ; gain = 0.000

Phase 2.2 Update Timing before SLR Path Opt
Phase 2.2 Update Timing before SLR Path Opt | Checksum: 1c8b00987

Time (s): cpu = 00:00:05 ; elapsed = 00:00:04 . Memory (MB): peak = 2084.062 ; gain = 0.000

Phase 2.3 Global Placement Core

Phase 2.3.1 Physical Synthesis In Placer
INFO: [Physopt 32-1035] Found 0 LUTNM shape to break, 1064 LUT instances to create LUTNM shape
INFO: [Physopt 32-1044] Break lutnm for timing: one critical 0, two critical 0, total 0, new lutff created 0
INFO: [Physopt 32-775] End 1 Pass. Optimized 488 nets or cells. Created 0 new cell, deleted 488 existing cells and moved 0 existing cell
INFO: [Physopt 32-65] No nets found for high-fanout optimization.
INFO: [Physopt 32-232] Optimized 0 net. Created 0 new instance.
INFO: [Physopt 32-775] End 1 Pass. Optimized 0 net or cell. Created 0 new cell, deleted 0 existing cell and moved 0 existing cell
INFO: [Physopt 32-670] No setup violation found.  DSP Register Optimization was not performed.
INFO: [Physopt 32-670] No setup violation found.  Shift Register to Pipeline Optimization was not performed.
INFO: [Physopt 32-670] No setup violation found.  Shift Register Optimization was not performed.
INFO: [Physopt 32-670] No setup violation found.  BRAM Register Optimization was not performed.
INFO: [Physopt 32-670] No setup violation found.  URAM Register Optimization was not performed.
INFO: [Physopt 32-949] No candidate nets found for dynamic/static region interface net replication
INFO: [Physopt 32-775] End 1 Pass. Optimized 0 net or cell. Created 0 new cell, deleted 0 existing cell and moved 0 existing cell
Netlist sorting complete. Time (s): cpu = 00:00:00 ; elapsed = 00:00:00.005 . Memory (MB): peak = 2084.062 ; gain = 0.000

Summary of Physical Synthesis Optimizations
============================================


-----------------------------------------------------------------------------------------------------------------------------------------------------------
|  Optimization                                     |  Added Cells  |  Removed Cells  |  Optimized Cells/Nets  |  Dont Touch  |  Iterations  |  Elapsed   |
-----------------------------------------------------------------------------------------------------------------------------------------------------------
|  LUT Combining                                    |            0  |            488  |                   488  |           0  |           1  |  00:00:01  |
|  Very High Fanout                                 |            0  |              0  |                     0  |           0  |           1  |  00:00:00  |
|  DSP Register                                     |            0  |              0  |                     0  |           0  |           0  |  00:00:00  |
|  Shift Register to Pipeline                       |            0  |              0  |                     0  |           0  |           0  |  00:00:00  |
|  Shift Register                                   |            0  |              0  |                     0  |           0  |           0  |  00:00:00  |
|  BRAM Register                                    |            0  |              0  |                     0  |           0  |           0  |  00:00:00  |
|  URAM Register                                    |            0  |              0  |                     0  |           0  |           0  |  00:00:00  |
|  Dynamic/Static Region Interface Net Replication  |            0  |              0  |                     0  |           0  |           1  |  00:00:00  |
|  Total                                            |            0  |            488  |                   488  |           0  |           3  |  00:00:01  |
-----------------------------------------------------------------------------------------------------------------------------------------------------------


Phase 2.3.1 Physical Synthesis In Placer | Checksum: 16de789c8

Time (s): cpu = 00:00:17 ; elapsed = 00:00:13 . Memory (MB): peak = 2084.062 ; gain = 0.000
Phase 2.3 Global Placement Core | Checksum: ddd1fde7

Time (s): cpu = 00:00:18 ; elapsed = 00:00:13 . Memory (MB): peak = 2084.062 ; gain = 0.000
Phase 2 Global Placement | Checksum: ddd1fde7

Time (s): cpu = 00:00:18 ; elapsed = 00:00:14 . Memory (MB): peak = 2084.062 ; gain = 0.000

Phase 3 Detail Placement

Phase 3.1 Commit Multi Column Macros
Phase 3.1 Commit Multi Column Macros | Checksum: 18e2be345

Time (s): cpu = 00:00:19 ; elapsed = 00:00:14 . Memory (MB): peak = 2084.062 ; gain = 0.000

Phase 3.2 Commit Most Macros & LUTRAMs
Phase 3.2 Commit Most Macros & LUTRAMs | Checksum: 162517efd

Time (s): cpu = 00:00:20 ; elapsed = 00:00:16 . Memory (MB): peak = 2084.062 ; gain = 0.000

Phase 3.3 Area Swap Optimization
Phase 3.3 Area Swap Optimization | Checksum: 1ec286630

Time (s): cpu = 00:00:21 ; elapsed = 00:00:16 . Memory (MB): peak = 2084.062 ; gain = 0.000

Phase 3.4 Pipeline Register Optimization
Phase 3.4 Pipeline Register Optimization | Checksum: 19cddb948

Time (s): cpu = 00:00:21 ; elapsed = 00:00:16 . Memory (MB): peak = 2084.062 ; gain = 0.000

Phase 3.5 Small Shape Detail Placement
Phase 3.5 Small Shape Detail Placement | Checksum: 1af8ddbd7

Time (s): cpu = 00:00:25 ; elapsed = 00:00:22 . Memory (MB): peak = 2084.062 ; gain = 0.000

Phase 3.6 Re-assign LUT pins
Phase 3.6 Re-assign LUT pins | Checksum: 2243b8cd7

Time (s): cpu = 00:00:26 ; elapsed = 00:00:23 . Memory (MB): peak = 2084.062 ; gain = 0.000

Phase 3.7 Pipeline Register Optimization
Phase 3.7 Pipeline Register Optimization | Checksum: 12e4deb4d

Time (s): cpu = 00:00:26 ; elapsed = 00:00:23 . Memory (MB): peak = 2084.062 ; gain = 0.000
Phase 3 Detail Placement | Checksum: 12e4deb4d

Time (s): cpu = 00:00:26 ; elapsed = 00:00:23 . Memory (MB): peak = 2084.062 ; gain = 0.000

Phase 4 Post Placement Optimization and Clean-Up

Phase 4.1 Post Commit Optimization
INFO: [Timing 38-35] Done setting XDC timing constraints.

Phase 4.1.1 Post Placement Optimization
Post Placement Optimization Initialization | Checksum: 230e6d0f7

Phase 4.1.1.1 BUFG Insertion

Starting Physical Synthesis Task

Phase 1 Physical Synthesis Initialization
INFO: [Physopt 32-721] Multithreading enabled for phys_opt_design using a maximum of 2 CPUs
INFO: [Physopt 32-619] Estimated Timing Summary | WNS=11.791 | TNS=0.000 |
Phase 1 Physical Synthesis Initialization | Checksum: 19f9505d5

Time (s): cpu = 00:00:01 ; elapsed = 00:00:00.531 . Memory (MB): peak = 2084.062 ; gain = 0.000
INFO: [Place 46-33] Processed net design_1_i/Gaussian_filter_0/U0/S_axis_Tready_in_reg_i_2_n_0, BUFG insertion was skipped due to placement/routing conflicts.
INFO: [Place 46-56] BUFG insertion identified 1 candidate nets. Inserted BUFG: 0, Replicated BUFG Driver: 0, Skipped due to Placement/Routing Conflicts: 1, Skipped due to Timing Degradation: 0, Skipped due to Illegal Netlist: 0.
Ending Physical Synthesis Task | Checksum: 19ea4bd75

Time (s): cpu = 00:00:01 ; elapsed = 00:00:00.875 . Memory (MB): peak = 2084.062 ; gain = 0.000
Phase 4.1.1.1 BUFG Insertion | Checksum: 230e6d0f7

Time (s): cpu = 00:00:30 ; elapsed = 00:00:27 . Memory (MB): peak = 2084.062 ; gain = 0.000
INFO: [Place 30-746] Post Placement Timing Summary WNS=11.791. For the most accurate timing information please run report_timing.

Time (s): cpu = 00:00:30 ; elapsed = 00:00:27 . Memory (MB): peak = 2084.062 ; gain = 0.000
Phase 4.1 Post Commit Optimization | Checksum: 17e98855b

Time (s): cpu = 00:00:31 ; elapsed = 00:00:27 . Memory (MB): peak = 2084.062 ; gain = 0.000

Phase 4.2 Post Placement Cleanup
Phase 4.2 Post Placement Cleanup | Checksum: 17e98855b

Time (s): cpu = 00:00:31 ; elapsed = 00:00:27 . Memory (MB): peak = 2084.062 ; gain = 0.000

Phase 4.3 Placer Reporting

Phase 4.3.1 Print Estimated Congestion
INFO: [Place 30-612] Post-Placement Estimated Congestion 
 ____________________________________________________
|           | Global Congestion | Short Congestion  |
| Direction | Region Size       | Region Size       |
|___________|___________________|___________________|
|      North|                1x1|                8x8|
|___________|___________________|___________________|
|      South|                2x2|                4x4|
|___________|___________________|___________________|
|       East|                1x1|                2x2|
|___________|___________________|___________________|
|       West|                1x1|                2x2|
|___________|___________________|___________________|

Phase 4.3.1 Print Estimated Congestion | Checksum: 17e98855b

Time (s): cpu = 00:00:31 ; elapsed = 00:00:27 . Memory (MB): peak = 2084.062 ; gain = 0.000
Phase 4.3 Placer Reporting | Checksum: 17e98855b

Time (s): cpu = 00:00:31 ; elapsed = 00:00:27 . Memory (MB): peak = 2084.062 ; gain = 0.000

Phase 4.4 Final Placement Cleanup
Netlist sorting complete. Time (s): cpu = 00:00:00 ; elapsed = 00:00:00.022 . Memory (MB): peak = 2084.062 ; gain = 0.000

Time (s): cpu = 00:00:31 ; elapsed = 00:00:27 . Memory (MB): peak = 2084.062 ; gain = 0.000
Phase 4 Post Placement Optimization and Clean-Up | Checksum: 1df1dac18

Time (s): cpu = 00:00:31 ; elapsed = 00:00:27 . Memory (MB): peak = 2084.062 ; gain = 0.000
Ending Placer Task | Checksum: 1b66ed6f2

Time (s): cpu = 00:00:31 ; elapsed = 00:00:27 . Memory (MB): peak = 2084.062 ; gain = 0.000
INFO: [Common 17-83] Releasing license: Implementation
89 Infos, 1 Warnings, 0 Critical Warnings and 0 Errors encountered.
place_design completed successfully
place_design: Time (s): cpu = 00:00:33 ; elapsed = 00:00:28 . Memory (MB): peak = 2084.062 ; gain = 0.000
INFO: [Timing 38-480] Writing timing data to binary archive.
Writing placer database...
Writing XDEF routing.
Writing XDEF routing logical nets.
Writing XDEF routing special nets.
Write XDEF Complete: Time (s): cpu = 00:00:03 ; elapsed = 00:00:01 . Memory (MB): peak = 2084.062 ; gain = 0.000
INFO: [Common 17-1381] The checkpoint 'C:/Users/cleme/Desktop/POEI/Cours/Projet_Corner_detect/vivado_proj/6_TB_Gaussian_filter/tb_gaussian_projet.runs/impl_1/design_1_wrapper_placed.dcp' has been generated.
INFO: [runtcl-4] Executing : report_io -file design_1_wrapper_io_placed.rpt
report_io: Time (s): cpu = 00:00:00 ; elapsed = 00:00:00.028 . Memory (MB): peak = 2084.062 ; gain = 0.000
INFO: [runtcl-4] Executing : report_utilization -file design_1_wrapper_utilization_placed.rpt -pb design_1_wrapper_utilization_placed.pb
INFO: [runtcl-4] Executing : report_control_sets -verbose -file design_1_wrapper_control_sets_placed.rpt
report_control_sets: Time (s): cpu = 00:00:00 ; elapsed = 00:00:00.058 . Memory (MB): peak = 2084.062 ; gain = 0.000
Command: phys_opt_design
Attempting to get a license for feature 'Implementation' and/or device 'xc7z010'
INFO: [Common 17-349] Got license for feature 'Implementation' and/or device 'xc7z010'
INFO: [Vivado_Tcl 4-383] Design worst setup slack (WNS) is greater than or equal to 0.000 ns. Skipping all physical synthesis optimizations.
INFO: [Vivado_Tcl 4-232] No setup violation found. The netlist was not modified.
INFO: [Common 17-83] Releasing license: Implementation
98 Infos, 1 Warnings, 0 Critical Warnings and 0 Errors encountered.
phys_opt_design completed successfully
INFO: [Timing 38-480] Writing timing data to binary archive.
Writing placer database...
Writing XDEF routing.
Writing XDEF routing logical nets.
Writing XDEF routing special nets.
Write XDEF Complete: Time (s): cpu = 00:00:02 ; elapsed = 00:00:01 . Memory (MB): peak = 2095.301 ; gain = 11.238
INFO: [Common 17-1381] The checkpoint 'C:/Users/cleme/Desktop/POEI/Cours/Projet_Corner_detect/vivado_proj/6_TB_Gaussian_filter/tb_gaussian_projet.runs/impl_1/design_1_wrapper_physopt.dcp' has been generated.
Command: route_design
Attempting to get a license for feature 'Implementation' and/or device 'xc7z010'
INFO: [Common 17-349] Got license for feature 'Implementation' and/or device 'xc7z010'
Running DRC as a precondition to command route_design
INFO: [DRC 23-27] Running DRC with 2 threads
INFO: [Vivado_Tcl 4-198] DRC finished with 0 Errors
INFO: [Vivado_Tcl 4-199] Please refer to the DRC report (report_drc) for more information.


Starting Routing Task
INFO: [Route 35-254] Multithreading enabled for route_design using a maximum of 2 CPUs
Checksum: PlaceDB: da0cd862 ConstDB: 0 ShapeSum: dc61fe90 RouteDB: 0

Phase 1 Build RT Design
Phase 1 Build RT Design | Checksum: a3417f23

Time (s): cpu = 00:00:07 ; elapsed = 00:00:06 . Memory (MB): peak = 2125.906 ; gain = 18.406
Post Restoration Checksum: NetGraph: 5b571ba4 NumContArr: 47ea637f Constraints: 0 Timing: 0

Phase 2 Router Initialization

Phase 2.1 Create Timer
Phase 2.1 Create Timer | Checksum: a3417f23

Time (s): cpu = 00:00:07 ; elapsed = 00:00:06 . Memory (MB): peak = 2125.906 ; gain = 18.406

Phase 2.2 Fix Topology Constraints
Phase 2.2 Fix Topology Constraints | Checksum: a3417f23

Time (s): cpu = 00:00:07 ; elapsed = 00:00:06 . Memory (MB): peak = 2132.023 ; gain = 24.523

Phase 2.3 Pre Route Cleanup
Phase 2.3 Pre Route Cleanup | Checksum: a3417f23

Time (s): cpu = 00:00:07 ; elapsed = 00:00:06 . Memory (MB): peak = 2132.023 ; gain = 24.523
 Number of Nodes with overlaps = 0

Phase 2.4 Update Timing
Phase 2.4 Update Timing | Checksum: 1cebe3b09

Time (s): cpu = 00:00:12 ; elapsed = 00:00:10 . Memory (MB): peak = 2154.555 ; gain = 47.055
INFO: [Route 35-416] Intermediate Timing Summary | WNS=12.084 | TNS=0.000  | WHS=-0.239 | THS=-140.452|

Phase 2 Router Initialization | Checksum: 1a57c94ff

Time (s): cpu = 00:00:16 ; elapsed = 00:00:12 . Memory (MB): peak = 2197.336 ; gain = 89.836

Router Utilization Summary
  Global Vertical Routing Utilization    = 0.00098536 %
  Global Horizontal Routing Utilization  = 0.00735294 %
  Routable Net Status*
  *Does not include unroutable nets such as driverless and loadless.
  Run report_route_status for detailed report.
  Number of Failed Nets               = 25291
    (Failed Nets is the sum of unrouted and partially routed nets)
  Number of Unrouted Nets             = 25290
  Number of Partially Routed Nets     = 1
  Number of Node Overlaps             = 0


Phase 3 Initial Routing

Phase 3.1 Global Routing
Phase 3.1 Global Routing | Checksum: 1a57c94ff

Time (s): cpu = 00:00:16 ; elapsed = 00:00:12 . Memory (MB): peak = 2197.336 ; gain = 89.836
Phase 3 Initial Routing | Checksum: 10283602c

Time (s): cpu = 00:00:19 ; elapsed = 00:00:14 . Memory (MB): peak = 2212.418 ; gain = 104.918

Phase 4 Rip-up And Reroute

Phase 4.1 Global Iteration 0
 Number of Nodes with overlaps = 3358
 Number of Nodes with overlaps = 288
 Number of Nodes with overlaps = 58
 Number of Nodes with overlaps = 17
 Number of Nodes with overlaps = 2
 Number of Nodes with overlaps = 0
INFO: [Route 35-416] Intermediate Timing Summary | WNS=11.131 | TNS=0.000  | WHS=N/A    | THS=N/A    |

Phase 4.1 Global Iteration 0 | Checksum: 150132837

Time (s): cpu = 00:00:34 ; elapsed = 00:00:26 . Memory (MB): peak = 2212.418 ; gain = 104.918

Phase 4.2 Global Iteration 1
 Number of Nodes with overlaps = 20
 Number of Nodes with overlaps = 9
 Number of Nodes with overlaps = 1
 Number of Nodes with overlaps = 0
INFO: [Route 35-416] Intermediate Timing Summary | WNS=11.100 | TNS=0.000  | WHS=N/A    | THS=N/A    |

Phase 4.2 Global Iteration 1 | Checksum: 1fadd98b8

Time (s): cpu = 00:00:35 ; elapsed = 00:00:27 . Memory (MB): peak = 2212.418 ; gain = 104.918
Phase 4 Rip-up And Reroute | Checksum: 1fadd98b8

Time (s): cpu = 00:00:35 ; elapsed = 00:00:27 . Memory (MB): peak = 2212.418 ; gain = 104.918

Phase 5 Delay and Skew Optimization

Phase 5.1 Delay CleanUp
Phase 5.1 Delay CleanUp | Checksum: 1fadd98b8

Time (s): cpu = 00:00:35 ; elapsed = 00:00:27 . Memory (MB): peak = 2212.418 ; gain = 104.918

Phase 5.2 Clock Skew Optimization
Phase 5.2 Clock Skew Optimization | Checksum: 1fadd98b8

Time (s): cpu = 00:00:35 ; elapsed = 00:00:27 . Memory (MB): peak = 2212.418 ; gain = 104.918
Phase 5 Delay and Skew Optimization | Checksum: 1fadd98b8

Time (s): cpu = 00:00:35 ; elapsed = 00:00:27 . Memory (MB): peak = 2212.418 ; gain = 104.918

Phase 6 Post Hold Fix

Phase 6.1 Hold Fix Iter

Phase 6.1.1 Update Timing
Phase 6.1.1 Update Timing | Checksum: 14599d0b2

Time (s): cpu = 00:00:37 ; elapsed = 00:00:28 . Memory (MB): peak = 2212.418 ; gain = 104.918
INFO: [Route 35-416] Intermediate Timing Summary | WNS=11.215 | TNS=0.000  | WHS=0.021  | THS=0.000  |

Phase 6.1 Hold Fix Iter | Checksum: 191e88f11

Time (s): cpu = 00:00:37 ; elapsed = 00:00:28 . Memory (MB): peak = 2212.418 ; gain = 104.918
Phase 6 Post Hold Fix | Checksum: 191e88f11

Time (s): cpu = 00:00:37 ; elapsed = 00:00:29 . Memory (MB): peak = 2212.418 ; gain = 104.918

Phase 7 Route finalize

Router Utilization Summary
  Global Vertical Routing Utilization    = 17.4787 %
  Global Horizontal Routing Utilization  = 23.0427 %
  Routable Net Status*
  *Does not include unroutable nets such as driverless and loadless.
  Run report_route_status for detailed report.
  Number of Failed Nets               = 0
    (Failed Nets is the sum of unrouted and partially routed nets)
  Number of Unrouted Nets             = 0
  Number of Partially Routed Nets     = 0
  Number of Node Overlaps             = 0

Phase 7 Route finalize | Checksum: 1bdc73ee0

Time (s): cpu = 00:00:37 ; elapsed = 00:00:29 . Memory (MB): peak = 2212.418 ; gain = 104.918

Phase 8 Verifying routed nets

 Verification completed successfully
Phase 8 Verifying routed nets | Checksum: 1bdc73ee0

Time (s): cpu = 00:00:37 ; elapsed = 00:00:29 . Memory (MB): peak = 2212.418 ; gain = 104.918

Phase 9 Depositing Routes
Phase 9 Depositing Routes | Checksum: 1a4aae2b9

Time (s): cpu = 00:00:38 ; elapsed = 00:00:30 . Memory (MB): peak = 2212.418 ; gain = 104.918

Phase 10 Post Router Timing
INFO: [Route 35-57] Estimated Timing Summary | WNS=11.215 | TNS=0.000  | WHS=0.021  | THS=0.000  |

INFO: [Route 35-327] The final timing numbers are based on the router estimated timing analysis. For a complete and accurate timing signoff, please run report_timing_summary.
Phase 10 Post Router Timing | Checksum: 1a4aae2b9

Time (s): cpu = 00:00:38 ; elapsed = 00:00:31 . Memory (MB): peak = 2212.418 ; gain = 104.918
INFO: [Route 35-16] Router Completed Successfully

Time (s): cpu = 00:00:38 ; elapsed = 00:00:31 . Memory (MB): peak = 2212.418 ; gain = 104.918

Routing Is Done.
INFO: [Common 17-83] Releasing license: Implementation
113 Infos, 1 Warnings, 0 Critical Warnings and 0 Errors encountered.
route_design completed successfully
route_design: Time (s): cpu = 00:00:43 ; elapsed = 00:00:33 . Memory (MB): peak = 2212.418 ; gain = 117.117
INFO: [Timing 38-480] Writing timing data to binary archive.
Writing placer database...
Writing XDEF routing.
Writing XDEF routing logical nets.
Writing XDEF routing special nets.
Write XDEF Complete: Time (s): cpu = 00:00:04 ; elapsed = 00:00:01 . Memory (MB): peak = 2212.418 ; gain = 0.000
INFO: [Common 17-1381] The checkpoint 'C:/Users/cleme/Desktop/POEI/Cours/Projet_Corner_detect/vivado_proj/6_TB_Gaussian_filter/tb_gaussian_projet.runs/impl_1/design_1_wrapper_routed.dcp' has been generated.
INFO: [runtcl-4] Executing : report_drc -file design_1_wrapper_drc_routed.rpt -pb design_1_wrapper_drc_routed.pb -rpx design_1_wrapper_drc_routed.rpx
Command: report_drc -file design_1_wrapper_drc_routed.rpt -pb design_1_wrapper_drc_routed.pb -rpx design_1_wrapper_drc_routed.rpx
INFO: [IP_Flow 19-1839] IP Catalog is up to date.
INFO: [DRC 23-27] Running DRC with 2 threads
INFO: [Coretcl 2-168] The results of DRC are in file C:/Users/cleme/Desktop/POEI/Cours/Projet_Corner_detect/vivado_proj/6_TB_Gaussian_filter/tb_gaussian_projet.runs/impl_1/design_1_wrapper_drc_routed.rpt.
report_drc completed successfully
INFO: [runtcl-4] Executing : report_methodology -file design_1_wrapper_methodology_drc_routed.rpt -pb design_1_wrapper_methodology_drc_routed.pb -rpx design_1_wrapper_methodology_drc_routed.rpx
Command: report_methodology -file design_1_wrapper_methodology_drc_routed.rpt -pb design_1_wrapper_methodology_drc_routed.pb -rpx design_1_wrapper_methodology_drc_routed.rpx
INFO: [Timing 38-35] Done setting XDC timing constraints.
INFO: [DRC 23-133] Running Methodology with 2 threads
INFO: [Coretcl 2-1520] The results of Report Methodology are in file C:/Users/cleme/Desktop/POEI/Cours/Projet_Corner_detect/vivado_proj/6_TB_Gaussian_filter/tb_gaussian_projet.runs/impl_1/design_1_wrapper_methodology_drc_routed.rpt.
report_methodology completed successfully
INFO: [runtcl-4] Executing : report_power -file design_1_wrapper_power_routed.rpt -pb design_1_wrapper_power_summary_routed.pb -rpx design_1_wrapper_power_routed.rpx
Command: report_power -file design_1_wrapper_power_routed.rpt -pb design_1_wrapper_power_summary_routed.pb -rpx design_1_wrapper_power_routed.rpx
INFO: [Timing 38-35] Done setting XDC timing constraints.
Running Vector-less Activity Propagation...

Finished Running Vector-less Activity Propagation
125 Infos, 1 Warnings, 0 Critical Warnings and 0 Errors encountered.
report_power completed successfully
INFO: [runtcl-4] Executing : report_route_status -file design_1_wrapper_route_status.rpt -pb design_1_wrapper_route_status.pb
INFO: [runtcl-4] Executing : report_timing_summary -max_paths 10 -file design_1_wrapper_timing_summary_routed.rpt -pb design_1_wrapper_timing_summary_routed.pb -rpx design_1_wrapper_timing_summary_routed.rpx -warn_on_violation 
INFO: [Timing 38-91] UpdateTimingParams: Speed grade: -1, Delay Type: min_max.
INFO: [Timing 38-191] Multithreading enabled for timing update using a maximum of 2 CPUs
INFO: [runtcl-4] Executing : report_incremental_reuse -file design_1_wrapper_incremental_reuse_routed.rpt
INFO: [Vivado_Tcl 4-1062] Incremental flow is disabled. No incremental reuse Info to report.
INFO: [runtcl-4] Executing : report_clock_utilization -file design_1_wrapper_clock_utilization_routed.rpt
INFO: [runtcl-4] Executing : report_bus_skew -warn_on_violation -file design_1_wrapper_bus_skew_routed.rpt -pb design_1_wrapper_bus_skew_routed.pb -rpx design_1_wrapper_bus_skew_routed.rpx
INFO: [Timing 38-91] UpdateTimingParams: Speed grade: -1, Delay Type: min_max.
INFO: [Timing 38-191] Multithreading enabled for timing update using a maximum of 2 CPUs
Command: write_bitstream -force design_1_wrapper.bit
Attempting to get a license for feature 'Implementation' and/or device 'xc7z010'
INFO: [Common 17-349] Got license for feature 'Implementation' and/or device 'xc7z010'
Running DRC as a precondition to command write_bitstream
INFO: [IP_Flow 19-1839] IP Catalog is up to date.
INFO: [DRC 23-27] Running DRC with 2 threads
WARNING: [DRC RTSTAT-10] No routable loads: 110 net(s) have no routable loads. The problem bus(es) and/or net(s) are design_1_i/ps7_0_axi_periph/m01_couplers/auto_ds/inst/gen_downsizer.gen_cascaded_downsizer.first_downsizer_inst/USE_READ.read_addr_inst/cmd_queue/inst/fifo_gen_inst/inst_fifo_gen/gconvfifo.rf/grf.rf/gntv_or_sync_fifo.gl0.rd/gr1.gr1_int.rfwft/aempty_fwft_i, design_1_i/ps7_0_axi_periph/m00_couplers/auto_ds/inst/gen_downsizer.gen_simple_downsizer.axi_downsizer_inst/USE_WRITE.write_addr_inst/cmd_queue/inst/fifo_gen_inst/inst_fifo_gen/gconvfifo.rf/grf.rf/gntv_or_sync_fifo.gl0.rd/gr1.gr1_int.rfwft/aempty_fwft_i, design_1_i/ps7_0_axi_periph/m01_couplers/auto_pc/inst/gen_axi4_axi3.axi3_conv_inst/USE_WRITE.write_addr_inst/USE_BURSTS.cmd_queue/inst/fifo_gen_inst/inst_fifo_gen/gconvfifo.rf/grf.rf/gntv_or_sync_fifo.gl0.rd/gr1.gr1_int.rfwft/aempty_fwft_i, design_1_i/ps7_0_axi_periph/m01_couplers/auto_ds/inst/gen_downsizer.gen_cascaded_downsizer.first_downsizer_inst/USE_WRITE.write_addr_inst/USE_B_CHANNEL.cmd_b_queue/inst/fifo_gen_inst/inst_fifo_gen/gconvfifo.rf/grf.rf/gntv_or_sync_fifo.gl0.rd/gr1.gr1_int.rfwft/aempty_fwft_i, design_1_i/ps7_0_axi_periph/m01_couplers/auto_ds/inst/gen_downsizer.gen_cascaded_downsizer.gen_axi3_conv.axi3_conv_inst/gen_axi4_axi3.axi3_conv_inst/USE_WRITE.write_addr_inst/USE_B_CHANNEL.cmd_b_queue/inst/fifo_gen_inst/inst_fifo_gen/gconvfifo.rf/grf.rf/gntv_or_sync_fifo.gl0.rd/gr1.gr1_int.rfwft/aempty_fwft_i, design_1_i/ps7_0_axi_periph/m00_couplers/auto_ds/inst/gen_downsizer.gen_simple_downsizer.axi_downsizer_inst/USE_WRITE.write_addr_inst/USE_B_CHANNEL.cmd_b_queue/inst/fifo_gen_inst/inst_fifo_gen/gconvfifo.rf/grf.rf/gntv_or_sync_fifo.gl0.rd/gr1.gr1_int.rfwft/aempty_fwft_i, design_1_i/ps7_0_axi_periph/m00_couplers/auto_ds/inst/gen_downsizer.gen_simple_downsizer.axi_downsizer_inst/USE_READ.read_addr_inst/cmd_queue/inst/fifo_gen_inst/inst_fifo_gen/gconvfifo.rf/grf.rf/gntv_or_sync_fifo.gl0.rd/gr1.gr1_int.rfwft/aempty_fwft_i, design_1_i/ps7_0_axi_periph/m01_couplers/auto_ds/inst/gen_downsizer.gen_cascaded_downsizer.gen_axi3_conv.axi3_conv_inst/gen_axi4_axi3.axi3_conv_inst/USE_WRITE.write_addr_inst/USE_BURSTS.cmd_queue/inst/fifo_gen_inst/inst_fifo_gen/gconvfifo.rf/grf.rf/gntv_or_sync_fifo.gl0.rd/gr1.gr1_int.rfwft/aempty_fwft_i, design_1_i/ps7_0_axi_periph/m01_couplers/auto_ds/inst/gen_downsizer.gen_cascaded_downsizer.first_downsizer_inst/USE_WRITE.write_addr_inst/cmd_queue/inst/fifo_gen_inst/inst_fifo_gen/gconvfifo.rf/grf.rf/gntv_or_sync_fifo.gl0.rd/gr1.gr1_int.rfwft/aempty_fwft_i, design_1_i/ps7_0_axi_periph/m01_couplers/auto_ds/inst/gen_downsizer.gen_cascaded_downsizer.gen_axi3_conv.axi3_conv_inst/gen_axi4_axi3.axi3_conv_inst/USE_READ.USE_SPLIT_R.read_addr_inst/USE_R_CHANNEL.cmd_queue/inst/fifo_gen_inst/inst_fifo_gen/gconvfifo.rf/grf.rf/gntv_or_sync_fifo.gl0.rd/gr1.gr1_int.rfwft/aempty_fwft_i, design_1_i/ps7_0_axi_periph/m00_couplers/auto_ds/inst/gen_downsizer.gen_simple_downsizer.axi_downsizer_inst/USE_WRITE.write_addr_inst/cmd_queue/inst/fifo_gen_inst/inst_fifo_gen/gconvfifo.rf/grf.rf/gntv_or_sync_fifo.gl0.wr/gwss.wsts/ram_afull_fb, design_1_i/ps7_0_axi_periph/m01_couplers/auto_pc/inst/gen_axi4_axi3.axi3_conv_inst/USE_WRITE.write_addr_inst/USE_BURSTS.cmd_queue/inst/fifo_gen_inst/inst_fifo_gen/gconvfifo.rf/grf.rf/gntv_or_sync_fifo.gl0.wr/gwss.wsts/ram_afull_fb, design_1_i/ps7_0_axi_periph/m01_couplers/auto_ds/inst/gen_downsizer.gen_cascaded_downsizer.first_downsizer_inst/USE_WRITE.write_addr_inst/cmd_queue/inst/fifo_gen_inst/inst_fifo_gen/gconvfifo.rf/grf.rf/gntv_or_sync_fifo.gl0.wr/gwss.wsts/ram_afull_fb, design_1_i/ps7_0_axi_periph/m01_couplers/auto_ds/inst/gen_downsizer.gen_cascaded_downsizer.gen_axi3_conv.axi3_conv_inst/gen_axi4_axi3.axi3_conv_inst/USE_WRITE.write_addr_inst/USE_B_CHANNEL.cmd_b_queue/inst/fifo_gen_inst/inst_fifo_gen/gconvfifo.rf/grf.rf/gntv_or_sync_fifo.gl0.wr/gwss.wsts/ram_afull_fb, design_1_i/ps7_0_axi_periph/m01_couplers/auto_ds/inst/gen_downsizer.gen_cascaded_downsizer.first_downsizer_inst/USE_READ.read_addr_inst/cmd_queue/inst/fifo_gen_inst/inst_fifo_gen/gconvfifo.rf/grf.rf/gntv_or_sync_fifo.gl0.wr/gwss.wsts/ram_afull_fb... and (the first 15 of 70 listed).
INFO: [Vivado 12-3199] DRC finished with 0 Errors, 1 Warnings
INFO: [Vivado 12-3200] Please refer to the DRC report (report_drc) for more information.
INFO: [Designutils 20-2272] Running write_bitstream with 2 threads.
Loading data files...
Loading site data...
Loading route data...
Processing options...
Creating bitmap...
Creating bitstream...
Writing bitstream ./design_1_wrapper.bit...
INFO: [Vivado 12-1842] Bitgen Completed Successfully.
INFO: [Project 1-120] WebTalk data collection is mandatory when using a WebPACK part without a full Vivado license. To see the specific WebTalk data collected for your design, open the usage_statistics_webtalk.html or usage_statistics_webtalk.xml file in the implementation directory.
INFO: [Common 17-83] Releasing license: Implementation
12 Infos, 1 Warnings, 0 Critical Warnings and 0 Errors encountered.
write_bitstream completed successfully
write_bitstream: Time (s): cpu = 00:00:12 ; elapsed = 00:00:11 . Memory (MB): peak = 2767.219 ; gain = 485.125
INFO: [Common 17-206] Exiting Vivado at Wed Sep 30 18:42:23 2026...
