
*** Running vivado
    with args -log Custom_CMD_PS_PL_v1_0.vds -m64 -product Vivado -mode batch -messageDb vivado.pb -notrace -source Custom_CMD_PS_PL_v1_0.tcl



****** Vivado v2020.2 (64-bit)
  **** SW Build 3064766 on Wed Nov 18 09:12:45 MST 2020
  **** IP Build 3064653 on Wed Nov 18 14:17:31 MST 2020
    ** Copyright 1986-2020 Xilinx, Inc. All Rights Reserved.

source Custom_CMD_PS_PL_v1_0.tcl -notrace
INFO: [IP_Flow 19-234] Refreshing IP repositories
WARNING: [IP_Flow 19-2248] Failed to load user IP repository 'c:/Users/cleme/Desktop/POEI/Cours/Projet_Corner_detect/vivado_proj/ip_repo/Custom_CMD_PS_PL_1.0'; Can't find the specified path.
If this directory should no longer be in your list of user repositories, go to the IP Settings dialog and remove it.
INFO: [IP_Flow 19-1700] Loaded user IP repository 'c:/Users/cleme/Desktop/POEI/Cours/Projet_Corner_detect/ip_repo'.
INFO: [IP_Flow 19-2313] Loaded Vivado IP repository 'C:/Xilinx/Vivado/2020.2/data/ip'.
WARNING: [IP_Flow 19-4995] The host OS only allows 260 characters in a normal path. The IP cache path is more than 80 characters. If you experience issues with IP caching, please consider changing the IP cache to a location with a shorter path. Alternately consider using the OS subst command to map part of the path to a drive letter. 
Current IP cache path is c:/Users/cleme/Desktop/POEI/Cours/Projet_Corner_detect/vivado_proj/CMD_PS_PL_2/CMD_PS_PL_2.cache/ip 
Command: synth_design -top Custom_CMD_PS_PL_v1_0 -part xc7z010clg400-1
Starting synth_design
Attempting to get a license for feature 'Synthesis' and/or device 'xc7z010'
INFO: [Common 17-349] Got license for feature 'Synthesis' and/or device 'xc7z010'
INFO: [Synth 8-7079] Multithreading enabled for synth_design using a maximum of 2 processes.
INFO: [Synth 8-7078] Launching helper process for spawning children vivado processes
INFO: [Synth 8-7075] Helper process launched with PID 8224
---------------------------------------------------------------------------------
Starting Synthesize : Time (s): cpu = 00:00:03 ; elapsed = 00:00:03 . Memory (MB): peak = 1126.348 ; gain = 0.000
---------------------------------------------------------------------------------
INFO: [Synth 8-638] synthesizing module 'Custom_CMD_PS_PL_v1_0' [C:/Users/cleme/Desktop/POEI/Cours/Projet_Corner_detect/vivado_proj/CMD_PS_PL_2/Cmd_DMA_2_From_Ref_Design.srcs/sources_1/imports/hdl/Custom_CMD_PS_PL_v1_0.vhd:61]
	Parameter C_S00_AXI_DATA_WIDTH bound to: 32 - type: integer 
	Parameter C_S00_AXI_ADDR_WIDTH bound to: 6 - type: integer 
	Parameter C_S_AXI_DATA_WIDTH bound to: 32 - type: integer 
	Parameter C_S_AXI_ADDR_WIDTH bound to: 6 - type: integer 
INFO: [Synth 8-3491] module 'Custom_CMD_PS_PL_v1_0_S00_AXI' declared at 'C:/Users/cleme/Desktop/POEI/Cours/Projet_Corner_detect/vivado_proj/CMD_PS_PL_2/Cmd_DMA_2_From_Ref_Design.srcs/sources_1/imports/hdl/Custom_CMD_PS_PL_v1_0_S00_AXI.vhd:5' bound to instance 'Custom_CMD_PS_PL_v1_0_S00_AXI_inst' of component 'Custom_CMD_PS_PL_v1_0_S00_AXI' [C:/Users/cleme/Desktop/POEI/Cours/Projet_Corner_detect/vivado_proj/CMD_PS_PL_2/Cmd_DMA_2_From_Ref_Design.srcs/sources_1/imports/hdl/Custom_CMD_PS_PL_v1_0.vhd:112]
INFO: [Synth 8-638] synthesizing module 'Custom_CMD_PS_PL_v1_0_S00_AXI' [C:/Users/cleme/Desktop/POEI/Cours/Projet_Corner_detect/vivado_proj/CMD_PS_PL_2/Cmd_DMA_2_From_Ref_Design.srcs/sources_1/imports/hdl/Custom_CMD_PS_PL_v1_0_S00_AXI.vhd:99]
	Parameter C_S_AXI_DATA_WIDTH bound to: 32 - type: integer 
	Parameter C_S_AXI_ADDR_WIDTH bound to: 6 - type: integer 
INFO: [Synth 8-256] done synthesizing module 'Custom_CMD_PS_PL_v1_0_S00_AXI' (1#1) [C:/Users/cleme/Desktop/POEI/Cours/Projet_Corner_detect/vivado_proj/CMD_PS_PL_2/Cmd_DMA_2_From_Ref_Design.srcs/sources_1/imports/hdl/Custom_CMD_PS_PL_v1_0_S00_AXI.vhd:99]
INFO: [Synth 8-256] done synthesizing module 'Custom_CMD_PS_PL_v1_0' (2#1) [C:/Users/cleme/Desktop/POEI/Cours/Projet_Corner_detect/vivado_proj/CMD_PS_PL_2/Cmd_DMA_2_From_Ref_Design.srcs/sources_1/imports/hdl/Custom_CMD_PS_PL_v1_0.vhd:61]
---------------------------------------------------------------------------------
Finished Synthesize : Time (s): cpu = 00:00:03 ; elapsed = 00:00:03 . Memory (MB): peak = 1126.348 ; gain = 0.000
---------------------------------------------------------------------------------
---------------------------------------------------------------------------------
Finished Constraint Validation : Time (s): cpu = 00:00:03 ; elapsed = 00:00:04 . Memory (MB): peak = 1126.348 ; gain = 0.000
---------------------------------------------------------------------------------
---------------------------------------------------------------------------------
Start Loading Part and Timing Information
---------------------------------------------------------------------------------
Loading part: xc7z010clg400-1
---------------------------------------------------------------------------------
Finished Loading Part and Timing Information : Time (s): cpu = 00:00:03 ; elapsed = 00:00:04 . Memory (MB): peak = 1126.348 ; gain = 0.000
---------------------------------------------------------------------------------
INFO: [Device 21-403] Loading part xc7z010clg400-1
---------------------------------------------------------------------------------
Finished RTL Optimization Phase 2 : Time (s): cpu = 00:00:04 ; elapsed = 00:00:04 . Memory (MB): peak = 1126.348 ; gain = 0.000
---------------------------------------------------------------------------------
No constraint files found.
---------------------------------------------------------------------------------
Start RTL Component Statistics 
---------------------------------------------------------------------------------
Detailed RTL Component Info : 
+---Registers : 
	               32 Bit    Registers := 10    
	                6 Bit    Registers := 2     
	                2 Bit    Registers := 2     
	                1 Bit    Registers := 6     
+---Muxes : 
	   2 Input   32 Bit        Muxes := 9     
	  11 Input   32 Bit        Muxes := 9     
	   2 Input    1 Bit        Muxes := 5     
---------------------------------------------------------------------------------
Finished RTL Component Statistics 
---------------------------------------------------------------------------------
---------------------------------------------------------------------------------
Start Part Resource Summary
---------------------------------------------------------------------------------
Part Resources:
DSPs: 80 (col length:40)
BRAMs: 120 (col length: RAMB18 40 RAMB36 20)
---------------------------------------------------------------------------------
Finished Part Resource Summary
---------------------------------------------------------------------------------
No constraint files found.
---------------------------------------------------------------------------------
Start Cross Boundary and Area Optimization
---------------------------------------------------------------------------------
---------------------------------------------------------------------------------
Finished Cross Boundary and Area Optimization : Time (s): cpu = 00:00:06 ; elapsed = 00:00:08 . Memory (MB): peak = 1126.348 ; gain = 0.000
---------------------------------------------------------------------------------
No constraint files found.
---------------------------------------------------------------------------------
Start Timing Optimization
---------------------------------------------------------------------------------
---------------------------------------------------------------------------------
Finished Timing Optimization : Time (s): cpu = 00:00:06 ; elapsed = 00:00:08 . Memory (MB): peak = 1126.348 ; gain = 0.000
---------------------------------------------------------------------------------
---------------------------------------------------------------------------------
Start Technology Mapping
---------------------------------------------------------------------------------
---------------------------------------------------------------------------------
Finished Technology Mapping : Time (s): cpu = 00:00:07 ; elapsed = 00:00:08 . Memory (MB): peak = 1126.348 ; gain = 0.000
---------------------------------------------------------------------------------
---------------------------------------------------------------------------------
Start IO Insertion
---------------------------------------------------------------------------------
---------------------------------------------------------------------------------
Start Flattening Before IO Insertion
---------------------------------------------------------------------------------
---------------------------------------------------------------------------------
Finished Flattening Before IO Insertion
---------------------------------------------------------------------------------
---------------------------------------------------------------------------------
Start Final Netlist Cleanup
---------------------------------------------------------------------------------
---------------------------------------------------------------------------------
Finished Final Netlist Cleanup
---------------------------------------------------------------------------------
---------------------------------------------------------------------------------
Finished IO Insertion : Time (s): cpu = 00:00:08 ; elapsed = 00:00:09 . Memory (MB): peak = 1126.348 ; gain = 0.000
---------------------------------------------------------------------------------
---------------------------------------------------------------------------------
Start Renaming Generated Instances
---------------------------------------------------------------------------------
---------------------------------------------------------------------------------
Finished Renaming Generated Instances : Time (s): cpu = 00:00:08 ; elapsed = 00:00:09 . Memory (MB): peak = 1126.348 ; gain = 0.000
---------------------------------------------------------------------------------
---------------------------------------------------------------------------------
Start Rebuilding User Hierarchy
---------------------------------------------------------------------------------
---------------------------------------------------------------------------------
Finished Rebuilding User Hierarchy : Time (s): cpu = 00:00:08 ; elapsed = 00:00:09 . Memory (MB): peak = 1126.348 ; gain = 0.000
---------------------------------------------------------------------------------
---------------------------------------------------------------------------------
Start Renaming Generated Ports
---------------------------------------------------------------------------------
---------------------------------------------------------------------------------
Finished Renaming Generated Ports : Time (s): cpu = 00:00:08 ; elapsed = 00:00:09 . Memory (MB): peak = 1126.348 ; gain = 0.000
---------------------------------------------------------------------------------
---------------------------------------------------------------------------------
Start Handling Custom Attributes
---------------------------------------------------------------------------------
---------------------------------------------------------------------------------
Finished Handling Custom Attributes : Time (s): cpu = 00:00:08 ; elapsed = 00:00:09 . Memory (MB): peak = 1126.348 ; gain = 0.000
---------------------------------------------------------------------------------
---------------------------------------------------------------------------------
Start Renaming Generated Nets
---------------------------------------------------------------------------------
---------------------------------------------------------------------------------
Finished Renaming Generated Nets : Time (s): cpu = 00:00:08 ; elapsed = 00:00:09 . Memory (MB): peak = 1126.348 ; gain = 0.000
---------------------------------------------------------------------------------
---------------------------------------------------------------------------------
Start Writing Synthesis Report
---------------------------------------------------------------------------------

Report BlackBoxes: 
+-+--------------+----------+
| |BlackBox name |Instances |
+-+--------------+----------+
+-+--------------+----------+

Report Cell Usage: 
+------+-----+------+
|      |Cell |Count |
+------+-----+------+
|1     |BUFG |     1|
|2     |LUT1 |     1|
|3     |LUT2 |     2|
|4     |LUT3 |     1|
|5     |LUT4 |     4|
|6     |LUT5 |     6|
|7     |LUT6 |   131|
|8     |FDRE |   329|
|9     |FDSE |     5|
|10    |IBUF |    54|
|11    |OBUF |   140|
+------+-----+------+

Report Instance Areas: 
+------+-------------------------------------+------------------------------+------+
|      |Instance                             |Module                        |Cells |
+------+-------------------------------------+------------------------------+------+
|1     |top                                  |                              |   674|
|2     |  Custom_CMD_PS_PL_v1_0_S00_AXI_inst |Custom_CMD_PS_PL_v1_0_S00_AXI |   479|
+------+-------------------------------------+------------------------------+------+
---------------------------------------------------------------------------------
Finished Writing Synthesis Report : Time (s): cpu = 00:00:08 ; elapsed = 00:00:09 . Memory (MB): peak = 1126.348 ; gain = 0.000
---------------------------------------------------------------------------------
Synthesis finished with 0 errors, 0 critical warnings and 0 warnings.
Synthesis Optimization Runtime : Time (s): cpu = 00:00:08 ; elapsed = 00:00:09 . Memory (MB): peak = 1126.348 ; gain = 0.000
Synthesis Optimization Complete : Time (s): cpu = 00:00:08 ; elapsed = 00:00:09 . Memory (MB): peak = 1126.348 ; gain = 0.000
INFO: [Project 1-571] Translating synthesized netlist
Netlist sorting complete. Time (s): cpu = 00:00:00 ; elapsed = 00:00:00.004 . Memory (MB): peak = 1126.348 ; gain = 0.000
INFO: [Project 1-570] Preparing netlist for logic optimization
INFO: [Opt 31-138] Pushed 0 inverter(s) to 0 load pin(s).
Netlist sorting complete. Time (s): cpu = 00:00:00 ; elapsed = 00:00:00 . Memory (MB): peak = 1221.621 ; gain = 0.000
INFO: [Project 1-111] Unisim Transformation Summary:
No Unisim elements were transformed.

INFO: [Common 17-83] Releasing license: Synthesis
18 Infos, 2 Warnings, 0 Critical Warnings and 0 Errors encountered.
synth_design completed successfully
synth_design: Time (s): cpu = 00:00:10 ; elapsed = 00:00:13 . Memory (MB): peak = 1221.621 ; gain = 95.273
INFO: [Common 17-1381] The checkpoint 'C:/Users/cleme/Desktop/POEI/Cours/Projet_Corner_detect/vivado_proj/CMD_PS_PL_2/CMD_PS_PL_2.runs/synth_1/Custom_CMD_PS_PL_v1_0.dcp' has been generated.
INFO: [runtcl-4] Executing : report_utilization -file Custom_CMD_PS_PL_v1_0_utilization_synth.rpt -pb Custom_CMD_PS_PL_v1_0_utilization_synth.pb
INFO: [Common 17-206] Exiting Vivado at Wed Sep 16 09:45:39 2026...
