Copyright 1986-2020 Xilinx, Inc. All Rights Reserved.
------------------------------------------------------------------------------------
| Tool Version : Vivado v.2020.2 (win64) Build 3064766 Wed Nov 18 09:12:45 MST 2020
| Date         : Wed Sep 16 09:47:55 2026
| Host         : MSI running 64-bit major release  (build 9200)
| Command      : upgrade_ip
| Device       : xc7z010clg400-1
------------------------------------------------------------------------------------

Upgrade Log for IP 'design_1_Custom_CMD_PS_PL_v1_0_0_0'

1. Summary
----------

SUCCESS in the conversion of design_1_Custom_CMD_PS_PL_v1_0_0_0 (xilinx.com:user:Custom_CMD_PS_PL_v1_0:1.0 (Rev. 2)) to Vivado generation flows.






Copyright 1986-2020 Xilinx, Inc. All Rights Reserved.
------------------------------------------------------------------------------------
| Tool Version : Vivado v.2020.2 (win64) Build 3064766 Wed Nov 18 09:12:45 MST 2020
| Date         : Tue Sep 15 17:55:10 2026
| Host         : MSI running 64-bit major release  (build 9200)
| Command      : upgrade_ip
| Device       : xc7z010clg400-1
------------------------------------------------------------------------------------

Upgrade Log for IP 'design_1_Custom_CMD_PS_PL_v1_0_0_0'

1. Summary
----------

SUCCESS in the conversion of design_1_Custom_CMD_PS_PL_v1_0_0_0 (xilinx.com:user:Custom_CMD_PS_PL_v1_0:1.0 (Rev. 2)) to Vivado generation flows.

