Copyright 1986-2020 Xilinx, Inc. All Rights Reserved.
------------------------------------------------------------------------------------
| Tool Version : Vivado v.2020.2 (win64) Build 3064766 Wed Nov 18 09:12:45 MST 2020
| Date         : Wed Sep 30 17:55:23 2026
| Host         : MSI running 64-bit major release  (build 9200)
| Command      : upgrade_ip
| Device       : xc7z010clg400-1
------------------------------------------------------------------------------------

Upgrade Log for IP 'design_1_Gaussian_filter_0_0'

1. Summary
----------

SUCCESS in the conversion of design_1_Gaussian_filter_0_0 (xilinx.com:user:Gaussian_filter:1.0 (Rev. 2)) to Vivado generation flows.






Copyright 1986-2020 Xilinx, Inc. All Rights Reserved.
------------------------------------------------------------------------------------
| Tool Version : Vivado v.2020.2 (win64) Build 3064766 Wed Nov 18 09:12:45 MST 2020
| Date         : Wed Sep 30 17:50:16 2026
| Host         : MSI running 64-bit major release  (build 9200)
| Command      : upgrade_ip
| Device       : xc7z010clg400-1
------------------------------------------------------------------------------------

Upgrade Log for IP 'design_1_Gaussian_filter_0_0'

1. Summary
----------

SUCCESS in the conversion of design_1_Gaussian_filter_0_0 (xilinx.com:user:Gaussian_filter:1.0 (Rev. 2)) to Vivado generation flows.






Copyright 1986-2020 Xilinx, Inc. All Rights Reserved.
------------------------------------------------------------------------------------
| Tool Version : Vivado v.2020.2 (win64) Build 3064766 Wed Nov 18 09:12:45 MST 2020
| Date         : Wed Sep 30 16:53:49 2026
| Host         : MSI running 64-bit major release  (build 9200)
| Command      : upgrade_ip
| Device       : xc7z010clg400-1
------------------------------------------------------------------------------------

Upgrade Log for IP 'design_1_Gaussian_filter_0_0'

1. Summary
----------

SUCCESS in the conversion of design_1_Gaussian_filter_0_0 (xilinx.com:user:Gaussian_filter:1.0 (Rev. 2)) to Vivado generation flows.






Copyright 1986-2020 Xilinx, Inc. All Rights Reserved.
------------------------------------------------------------------------------------
| Tool Version : Vivado v.2020.2 (win64) Build 3064766 Wed Nov 18 09:12:45 MST 2020
| Date         : Wed Sep 30 15:25:34 2026
| Host         : MSI running 64-bit major release  (build 9200)
| Command      : upgrade_ip
| Device       : xc7z010clg400-1
------------------------------------------------------------------------------------

Upgrade Log for IP 'design_1_Gaussian_filter_0_0'

1. Summary
----------

SUCCESS in the conversion of design_1_Gaussian_filter_0_0 (xilinx.com:user:Gaussian_filter:1.0 (Rev. 2)) to Vivado generation flows.






Copyright 1986-2020 Xilinx, Inc. All Rights Reserved.
------------------------------------------------------------------------------------
| Tool Version : Vivado v.2020.2 (win64) Build 3064766 Wed Nov 18 09:12:45 MST 2020
| Date         : Wed Sep 30 15:06:15 2026
| Host         : MSI running 64-bit major release  (build 9200)
| Command      : upgrade_ip
| Device       : xc7z010clg400-1
------------------------------------------------------------------------------------

Upgrade Log for IP 'design_1_Gaussian_filter_0_0'

1. Summary
----------

SUCCESS in the conversion of design_1_Gaussian_filter_0_0 (xilinx.com:user:Gaussian_filter:1.0 (Rev. 2)) to Vivado generation flows.






Copyright 1986-2020 Xilinx, Inc. All Rights Reserved.
------------------------------------------------------------------------------------
| Tool Version : Vivado v.2020.2 (win64) Build 3064766 Wed Nov 18 09:12:45 MST 2020
| Date         : Wed Sep 30 14:57:07 2026
| Host         : MSI running 64-bit major release  (build 9200)
| Command      : upgrade_ip
| Device       : xc7z010clg400-1
------------------------------------------------------------------------------------

Upgrade Log for IP 'design_1_Gaussian_filter_0_0'

1. Summary
----------

SUCCESS in the conversion of design_1_Gaussian_filter_0_0 (xilinx.com:user:Gaussian_filter:1.0 (Rev. 2)) to Vivado generation flows.






Copyright 1986-2020 Xilinx, Inc. All Rights Reserved.
------------------------------------------------------------------------------------
| Tool Version : Vivado v.2020.2 (win64) Build 3064766 Wed Nov 18 09:12:45 MST 2020
| Date         : Wed Sep 30 14:39:07 2026
| Host         : MSI running 64-bit major release  (build 9200)
| Command      : upgrade_ip
| Device       : xc7z010clg400-1
------------------------------------------------------------------------------------

Upgrade Log for IP 'design_1_Gaussian_filter_0_0'

1. Summary
----------

SUCCESS in the conversion of design_1_Gaussian_filter_0_0 (xilinx.com:user:Gaussian_filter:1.0 (Rev. 2)) to Vivado generation flows.






Copyright 1986-2020 Xilinx, Inc. All Rights Reserved.
------------------------------------------------------------------------------------
| Tool Version : Vivado v.2020.2 (win64) Build 3064766 Wed Nov 18 09:12:45 MST 2020
| Date         : Wed Sep 30 14:18:29 2026
| Host         : MSI running 64-bit major release  (build 9200)
| Command      : upgrade_ip
| Device       : xc7z010clg400-1
------------------------------------------------------------------------------------

Upgrade Log for IP 'design_1_Gaussian_filter_0_0'

1. Summary
----------

SUCCESS in the conversion of design_1_Gaussian_filter_0_0 (xilinx.com:user:Gaussian_filter:1.0 (Rev. 2)) to Vivado generation flows.






Copyright 1986-2020 Xilinx, Inc. All Rights Reserved.
------------------------------------------------------------------------------------
| Tool Version : Vivado v.2020.2 (win64) Build 3064766 Wed Nov 18 09:12:45 MST 2020
| Date         : Wed Sep 30 13:21:03 2026
| Host         : MSI running 64-bit major release  (build 9200)
| Command      : upgrade_ip
| Device       : xc7z010clg400-1
------------------------------------------------------------------------------------

Upgrade Log for IP 'design_1_Gaussian_filter_0_0'

1. Summary
----------

SUCCESS in the conversion of design_1_Gaussian_filter_0_0 (xilinx.com:user:Gaussian_filter:1.0 (Rev. 2)) to Vivado generation flows.






Copyright 1986-2020 Xilinx, Inc. All Rights Reserved.
------------------------------------------------------------------------------------
| Tool Version : Vivado v.2020.2 (win64) Build 3064766 Wed Nov 18 09:12:45 MST 2020
| Date         : Wed Sep 30 13:06:08 2026
| Host         : MSI running 64-bit major release  (build 9200)
| Command      : upgrade_ip
| Device       : xc7z010clg400-1
------------------------------------------------------------------------------------

Upgrade Log for IP 'design_1_Gaussian_filter_0_0'

1. Summary
----------

SUCCESS in the conversion of design_1_Gaussian_filter_0_0 (xilinx.com:user:Gaussian_filter:1.0 (Rev. 2)) to Vivado generation flows.






Copyright 1986-2020 Xilinx, Inc. All Rights Reserved.
------------------------------------------------------------------------------------
| Tool Version : Vivado v.2020.2 (win64) Build 3064766 Wed Nov 18 09:12:45 MST 2020
| Date         : Wed Sep 30 11:46:04 2026
| Host         : MSI running 64-bit major release  (build 9200)
| Command      : upgrade_ip
| Device       : xc7z010clg400-1
------------------------------------------------------------------------------------

Upgrade Log for IP 'design_1_Gaussian_filter_0_0'

1. Summary
----------

SUCCESS in the conversion of design_1_Gaussian_filter_0_0 (xilinx.com:user:Gaussian_filter:1.0 (Rev. 2)) to Vivado generation flows.






Copyright 1986-2020 Xilinx, Inc. All Rights Reserved.
------------------------------------------------------------------------------------
| Tool Version : Vivado v.2020.2 (win64) Build 3064766 Wed Nov 18 09:12:45 MST 2020
| Date         : Wed Sep 30 11:08:09 2026
| Host         : MSI running 64-bit major release  (build 9200)
| Command      : upgrade_ip
| Device       : xc7z010clg400-1
------------------------------------------------------------------------------------

Upgrade Log for IP 'design_1_Gaussian_filter_0_0'

1. Summary
----------

SUCCESS in the conversion of design_1_Gaussian_filter_0_0 (xilinx.com:user:Gaussian_filter:1.0 (Rev. 2)) to Vivado generation flows.






Copyright 1986-2020 Xilinx, Inc. All Rights Reserved.
------------------------------------------------------------------------------------
| Tool Version : Vivado v.2020.2 (win64) Build 3064766 Wed Nov 18 09:12:45 MST 2020
| Date         : Tue Sep 29 23:39:53 2026
| Host         : MSI running 64-bit major release  (build 9200)
| Command      : upgrade_ip
| Device       : xc7z010clg400-1
------------------------------------------------------------------------------------

Upgrade Log for IP 'design_1_Gaussian_filter_0_0'

1. Summary
----------

SUCCESS in the conversion of design_1_Gaussian_filter_0_0 (xilinx.com:user:Gaussian_filter:1.0 (Rev. 2)) to Vivado generation flows.






Copyright 1986-2020 Xilinx, Inc. All Rights Reserved.
------------------------------------------------------------------------------------
| Tool Version : Vivado v.2020.2 (win64) Build 3064766 Wed Nov 18 09:12:45 MST 2020
| Date         : Tue Sep 29 23:23:37 2026
| Host         : MSI running 64-bit major release  (build 9200)
| Command      : upgrade_ip
| Device       : xc7z010clg400-1
------------------------------------------------------------------------------------

Upgrade Log for IP 'design_1_Gaussian_filter_0_0'

1. Summary
----------

SUCCESS in the conversion of design_1_Gaussian_filter_0_0 (xilinx.com:user:Gaussian_filter:1.0 (Rev. 2)) to Vivado generation flows.






Copyright 1986-2020 Xilinx, Inc. All Rights Reserved.
------------------------------------------------------------------------------------
| Tool Version : Vivado v.2020.2 (win64) Build 3064766 Wed Nov 18 09:12:45 MST 2020
| Date         : Tue Sep 29 23:06:06 2026
| Host         : MSI running 64-bit major release  (build 9200)
| Command      : upgrade_ip
| Device       : xc7z010clg400-1
------------------------------------------------------------------------------------

Upgrade Log for IP 'design_1_redim_filter_0_0'

1. Summary
----------

SUCCESS in the conversion of design_1_redim_filter_0_0 (xilinx.com:user:redim_filter:1.0 (Rev. 2)) to Vivado generation flows.






Copyright 1986-2020 Xilinx, Inc. All Rights Reserved.
------------------------------------------------------------------------------------
| Tool Version : Vivado v.2020.2 (win64) Build 3064766 Wed Nov 18 09:12:45 MST 2020
| Date         : Tue Sep 29 21:36:20 2026
| Host         : MSI running 64-bit major release  (build 9200)
| Command      : upgrade_ip
| Device       : xc7z010clg400-1
------------------------------------------------------------------------------------

Upgrade Log for IP 'design_1_Gaussian_filter_0_0'

1. Summary
----------

SUCCESS in the conversion of design_1_Gaussian_filter_0_0 (xilinx.com:user:Gaussian_filter:1.0 (Rev. 2)) to Vivado generation flows.






Copyright 1986-2020 Xilinx, Inc. All Rights Reserved.
------------------------------------------------------------------------------------
| Tool Version : Vivado v.2020.2 (win64) Build 3064766 Wed Nov 18 09:12:45 MST 2020
| Date         : Tue Sep 29 18:26:07 2026
| Host         : MSI running 64-bit major release  (build 9200)
| Command      : upgrade_ip
| Device       : xc7z010clg400-1
------------------------------------------------------------------------------------

Upgrade Log for IP 'design_1_Gaussian_filter_0_0'

1. Summary
----------

SUCCESS in the conversion of design_1_Gaussian_filter_0_0 (xilinx.com:user:Gaussian_filter:1.0 (Rev. 2)) to Vivado generation flows.






Copyright 1986-2020 Xilinx, Inc. All Rights Reserved.
------------------------------------------------------------------------------------
| Tool Version : Vivado v.2020.2 (win64) Build 3064766 Wed Nov 18 09:12:45 MST 2020
| Date         : Tue Sep 29 17:49:01 2026
| Host         : MSI running 64-bit major release  (build 9200)
| Command      : upgrade_ip
| Device       : xc7z010clg400-1
------------------------------------------------------------------------------------

Upgrade Log for IP 'design_1_Gaussian_filter_0_0'

1. Summary
----------

SUCCESS in the conversion of design_1_Gaussian_filter_0_0 (xilinx.com:user:Gaussian_filter:1.0 (Rev. 2)) to Vivado generation flows.






Copyright 1986-2020 Xilinx, Inc. All Rights Reserved.
------------------------------------------------------------------------------------
| Tool Version : Vivado v.2020.2 (win64) Build 3064766 Wed Nov 18 09:12:45 MST 2020
| Date         : Tue Sep 29 16:43:42 2026
| Host         : MSI running 64-bit major release  (build 9200)
| Command      : upgrade_ip
| Device       : xc7z010clg400-1
------------------------------------------------------------------------------------

Upgrade Log for IP 'design_1_Gaussian_filter_0_0'

1. Summary
----------

SUCCESS in the conversion of design_1_Gaussian_filter_0_0 (xilinx.com:user:Gaussian_filter:1.0 (Rev. 2)) to Vivado generation flows.






Copyright 1986-2020 Xilinx, Inc. All Rights Reserved.
------------------------------------------------------------------------------------
| Tool Version : Vivado v.2020.2 (win64) Build 3064766 Wed Nov 18 09:12:45 MST 2020
| Date         : Tue Sep 29 16:08:13 2026
| Host         : MSI running 64-bit major release  (build 9200)
| Command      : upgrade_ip
| Device       : xc7z010clg400-1
------------------------------------------------------------------------------------

Upgrade Log for IP 'design_1_Gaussian_filter_0_0'

1. Summary
----------

SUCCESS in the conversion of design_1_Gaussian_filter_0_0 (xilinx.com:user:Gaussian_filter:1.0 (Rev. 2)) to Vivado generation flows.






Copyright 1986-2020 Xilinx, Inc. All Rights Reserved.
------------------------------------------------------------------------------------
| Tool Version : Vivado v.2020.2 (win64) Build 3064766 Wed Nov 18 09:12:45 MST 2020
| Date         : Tue Sep 29 15:54:12 2026
| Host         : MSI running 64-bit major release  (build 9200)
| Command      : upgrade_ip
| Device       : xc7z010clg400-1
------------------------------------------------------------------------------------

Upgrade Log for IP 'design_1_Gaussian_filter_0_0'

1. Summary
----------

SUCCESS in the conversion of design_1_Gaussian_filter_0_0 (xilinx.com:user:Gaussian_filter:1.0 (Rev. 2)) to Vivado generation flows.






Copyright 1986-2020 Xilinx, Inc. All Rights Reserved.
------------------------------------------------------------------------------------
| Tool Version : Vivado v.2020.2 (win64) Build 3064766 Wed Nov 18 09:12:45 MST 2020
| Date         : Tue Sep 29 15:31:58 2026
| Host         : MSI running 64-bit major release  (build 9200)
| Command      : upgrade_ip
| Device       : xc7z010clg400-1
------------------------------------------------------------------------------------

Upgrade Log for IP 'design_1_Gaussian_filter_0_0'

1. Summary
----------

SUCCESS in the conversion of design_1_Gaussian_filter_0_0 (xilinx.com:user:Gaussian_filter:1.0 (Rev. 2)) to Vivado generation flows.






Copyright 1986-2020 Xilinx, Inc. All Rights Reserved.
------------------------------------------------------------------------------------
| Tool Version : Vivado v.2020.2 (win64) Build 3064766 Wed Nov 18 09:12:45 MST 2020
| Date         : Tue Sep 29 15:12:23 2026
| Host         : MSI running 64-bit major release  (build 9200)
| Command      : upgrade_ip
| Device       : xc7z010clg400-1
------------------------------------------------------------------------------------

Upgrade Log for IP 'design_1_redim_filter_0_0'

1. Summary
----------

SUCCESS in the conversion of design_1_redim_filter_0_0 (xilinx.com:user:redim_filter:1.0 (Rev. 2)) to Vivado generation flows.






Copyright 1986-2020 Xilinx, Inc. All Rights Reserved.
------------------------------------------------------------------------------------
| Tool Version : Vivado v.2020.2 (win64) Build 3064766 Wed Nov 18 09:12:45 MST 2020
| Date         : Tue Sep 29 14:31:24 2026
| Host         : MSI running 64-bit major release  (build 9200)
| Command      : upgrade_ip
| Device       : xc7z010clg400-1
------------------------------------------------------------------------------------

Upgrade Log for IP 'design_1_Gaussian_filter_0_0'

1. Summary
----------

CAUTION (success, with warnings) in the conversion of design_1_Gaussian_filter_0_0 (xilinx.com:user:Gaussian_filter:1.0 (Rev. 2)) to Vivado generation flows.

After upgrade, an IP may have parameter and port differences compared to the original customization. Please review the parameters within the IP customization GUI to ensure proper functionality. Also, please review the updated IP instantiation template to ensure proper connectivity, and update your design if required.

2. Interface Information
------------------------

Detected external interface differences while upgrading 'design_1_Gaussian_filter_0_0'.


-Upgrade has removed interface 'top_clk'

-Upgrade has added interface 'clk' (xilinx.com:signal:clock:1.0)


3. Connection Warnings
----------------------

Detected external port differences while upgrading 'design_1_Gaussian_filter_0_0'. These changes may impact your design.


-Upgrade has removed port 'top_clk'

-Upgrade has added port 'clk'







Copyright 1986-2020 Xilinx, Inc. All Rights Reserved.
------------------------------------------------------------------------------------
| Tool Version : Vivado v.2020.2 (win64) Build 3064766 Wed Nov 18 09:12:45 MST 2020
| Date         : Tue Sep 29 14:29:13 2026
| Host         : MSI running 64-bit major release  (build 9200)
| Command      : upgrade_ip
| Device       : xc7z010clg400-1
------------------------------------------------------------------------------------

Upgrade Log for IP 'design_1_Gaussian_filter_0_0'

1. Summary
----------

SUCCESS in the conversion of design_1_Gaussian_filter_0_0 (xilinx.com:user:Gaussian_filter:1.0 (Rev. 2)) to Vivado generation flows.






Copyright 1986-2020 Xilinx, Inc. All Rights Reserved.
------------------------------------------------------------------------------------
| Tool Version : Vivado v.2020.2 (win64) Build 3064766 Wed Nov 18 09:12:45 MST 2020
| Date         : Tue Sep 29 14:17:46 2026
| Host         : MSI running 64-bit major release  (build 9200)
| Command      : upgrade_ip
| Device       : xc7z010clg400-1
------------------------------------------------------------------------------------

Upgrade Log for IP 'design_1_Gaussian_filter_0_0'

1. Summary
----------

SUCCESS in the conversion of design_1_Gaussian_filter_0_0 (xilinx.com:user:Gaussian_filter:1.0 (Rev. 2)) to Vivado generation flows.






Copyright 1986-2020 Xilinx, Inc. All Rights Reserved.
------------------------------------------------------------------------------------
| Tool Version : Vivado v.2020.2 (win64) Build 3064766 Wed Nov 18 09:12:45 MST 2020
| Date         : Tue Sep 29 12:04:40 2026
| Host         : MSI running 64-bit major release  (build 9200)
| Command      : upgrade_ip
| Device       : xc7z010clg400-1
------------------------------------------------------------------------------------

Upgrade Log for IP 'design_1_grayscale_filter_0_1'

1. Summary
----------

SUCCESS in the conversion of design_1_grayscale_filter_0_1 (xilinx.com:user:grayscale_filter:1.0 (Rev. 2)) to Vivado generation flows.






Copyright 1986-2020 Xilinx, Inc. All Rights Reserved.
------------------------------------------------------------------------------------
| Tool Version : Vivado v.2020.2 (win64) Build 3064766 Wed Nov 18 09:12:45 MST 2020
| Date         : Tue Sep 29 11:55:23 2026
| Host         : MSI running 64-bit major release  (build 9200)
| Command      : upgrade_ip
| Device       : xc7z010clg400-1
------------------------------------------------------------------------------------

Upgrade Log for IP 'design_1_grayscale_filter_0_1'

1. Summary
----------

SUCCESS in the conversion of design_1_grayscale_filter_0_1 (xilinx.com:user:grayscale_filter:1.0 (Rev. 2)) to Vivado generation flows.






Copyright 1986-2020 Xilinx, Inc. All Rights Reserved.
------------------------------------------------------------------------------------
| Tool Version : Vivado v.2020.2 (win64) Build 3064766 Wed Nov 18 09:12:45 MST 2020
| Date         : Mon Sep 28 18:36:40 2026
| Host         : MSI running 64-bit major release  (build 9200)
| Command      : upgrade_ip
| Device       : xc7z010clg400-1
------------------------------------------------------------------------------------

Upgrade Log for IP 'design_1_redim_filter_0_0'

1. Summary
----------

SUCCESS in the upgrade of design_1_redim_filter_0_0 (xilinx.com:user:redim_filter:1.0) from (Rev. 1) to (Rev. 2)






Copyright 1986-2020 Xilinx, Inc. All Rights Reserved.
------------------------------------------------------------------------------------
| Tool Version : Vivado v.2020.2 (win64) Build 3064766 Wed Nov 18 09:12:45 MST 2020
| Date         : Mon Sep 28 18:36:40 2026
| Host         : MSI running 64-bit major release  (build 9200)
| Command      : upgrade_ip
| Device       : xc7z010clg400-1
------------------------------------------------------------------------------------

Upgrade Log for IP 'design_1_grayscale_filter_0_0'

1. Summary
----------

SUCCESS in the upgrade of design_1_grayscale_filter_0_0 (xilinx.com:user:redim_filter:1.0) from (Rev. 1) to (Rev. 2)






Copyright 1986-2020 Xilinx, Inc. All Rights Reserved.
------------------------------------------------------------------------------------
| Tool Version : Vivado v.2020.2 (win64) Build 3064766 Wed Nov 18 09:12:45 MST 2020
| Date         : Mon Sep 28 18:27:40 2026
| Host         : MSI running 64-bit major release  (build 9200)
| Command      : upgrade_ip
| Device       : xc7z010clg400-1
------------------------------------------------------------------------------------

Upgrade Log for IP 'design_1_grayscale_filter_0_0'

1. Summary
----------

CAUTION (success, with warnings) in the upgrade of design_1_grayscale_filter_0_0 from xilinx.com:user:grayscale_filter:1.0 (Rev. 2) to xilinx.com:user:redim_filter:1.0 (Rev. 1)

After upgrade, an IP may have parameter and port differences compared to the original customization. Please review the parameters within the IP customization GUI to ensure proper functionality. Also, please review the updated IP instantiation template to ensure proper connectivity, and update your design if required.

2. Connection Warnings
----------------------

Detected external port differences while upgrading 'design_1_grayscale_filter_0_0'. These changes may impact your design.


-Upgraded port 'Axis_Tdata_in' width 8 differs from original width 24







Copyright 1986-2020 Xilinx, Inc. All Rights Reserved.
------------------------------------------------------------------------------------
| Tool Version : Vivado v.2020.2 (win64) Build 3064766 Wed Nov 18 09:12:45 MST 2020
| Date         : Mon Sep 28 18:27:14 2026
| Host         : MSI running 64-bit major release  (build 9200)
| Command      : upgrade_ip
| Device       : xc7z010clg400-1
------------------------------------------------------------------------------------

Upgrade Log for IP 'design_1_Gaussian_filter_0_1'

1. Summary
----------

SUCCESS in the conversion of design_1_Gaussian_filter_0_1 (xilinx.com:user:Gaussian_filter:1.0 (Rev. 2)) to Vivado generation flows.






Copyright 1986-2020 Xilinx, Inc. All Rights Reserved.
------------------------------------------------------------------------------------
| Tool Version : Vivado v.2020.2 (win64) Build 3064766 Wed Nov 18 09:12:45 MST 2020
| Date         : Mon Sep 28 18:19:00 2026
| Host         : MSI running 64-bit major release  (build 9200)
| Command      : upgrade_ip
| Device       : xc7z010clg400-1
------------------------------------------------------------------------------------

Upgrade Log for IP 'design_1_grayscale_filter_0_0'

1. Summary
----------

SUCCESS in the conversion of design_1_grayscale_filter_0_0 (xilinx.com:user:grayscale_filter:1.0 (Rev. 2)) to Vivado generation flows.

