
*** Running vivado
    with args -log design_1_Conv_axis_vga_0_0.vds -m64 -product Vivado -mode batch -messageDb vivado.pb -notrace -source design_1_Conv_axis_vga_0_0.tcl



****** Vivado v2020.2 (64-bit)
  **** SW Build 3064766 on Wed Nov 18 09:12:45 MST 2020
  **** IP Build 3064653 on Wed Nov 18 14:17:31 MST 2020
    ** Copyright 1986-2020 Xilinx, Inc. All Rights Reserved.

source design_1_Conv_axis_vga_0_0.tcl -notrace
INFO: [IP_Flow 19-234] Refreshing IP repositories
INFO: [IP_Flow 19-1700] Loaded user IP repository 'c:/Users/cleme/Desktop/POEI/Cours/Projet_Corner_detect/ip_repo'.
INFO: [IP_Flow 19-2313] Loaded Vivado IP repository 'C:/Xilinx/Vivado/2020.2/data/ip'.
WARNING: [IP_Flow 19-4995] The host OS only allows 260 characters in a normal path. The IP cache path is more than 80 characters. If you experience issues with IP caching, please consider changing the IP cache to a location with a shorter path. Alternately consider using the OS subst command to map part of the path to a drive letter. 
Current IP cache path is c:/Users/cleme/Desktop/POEI/Cours/Projet_Corner_detect/vivado_proj/Tambouille/TB_CMD_PS_PL_DMA.cache/ip 
Command: synth_design -top design_1_Conv_axis_vga_0_0 -part xc7z010clg400-1 -mode out_of_context
Starting synth_design
Attempting to get a license for feature 'Synthesis' and/or device 'xc7z010'
INFO: [Common 17-349] Got license for feature 'Synthesis' and/or device 'xc7z010'
INFO: [Device 21-403] Loading part xc7z010clg400-1
INFO: [Synth 8-7079] Multithreading enabled for synth_design using a maximum of 2 processes.
INFO: [Synth 8-7078] Launching helper process for spawning children vivado processes
INFO: [Synth 8-7075] Helper process launched with PID 3972
---------------------------------------------------------------------------------
Starting RTL Elaboration : Time (s): cpu = 00:00:05 ; elapsed = 00:00:05 . Memory (MB): peak = 1150.422 ; gain = 24.008
---------------------------------------------------------------------------------
INFO: [Synth 8-638] synthesizing module 'design_1_Conv_axis_vga_0_0' [c:/Users/cleme/Desktop/POEI/Cours/Projet_Corner_detect/vivado_proj/Tambouille/TB_CMD_PS_PL_DMA.gen/sources_1/bd/design_1/ip/design_1_Conv_axis_vga_0_0/synth/design_1_Conv_axis_vga_0_0.vhd:73]
	Parameter AXIS_TDATA_WIDTH bound to: 24 - type: integer 
INFO: [Synth 8-3491] module 'Conv_axis_vga' declared at 'c:/Users/cleme/Desktop/POEI/Cours/Projet_Corner_detect/vivado_proj/Tambouille/TB_CMD_PS_PL_DMA.gen/sources_1/bd/design_1/ipshared/2734/src/Conv_Axis_VGA.vhd:35' bound to instance 'U0' of component 'Conv_axis_vga' [c:/Users/cleme/Desktop/POEI/Cours/Projet_Corner_detect/vivado_proj/Tambouille/TB_CMD_PS_PL_DMA.gen/sources_1/bd/design_1/ip/design_1_Conv_axis_vga_0_0/synth/design_1_Conv_axis_vga_0_0.vhd:115]
INFO: [Synth 8-638] synthesizing module 'Conv_axis_vga' [c:/Users/cleme/Desktop/POEI/Cours/Projet_Corner_detect/vivado_proj/Tambouille/TB_CMD_PS_PL_DMA.gen/sources_1/bd/design_1/ipshared/2734/src/Conv_Axis_VGA.vhd:57]
	Parameter AXIS_TDATA_WIDTH bound to: 24 - type: integer 
INFO: [Synth 8-256] done synthesizing module 'Conv_axis_vga' (1#1) [c:/Users/cleme/Desktop/POEI/Cours/Projet_Corner_detect/vivado_proj/Tambouille/TB_CMD_PS_PL_DMA.gen/sources_1/bd/design_1/ipshared/2734/src/Conv_Axis_VGA.vhd:57]
INFO: [Synth 8-256] done synthesizing module 'design_1_Conv_axis_vga_0_0' (2#1) [c:/Users/cleme/Desktop/POEI/Cours/Projet_Corner_detect/vivado_proj/Tambouille/TB_CMD_PS_PL_DMA.gen/sources_1/bd/design_1/ip/design_1_Conv_axis_vga_0_0/synth/design_1_Conv_axis_vga_0_0.vhd:73]
---------------------------------------------------------------------------------
Finished RTL Elaboration : Time (s): cpu = 00:00:06 ; elapsed = 00:00:08 . Memory (MB): peak = 1205.328 ; gain = 78.914
---------------------------------------------------------------------------------
---------------------------------------------------------------------------------
Start Handling Custom Attributes
---------------------------------------------------------------------------------
---------------------------------------------------------------------------------
Finished Handling Custom Attributes : Time (s): cpu = 00:00:07 ; elapsed = 00:00:09 . Memory (MB): peak = 1205.328 ; gain = 78.914
---------------------------------------------------------------------------------
---------------------------------------------------------------------------------
Finished RTL Optimization Phase 1 : Time (s): cpu = 00:00:07 ; elapsed = 00:00:09 . Memory (MB): peak = 1205.328 ; gain = 78.914
---------------------------------------------------------------------------------
Netlist sorting complete. Time (s): cpu = 00:00:00 ; elapsed = 00:00:00.005 . Memory (MB): peak = 1205.328 ; gain = 0.000
INFO: [Project 1-570] Preparing netlist for logic optimization

Processing XDC Constraints
Initializing timing engine
Parsing XDC File [c:/Users/cleme/Desktop/POEI/Cours/Projet_Corner_detect/vivado_proj/Tambouille/TB_CMD_PS_PL_DMA.gen/sources_1/bd/design_1/ip/design_1_Conv_axis_vga_0_0/src/Cora-Z7-10-Master.xdc] for cell 'U0'
Finished Parsing XDC File [c:/Users/cleme/Desktop/POEI/Cours/Projet_Corner_detect/vivado_proj/Tambouille/TB_CMD_PS_PL_DMA.gen/sources_1/bd/design_1/ip/design_1_Conv_axis_vga_0_0/src/Cora-Z7-10-Master.xdc] for cell 'U0'
INFO: [Project 1-236] Implementation specific constraints were found while reading constraint file [c:/Users/cleme/Desktop/POEI/Cours/Projet_Corner_detect/vivado_proj/Tambouille/TB_CMD_PS_PL_DMA.gen/sources_1/bd/design_1/ip/design_1_Conv_axis_vga_0_0/src/Cora-Z7-10-Master.xdc]. These constraints will be ignored for synthesis but will be used in implementation. Impacted constraints are listed in the file [.Xil/design_1_Conv_axis_vga_0_0_propImpl.xdc].
Resolution: To avoid this warning, move constraints listed in [.Xil/design_1_Conv_axis_vga_0_0_propImpl.xdc] to another XDC file and exclude this new file from synthesis with the used_in_synthesis property (File Properties dialog in GUI) and re-run elaboration/synthesis.
Parsing XDC File [C:/Users/cleme/Desktop/POEI/Cours/Projet_Corner_detect/vivado_proj/Tambouille/TB_CMD_PS_PL_DMA.runs/design_1_Conv_axis_vga_0_0_synth_1/dont_touch.xdc]
Finished Parsing XDC File [C:/Users/cleme/Desktop/POEI/Cours/Projet_Corner_detect/vivado_proj/Tambouille/TB_CMD_PS_PL_DMA.runs/design_1_Conv_axis_vga_0_0_synth_1/dont_touch.xdc]
Completed Processing XDC Constraints

Netlist sorting complete. Time (s): cpu = 00:00:00 ; elapsed = 00:00:00 . Memory (MB): peak = 1318.023 ; gain = 0.000
INFO: [Project 1-111] Unisim Transformation Summary:
No Unisim elements were transformed.

Constraint Validation Runtime : Time (s): cpu = 00:00:00 ; elapsed = 00:00:00.024 . Memory (MB): peak = 1326.125 ; gain = 8.102
---------------------------------------------------------------------------------
Finished Constraint Validation : Time (s): cpu = 00:00:15 ; elapsed = 00:00:19 . Memory (MB): peak = 1326.125 ; gain = 199.711
---------------------------------------------------------------------------------
---------------------------------------------------------------------------------
Start Loading Part and Timing Information
---------------------------------------------------------------------------------
Loading part: xc7z010clg400-1
---------------------------------------------------------------------------------
Finished Loading Part and Timing Information : Time (s): cpu = 00:00:15 ; elapsed = 00:00:19 . Memory (MB): peak = 1326.125 ; gain = 199.711
---------------------------------------------------------------------------------
---------------------------------------------------------------------------------
Start Applying 'set_property' XDC Constraints
---------------------------------------------------------------------------------
Applied set_property KEEP_HIERARCHY = SOFT for U0. (constraint file  C:/Users/cleme/Desktop/POEI/Cours/Projet_Corner_detect/vivado_proj/Tambouille/TB_CMD_PS_PL_DMA.runs/design_1_Conv_axis_vga_0_0_synth_1/dont_touch.xdc, line 9).
---------------------------------------------------------------------------------
Finished applying 'set_property' XDC Constraints : Time (s): cpu = 00:00:15 ; elapsed = 00:00:19 . Memory (MB): peak = 1326.125 ; gain = 199.711
---------------------------------------------------------------------------------
---------------------------------------------------------------------------------
Finished RTL Optimization Phase 2 : Time (s): cpu = 00:00:15 ; elapsed = 00:00:19 . Memory (MB): peak = 1326.125 ; gain = 199.711
---------------------------------------------------------------------------------
---------------------------------------------------------------------------------
Start RTL Component Statistics 
---------------------------------------------------------------------------------
Detailed RTL Component Info : 
+---Registers : 
	                8 Bit    Registers := 3     
	                4 Bit    Registers := 3     
	                1 Bit    Registers := 2     
+---Muxes : 
	   2 Input    4 Bit        Muxes := 3     
	   2 Input    1 Bit        Muxes := 1     
---------------------------------------------------------------------------------
Finished RTL Component Statistics 
---------------------------------------------------------------------------------
---------------------------------------------------------------------------------
Start Part Resource Summary
---------------------------------------------------------------------------------
Part Resources:
DSPs: 80 (col length:40)
BRAMs: 120 (col length: RAMB18 40 RAMB36 20)
---------------------------------------------------------------------------------
Finished Part Resource Summary
---------------------------------------------------------------------------------
---------------------------------------------------------------------------------
Start Cross Boundary and Area Optimization
---------------------------------------------------------------------------------
---------------------------------------------------------------------------------
Finished Cross Boundary and Area Optimization : Time (s): cpu = 00:00:17 ; elapsed = 00:00:22 . Memory (MB): peak = 1326.125 ; gain = 199.711
---------------------------------------------------------------------------------
---------------------------------------------------------------------------------
Start Applying XDC Timing Constraints
---------------------------------------------------------------------------------
---------------------------------------------------------------------------------
Finished Applying XDC Timing Constraints : Time (s): cpu = 00:00:25 ; elapsed = 00:00:33 . Memory (MB): peak = 1326.125 ; gain = 199.711
---------------------------------------------------------------------------------
---------------------------------------------------------------------------------
Start Timing Optimization
---------------------------------------------------------------------------------
---------------------------------------------------------------------------------
Finished Timing Optimization : Time (s): cpu = 00:00:25 ; elapsed = 00:00:34 . Memory (MB): peak = 1326.125 ; gain = 199.711
---------------------------------------------------------------------------------
---------------------------------------------------------------------------------
Start Technology Mapping
---------------------------------------------------------------------------------
---------------------------------------------------------------------------------
Finished Technology Mapping : Time (s): cpu = 00:00:25 ; elapsed = 00:00:34 . Memory (MB): peak = 1326.125 ; gain = 199.711
---------------------------------------------------------------------------------
---------------------------------------------------------------------------------
Start IO Insertion
---------------------------------------------------------------------------------
---------------------------------------------------------------------------------
Start Flattening Before IO Insertion
---------------------------------------------------------------------------------
---------------------------------------------------------------------------------
Finished Flattening Before IO Insertion
---------------------------------------------------------------------------------
---------------------------------------------------------------------------------
Start Final Netlist Cleanup
---------------------------------------------------------------------------------
---------------------------------------------------------------------------------
Finished Final Netlist Cleanup
---------------------------------------------------------------------------------
---------------------------------------------------------------------------------
Finished IO Insertion : Time (s): cpu = 00:00:31 ; elapsed = 00:00:42 . Memory (MB): peak = 1330.484 ; gain = 204.070
---------------------------------------------------------------------------------
---------------------------------------------------------------------------------
Start Renaming Generated Instances
---------------------------------------------------------------------------------
---------------------------------------------------------------------------------
Finished Renaming Generated Instances : Time (s): cpu = 00:00:31 ; elapsed = 00:00:42 . Memory (MB): peak = 1330.484 ; gain = 204.070
---------------------------------------------------------------------------------
---------------------------------------------------------------------------------
Start Rebuilding User Hierarchy
---------------------------------------------------------------------------------
---------------------------------------------------------------------------------
Finished Rebuilding User Hierarchy : Time (s): cpu = 00:00:31 ; elapsed = 00:00:42 . Memory (MB): peak = 1330.484 ; gain = 204.070
---------------------------------------------------------------------------------
---------------------------------------------------------------------------------
Start Renaming Generated Ports
---------------------------------------------------------------------------------
---------------------------------------------------------------------------------
Finished Renaming Generated Ports : Time (s): cpu = 00:00:31 ; elapsed = 00:00:42 . Memory (MB): peak = 1330.484 ; gain = 204.070
---------------------------------------------------------------------------------
---------------------------------------------------------------------------------
Start Handling Custom Attributes
---------------------------------------------------------------------------------
---------------------------------------------------------------------------------
Finished Handling Custom Attributes : Time (s): cpu = 00:00:31 ; elapsed = 00:00:42 . Memory (MB): peak = 1330.484 ; gain = 204.070
---------------------------------------------------------------------------------
---------------------------------------------------------------------------------
Start Renaming Generated Nets
---------------------------------------------------------------------------------
---------------------------------------------------------------------------------
Finished Renaming Generated Nets : Time (s): cpu = 00:00:31 ; elapsed = 00:00:42 . Memory (MB): peak = 1330.484 ; gain = 204.070
---------------------------------------------------------------------------------
---------------------------------------------------------------------------------
Start Writing Synthesis Report
---------------------------------------------------------------------------------

Report BlackBoxes: 
+-+--------------+----------+
| |BlackBox name |Instances |
+-+--------------+----------+
+-+--------------+----------+

Report Cell Usage: 
+------+-------+------+
|      |Cell   |Count |
+------+-------+------+
|1     |CARRY4 |    16|
|2     |LUT1   |    11|
|3     |LUT2   |    65|
|4     |LUT3   |     1|
|5     |LUT4   |    13|
|6     |LUT5   |     1|
|7     |LUT6   |    11|
|8     |FDCE   |    48|
|9     |FDRE   |     2|
+------+-------+------+
---------------------------------------------------------------------------------
Finished Writing Synthesis Report : Time (s): cpu = 00:00:31 ; elapsed = 00:00:42 . Memory (MB): peak = 1330.484 ; gain = 204.070
---------------------------------------------------------------------------------
Synthesis finished with 0 errors, 0 critical warnings and 0 warnings.
Synthesis Optimization Runtime : Time (s): cpu = 00:00:21 ; elapsed = 00:00:38 . Memory (MB): peak = 1330.484 ; gain = 83.273
Synthesis Optimization Complete : Time (s): cpu = 00:00:31 ; elapsed = 00:00:42 . Memory (MB): peak = 1330.484 ; gain = 204.070
INFO: [Project 1-571] Translating synthesized netlist
Netlist sorting complete. Time (s): cpu = 00:00:00 ; elapsed = 00:00:00.003 . Memory (MB): peak = 1342.547 ; gain = 0.000
INFO: [Netlist 29-17] Analyzing 16 Unisim elements for replacement
INFO: [Netlist 29-28] Unisim Transformation completed in 0 CPU seconds
INFO: [Project 1-570] Preparing netlist for logic optimization
INFO: [Opt 31-138] Pushed 0 inverter(s) to 0 load pin(s).
Netlist sorting complete. Time (s): cpu = 00:00:00 ; elapsed = 00:00:00 . Memory (MB): peak = 1343.555 ; gain = 0.000
INFO: [Project 1-111] Unisim Transformation Summary:
No Unisim elements were transformed.

INFO: [Common 17-83] Releasing license: Synthesis
23 Infos, 1 Warnings, 0 Critical Warnings and 0 Errors encountered.
synth_design completed successfully
synth_design: Time (s): cpu = 00:00:40 ; elapsed = 00:01:01 . Memory (MB): peak = 1343.555 ; gain = 217.141
INFO: [Common 17-1381] The checkpoint 'C:/Users/cleme/Desktop/POEI/Cours/Projet_Corner_detect/vivado_proj/Tambouille/TB_CMD_PS_PL_DMA.runs/design_1_Conv_axis_vga_0_0_synth_1/design_1_Conv_axis_vga_0_0.dcp' has been generated.
WARNING: [Common 17-576] 'use_project_ipc' is deprecated. This option is deprecated and no longer used.
INFO: [Coretcl 2-1648] Added synthesis output to IP cache for IP design_1_Conv_axis_vga_0_0, cache-ID = 9ffc50ac0f16dd48
INFO: [Common 17-1381] The checkpoint 'C:/Users/cleme/Desktop/POEI/Cours/Projet_Corner_detect/vivado_proj/Tambouille/TB_CMD_PS_PL_DMA.runs/design_1_Conv_axis_vga_0_0_synth_1/design_1_Conv_axis_vga_0_0.dcp' has been generated.
INFO: [runtcl-4] Executing : report_utilization -file design_1_Conv_axis_vga_0_0_utilization_synth.rpt -pb design_1_Conv_axis_vga_0_0_utilization_synth.pb
INFO: [Common 17-206] Exiting Vivado at Wed Sep 23 09:46:24 2026...
