
*** Running vivado
    with args -log Custom_CMD_PS_PL_v1_0.vdi -applog -m64 -product Vivado -messageDb vivado.pb -mode batch -source Custom_CMD_PS_PL_v1_0.tcl -notrace



****** Vivado v2020.2 (64-bit)
  **** SW Build 3064766 on Wed Nov 18 09:12:45 MST 2020
  **** IP Build 3064653 on Wed Nov 18 14:17:31 MST 2020
    ** Copyright 1986-2020 Xilinx, Inc. All Rights Reserved.

source Custom_CMD_PS_PL_v1_0.tcl -notrace
INFO: [IP_Flow 19-234] Refreshing IP repositories
WARNING: [IP_Flow 19-2248] Failed to load user IP repository 'c:/Users/cleme/Desktop/POEI/Cours/Projet_Corner_detect/vivado_proj/ip_repo/Custom_CMD_PS_PL_1.0'; Can't find the specified path.
If this directory should no longer be in your list of user repositories, go to the IP Settings dialog and remove it.
INFO: [IP_Flow 19-1700] Loaded user IP repository 'c:/Users/cleme/Desktop/POEI/Cours/Projet_Corner_detect/ip_repo'.
INFO: [IP_Flow 19-2313] Loaded Vivado IP repository 'C:/Xilinx/Vivado/2020.2/data/ip'.
WARNING: [IP_Flow 19-4995] The host OS only allows 260 characters in a normal path. The IP cache path is more than 80 characters. If you experience issues with IP caching, please consider changing the IP cache to a location with a shorter path. Alternately consider using the OS subst command to map part of the path to a drive letter. 
Current IP cache path is C:/Users/cleme/Desktop/POEI/Cours/Projet_Corner_detect/vivado_proj/CMD_PS_PL_2/CMD_PS_PL_2.cache/ip 
Command: link_design -top Custom_CMD_PS_PL_v1_0 -part xc7z010clg400-1
Design is defaulting to srcset: sources_1
Design is defaulting to constrset: constrs_1
INFO: [Device 21-403] Loading part xc7z010clg400-1
Netlist sorting complete. Time (s): cpu = 00:00:00 ; elapsed = 00:00:00.003 . Memory (MB): peak = 1145.770 ; gain = 0.000
INFO: [Project 1-479] Netlist was created with Vivado 2020.2
INFO: [Project 1-570] Preparing netlist for logic optimization
Netlist sorting complete. Time (s): cpu = 00:00:00 ; elapsed = 00:00:00 . Memory (MB): peak = 1145.770 ; gain = 0.000
INFO: [Project 1-111] Unisim Transformation Summary:
No Unisim elements were transformed.

7 Infos, 2 Warnings, 0 Critical Warnings and 0 Errors encountered.
link_design completed successfully
link_design: Time (s): cpu = 00:00:05 ; elapsed = 00:00:07 . Memory (MB): peak = 1145.770 ; gain = 0.000
Command: opt_design
Attempting to get a license for feature 'Implementation' and/or device 'xc7z010'
INFO: [Common 17-349] Got license for feature 'Implementation' and/or device 'xc7z010'
Running DRC as a precondition to command opt_design

Starting DRC Task
INFO: [DRC 23-27] Running DRC with 2 threads
INFO: [Project 1-461] DRC finished with 0 Errors
INFO: [Project 1-462] Please refer to the DRC report (report_drc) for more information.

Time (s): cpu = 00:00:01 ; elapsed = 00:00:00.592 . Memory (MB): peak = 1145.770 ; gain = 0.000

Starting Cache Timing Information Task
INFO: [Timing 38-35] Done setting XDC timing constraints.
Ending Cache Timing Information Task | Checksum: 18b9f0475

Time (s): cpu = 00:00:04 ; elapsed = 00:00:05 . Memory (MB): peak = 1576.246 ; gain = 430.477

Starting Logic Optimization Task

Phase 1 Retarget
INFO: [Opt 31-138] Pushed 0 inverter(s) to 0 load pin(s).
INFO: [Opt 31-49] Retargeted 0 cell(s).
Phase 1 Retarget | Checksum: 18b9f0475

Time (s): cpu = 00:00:00 ; elapsed = 00:00:00.026 . Memory (MB): peak = 1786.648 ; gain = 0.000
INFO: [Opt 31-389] Phase Retarget created 0 cells and removed 0 cells

Phase 2 Constant propagation
INFO: [Opt 31-138] Pushed 0 inverter(s) to 0 load pin(s).
Phase 2 Constant propagation | Checksum: 18b9f0475

Time (s): cpu = 00:00:00 ; elapsed = 00:00:00.028 . Memory (MB): peak = 1786.648 ; gain = 0.000
INFO: [Opt 31-389] Phase Constant propagation created 0 cells and removed 0 cells

Phase 3 Sweep
Phase 3 Sweep | Checksum: 18b9f0475

Time (s): cpu = 00:00:00 ; elapsed = 00:00:00.031 . Memory (MB): peak = 1786.648 ; gain = 0.000
INFO: [Opt 31-389] Phase Sweep created 0 cells and removed 0 cells

Phase 4 BUFG optimization
Phase 4 BUFG optimization | Checksum: 18b9f0475

Time (s): cpu = 00:00:00 ; elapsed = 00:00:00.037 . Memory (MB): peak = 1786.648 ; gain = 0.000
INFO: [Opt 31-662] Phase BUFG optimization created 0 cells of which 0 are BUFGs and removed 0 cells.

Phase 5 Shift Register Optimization
INFO: [Opt 31-1064] SRL Remap converted 0 SRLs to 0 registers and converted 0 registers of register chains to 0 SRLs
Phase 5 Shift Register Optimization | Checksum: 18b9f0475

Time (s): cpu = 00:00:00 ; elapsed = 00:00:00.038 . Memory (MB): peak = 1786.648 ; gain = 0.000
INFO: [Opt 31-389] Phase Shift Register Optimization created 0 cells and removed 0 cells

Phase 6 Post Processing Netlist
Phase 6 Post Processing Netlist | Checksum: 18b9f0475

Time (s): cpu = 00:00:00 ; elapsed = 00:00:00.039 . Memory (MB): peak = 1786.648 ; gain = 0.000
INFO: [Opt 31-389] Phase Post Processing Netlist created 0 cells and removed 0 cells
Opt_design Change Summary
=========================


-------------------------------------------------------------------------------------------------------------------------
|  Phase                        |  #Cells created  |  #Cells Removed  |  #Constrained objects preventing optimizations  |
-------------------------------------------------------------------------------------------------------------------------
|  Retarget                     |               0  |               0  |                                              0  |
|  Constant propagation         |               0  |               0  |                                              0  |
|  Sweep                        |               0  |               0  |                                              0  |
|  BUFG optimization            |               0  |               0  |                                              0  |
|  Shift Register Optimization  |               0  |               0  |                                              0  |
|  Post Processing Netlist      |               0  |               0  |                                              0  |
-------------------------------------------------------------------------------------------------------------------------



Starting Connectivity Check Task

Time (s): cpu = 00:00:00 ; elapsed = 00:00:00.001 . Memory (MB): peak = 1786.648 ; gain = 0.000
Ending Logic Optimization Task | Checksum: 18b9f0475

Time (s): cpu = 00:00:00 ; elapsed = 00:00:00.041 . Memory (MB): peak = 1786.648 ; gain = 0.000

Starting Power Optimization Task
INFO: [Pwropt 34-132] Skipping clock gating for clocks with a period < 2.00 ns.
Ending Power Optimization Task | Checksum: 18b9f0475

Time (s): cpu = 00:00:00 ; elapsed = 00:00:00.005 . Memory (MB): peak = 1786.648 ; gain = 0.000

Starting Final Cleanup Task
Ending Final Cleanup Task | Checksum: 18b9f0475

Time (s): cpu = 00:00:00 ; elapsed = 00:00:00 . Memory (MB): peak = 1786.648 ; gain = 0.000

Starting Netlist Obfuscation Task
Netlist sorting complete. Time (s): cpu = 00:00:00 ; elapsed = 00:00:00 . Memory (MB): peak = 1786.648 ; gain = 0.000
Ending Netlist Obfuscation Task | Checksum: 18b9f0475

Time (s): cpu = 00:00:00 ; elapsed = 00:00:00 . Memory (MB): peak = 1786.648 ; gain = 0.000
INFO: [Common 17-83] Releasing license: Implementation
24 Infos, 2 Warnings, 0 Critical Warnings and 0 Errors encountered.
opt_design completed successfully
opt_design: Time (s): cpu = 00:00:06 ; elapsed = 00:00:07 . Memory (MB): peak = 1786.648 ; gain = 640.879
INFO: [Common 17-1381] The checkpoint 'C:/Users/cleme/Desktop/POEI/Cours/Projet_Corner_detect/vivado_proj/CMD_PS_PL_2/CMD_PS_PL_2.runs/impl_1/Custom_CMD_PS_PL_v1_0_opt.dcp' has been generated.
INFO: [runtcl-4] Executing : report_drc -file Custom_CMD_PS_PL_v1_0_drc_opted.rpt -pb Custom_CMD_PS_PL_v1_0_drc_opted.pb -rpx Custom_CMD_PS_PL_v1_0_drc_opted.rpx
Command: report_drc -file Custom_CMD_PS_PL_v1_0_drc_opted.rpt -pb Custom_CMD_PS_PL_v1_0_drc_opted.pb -rpx Custom_CMD_PS_PL_v1_0_drc_opted.rpx
INFO: [IP_Flow 19-1839] IP Catalog is up to date.
INFO: [Timing 38-35] Done setting XDC timing constraints.
INFO: [DRC 23-27] Running DRC with 2 threads
INFO: [Coretcl 2-168] The results of DRC are in file C:/Users/cleme/Desktop/POEI/Cours/Projet_Corner_detect/vivado_proj/CMD_PS_PL_2/CMD_PS_PL_2.runs/impl_1/Custom_CMD_PS_PL_v1_0_drc_opted.rpt.
report_drc completed successfully
Command: place_design
Attempting to get a license for feature 'Implementation' and/or device 'xc7z010'
INFO: [Common 17-349] Got license for feature 'Implementation' and/or device 'xc7z010'
INFO: [DRC 23-27] Running DRC with 2 threads
INFO: [Vivado_Tcl 4-198] DRC finished with 0 Errors
INFO: [Vivado_Tcl 4-199] Please refer to the DRC report (report_drc) for more information.
Running DRC as a precondition to command place_design
INFO: [DRC 23-27] Running DRC with 2 threads
INFO: [Vivado_Tcl 4-198] DRC finished with 0 Errors
INFO: [Vivado_Tcl 4-199] Please refer to the DRC report (report_drc) for more information.

Starting Placer Task
INFO: [Place 30-611] Multithreading enabled for place_design using a maximum of 2 CPUs

Phase 1 Placer Initialization

Phase 1.1 Placer Initialization Netlist Sorting
Netlist sorting complete. Time (s): cpu = 00:00:00 ; elapsed = 00:00:00.001 . Memory (MB): peak = 1828.633 ; gain = 0.000
Phase 1.1 Placer Initialization Netlist Sorting | Checksum: a09b2909

Time (s): cpu = 00:00:00 ; elapsed = 00:00:00.004 . Memory (MB): peak = 1828.633 ; gain = 0.000
Netlist sorting complete. Time (s): cpu = 00:00:00 ; elapsed = 00:00:00 . Memory (MB): peak = 1828.633 ; gain = 0.000

Phase 1.2 IO Placement/ Clock Placement/ Build Placer Device
ERROR: [Place 30-58] IO placement is infeasible. Number of unplaced terminals (140) is greater than number of available sites (100).
The following are banks with available pins: 
 IO Group: 0 with : SioStd: LVCMOS18   VCCO = 1.8 Termination: 0  TermDir:  Out  RangeId: 1 Drv: 12  has only 100 sites available on device, but needs 140 sites.
	Term: s00_DMA_BA[0]
	Term: s00_DMA_BA[1]
	Term: s00_DMA_BA[2]
	Term: s00_DMA_BA[3]
	Term: s00_DMA_BA[4]
	Term: s00_DMA_BA[5]
	Term: s00_DMA_BA[6]
	Term: s00_DMA_BA[7]
	Term: s00_DMA_BA[8]
	Term: s00_DMA_BA[9]
	Term: s00_DMA_BA[10]
	Term: s00_DMA_BA[11]
	Term: s00_DMA_BA[12]
	Term: s00_DMA_BA[13]
	Term: s00_DMA_BA[14]
	Term: s00_DMA_BA[15]
	Term: s00_DMA_BA[16]
	Term: s00_DMA_BA[17]
	Term: s00_DMA_BA[18]
	Term: s00_DMA_BA[19]
	Term: s00_DMA_BA[20]
	Term: s00_DMA_BA[21]
	Term: s00_DMA_BA[22]
	Term: s00_DMA_BA[23]
	Term: s00_DMA_BA[24]
	Term: s00_DMA_BA[25]
	Term: s00_DMA_BA[26]
	Term: s00_DMA_BA[27]
	Term: s00_DMA_BA[28]
	Term: s00_DMA_BA[29]
	Term: s00_DMA_BA[30]
	Term: s00_DMA_BA[31]
	Term: s00_DMA_BA[32]
	Term: s00_DMA_BA[33]
	Term: s00_DMA_BA[34]
	Term: s00_DMA_BA[35]
	Term: s00_DMA_BA[36]
	Term: s00_DMA_BA[37]
	Term: s00_DMA_BA[38]
	Term: s00_DMA_BA[39]
	Term: s00_DMA_BA[40]
	Term: s00_DMA_BA[41]
	Term: s00_DMA_BA[42]
	Term: s00_DMA_BA[43]
	Term: s00_DMA_BA[44]
	Term: s00_DMA_BA[45]
	Term: s00_DMA_BA[46]
	Term: s00_DMA_BA[47]
	Term: s00_DMA_BA[48]
	Term: s00_DMA_BA[49]
	Term: s00_DMA_BA[50]
	Term: s00_DMA_BA[51]
	Term: s00_DMA_BA[52]
	Term: s00_DMA_BA[53]
	Term: s00_DMA_BA[54]
	Term: s00_DMA_BA[55]
	Term: s00_DMA_BA[56]
	Term: s00_DMA_BA[57]
	Term: s00_DMA_BA[58]
	Term: s00_DMA_BA[59]
	Term: s00_DMA_BA[60]
	Term: s00_DMA_BA[61]
	Term: s00_DMA_BA[62]
	Term: s00_DMA_BA[63]
	Term: s00_axi_rdata[0]
	Term: s00_axi_rdata[1]
	Term: s00_axi_rdata[2]
	Term: s00_axi_rdata[3]
	Term: s00_axi_rdata[4]
	Term: s00_axi_rdata[5]
	Term: s00_axi_rdata[6]
	Term: s00_axi_rdata[7]
	Term: s00_axi_rdata[8]
	Term: s00_axi_rdata[9]
	Term: s00_axi_rdata[10]
	Term: s00_axi_rdata[11]
	Term: s00_axi_rdata[12]
	Term: s00_axi_rdata[13]
	Term: s00_axi_rdata[14]
	Term: s00_axi_rdata[15]
	Term: s00_axi_rdata[16]
	Term: s00_axi_rdata[17]
	Term: s00_axi_rdata[18]
	Term: s00_axi_rdata[19]
	Term: s00_axi_rdata[20]
	Term: s00_axi_rdata[21]
	Term: s00_axi_rdata[22]
	Term: s00_axi_rdata[23]
	Term: s00_axi_rdata[24]
	Term: s00_axi_rdata[25]
	Term: s00_axi_rdata[26]
	Term: s00_axi_rdata[27]
	Term: s00_axi_rdata[28]
	Term: s00_axi_rdata[29]
	Term: s00_axi_rdata[30]
	Term: s00_axi_rdata[31]
	Term: s00_DMA_img_h[0]
	Term: s00_DMA_img_h[1]
	Term: s00_DMA_img_h[2]
	Term: s00_DMA_img_h[3]
	Term: s00_DMA_img_h[4]
	Term: s00_DMA_img_h[5]
	Term: s00_DMA_img_h[6]
	Term: s00_DMA_img_h[7]
	Term: s00_DMA_img_h[8]
	Term: s00_DMA_img_h[9]
	Term: s00_DMA_img_h[10]
	Term: s00_DMA_img_h[11]
	Term: s00_DMA_img_w[0]
	Term: s00_DMA_img_w[1]
	Term: s00_DMA_img_w[2]
	Term: s00_DMA_img_w[3]
	Term: s00_DMA_img_w[4]
	Term: s00_DMA_img_w[5]
	Term: s00_DMA_img_w[6]
	Term: s00_DMA_img_w[7]
	Term: s00_DMA_img_w[8]
	Term: s00_DMA_img_w[9]
	Term: s00_DMA_img_w[10]
	Term: s00_DMA_img_w[11]
	Term: s00_Val_seuil[0]
	Term: s00_Val_seuil[1]
	Term: s00_Val_seuil[2]
	Term: s00_Val_seuil[3]
	Term: s00_Val_seuil[4]
	Term: s00_Val_seuil[5]
	Term: s00_Val_seuil[6]
	Term: s00_Val_seuil[7]
	Term: s00_axi_bresp[0]
	Term: s00_axi_bresp[1]
	Term: s00_axi_rresp[0]
	Term: s00_axi_rresp[1]
	Term: s00_DMA_ap_start
	Term: s00_Sel_flux_1
	Term: s00_Sel_flux_2
	Term: s00_axi_arready
	Term: s00_axi_awready
	Term: s00_axi_bvalid
	Term: s00_axi_rvalid
	Term: s00_axi_wready


ERROR: [Place 30-58] IO placement is infeasible. Number of unplaced terminals (193) is greater than number of available sites (100).
The following are banks with available pins: 
 IO Group: 0 with : SioStd: LVCMOS18   VCCO = 1.8 Termination: 0  TermDir:  Out  RangeId: 1 Drv: 12  has only 100 sites available on device, but needs 140 sites.
	Term: s00_DMA_BA[0]
	Term: s00_DMA_BA[1]
	Term: s00_DMA_BA[2]
	Term: s00_DMA_BA[3]
	Term: s00_DMA_BA[4]
	Term: s00_DMA_BA[5]
	Term: s00_DMA_BA[6]
	Term: s00_DMA_BA[7]
	Term: s00_DMA_BA[8]
	Term: s00_DMA_BA[9]
	Term: s00_DMA_BA[10]
	Term: s00_DMA_BA[11]
	Term: s00_DMA_BA[12]
	Term: s00_DMA_BA[13]
	Term: s00_DMA_BA[14]
	Term: s00_DMA_BA[15]
	Term: s00_DMA_BA[16]
	Term: s00_DMA_BA[17]
	Term: s00_DMA_BA[18]
	Term: s00_DMA_BA[19]
	Term: s00_DMA_BA[20]
	Term: s00_DMA_BA[21]
	Term: s00_DMA_BA[22]
	Term: s00_DMA_BA[23]
	Term: s00_DMA_BA[24]
	Term: s00_DMA_BA[25]
	Term: s00_DMA_BA[26]
	Term: s00_DMA_BA[27]
	Term: s00_DMA_BA[28]
	Term: s00_DMA_BA[29]
	Term: s00_DMA_BA[30]
	Term: s00_DMA_BA[31]
	Term: s00_DMA_BA[32]
	Term: s00_DMA_BA[33]
	Term: s00_DMA_BA[34]
	Term: s00_DMA_BA[35]
	Term: s00_DMA_BA[36]
	Term: s00_DMA_BA[37]
	Term: s00_DMA_BA[38]
	Term: s00_DMA_BA[39]
	Term: s00_DMA_BA[40]
	Term: s00_DMA_BA[41]
	Term: s00_DMA_BA[42]
	Term: s00_DMA_BA[43]
	Term: s00_DMA_BA[44]
	Term: s00_DMA_BA[45]
	Term: s00_DMA_BA[46]
	Term: s00_DMA_BA[47]
	Term: s00_DMA_BA[48]
	Term: s00_DMA_BA[49]
	Term: s00_DMA_BA[50]
	Term: s00_DMA_BA[51]
	Term: s00_DMA_BA[52]
	Term: s00_DMA_BA[53]
	Term: s00_DMA_BA[54]
	Term: s00_DMA_BA[55]
	Term: s00_DMA_BA[56]
	Term: s00_DMA_BA[57]
	Term: s00_DMA_BA[58]
	Term: s00_DMA_BA[59]
	Term: s00_DMA_BA[60]
	Term: s00_DMA_BA[61]
	Term: s00_DMA_BA[62]
	Term: s00_DMA_BA[63]
	Term: s00_axi_rdata[0]
	Term: s00_axi_rdata[1]
	Term: s00_axi_rdata[2]
	Term: s00_axi_rdata[3]
	Term: s00_axi_rdata[4]
	Term: s00_axi_rdata[5]
	Term: s00_axi_rdata[6]
	Term: s00_axi_rdata[7]
	Term: s00_axi_rdata[8]
	Term: s00_axi_rdata[9]
	Term: s00_axi_rdata[10]
	Term: s00_axi_rdata[11]
	Term: s00_axi_rdata[12]
	Term: s00_axi_rdata[13]
	Term: s00_axi_rdata[14]
	Term: s00_axi_rdata[15]
	Term: s00_axi_rdata[16]
	Term: s00_axi_rdata[17]
	Term: s00_axi_rdata[18]
	Term: s00_axi_rdata[19]
	Term: s00_axi_rdata[20]
	Term: s00_axi_rdata[21]
	Term: s00_axi_rdata[22]
	Term: s00_axi_rdata[23]
	Term: s00_axi_rdata[24]
	Term: s00_axi_rdata[25]
	Term: s00_axi_rdata[26]
	Term: s00_axi_rdata[27]
	Term: s00_axi_rdata[28]
	Term: s00_axi_rdata[29]
	Term: s00_axi_rdata[30]
	Term: s00_axi_rdata[31]
	Term: s00_DMA_img_h[0]
	Term: s00_DMA_img_h[1]
	Term: s00_DMA_img_h[2]
	Term: s00_DMA_img_h[3]
	Term: s00_DMA_img_h[4]
	Term: s00_DMA_img_h[5]
	Term: s00_DMA_img_h[6]
	Term: s00_DMA_img_h[7]
	Term: s00_DMA_img_h[8]
	Term: s00_DMA_img_h[9]
	Term: s00_DMA_img_h[10]
	Term: s00_DMA_img_h[11]
	Term: s00_DMA_img_w[0]
	Term: s00_DMA_img_w[1]
	Term: s00_DMA_img_w[2]
	Term: s00_DMA_img_w[3]
	Term: s00_DMA_img_w[4]
	Term: s00_DMA_img_w[5]
	Term: s00_DMA_img_w[6]
	Term: s00_DMA_img_w[7]
	Term: s00_DMA_img_w[8]
	Term: s00_DMA_img_w[9]
	Term: s00_DMA_img_w[10]
	Term: s00_DMA_img_w[11]
	Term: s00_Val_seuil[0]
	Term: s00_Val_seuil[1]
	Term: s00_Val_seuil[2]
	Term: s00_Val_seuil[3]
	Term: s00_Val_seuil[4]
	Term: s00_Val_seuil[5]
	Term: s00_Val_seuil[6]
	Term: s00_Val_seuil[7]
	Term: s00_axi_bresp[0]
	Term: s00_axi_bresp[1]
	Term: s00_axi_rresp[0]
	Term: s00_axi_rresp[1]
	Term: s00_DMA_ap_start
	Term: s00_Sel_flux_1
	Term: s00_Sel_flux_2
	Term: s00_axi_arready
	Term: s00_axi_awready
	Term: s00_axi_bvalid
	Term: s00_axi_rvalid
	Term: s00_axi_wready


ERROR: [Place 30-374] IO placer failed to find a solution
Below is the partial placement that can be analyzed to see if any constraint modifications will make the IO placement problem easier to solve.

+-------------------------------------------------------------------------------------------------------------------------------------------------------------------------+
|                                                                     IO Placement : Bank Stats                                                                           |
+----+-------+-------+------------------------------------------------------------------------+------------------------------------------+--------+--------+--------+-----+
| Id | Pins  | Terms |                               Standards                                |                IDelayCtrls               |  VREF  |  VCCO  |   VR   | DCI |
+----+-------+-------+------------------------------------------------------------------------+------------------------------------------+--------+--------+--------+-----+
|  0 |     0 |     0 |                                                                        |                                          |        |        |        |     |
| 13 |     0 |     0 |                                                                        |                                          |        |        |        |     |
| 34 |    50 |     0 |                                                                        |                                          |        |        |        |     |
| 35 |    50 |     0 |                                                                        |                                          |        |        |        |     |
+----+-------+-------+------------------------------------------------------------------------+------------------------------------------+--------+--------+--------+-----+
|    |   100 |     0 |                                                                        |                                          |        |        |        |     |
+----+-------+-------+------------------------------------------------------------------------+------------------------------------------+--------+--------+--------+-----+

IO Placement:
+--------+----------------------+-----------------+----------------------+----------------------+----------------------+
| BankId |             Terminal | Standard        | Site                 | Pin                  | Attributes           |
+--------+----------------------+-----------------+----------------------+----------------------+----------------------+

Phase 1.2 IO Placement/ Clock Placement/ Build Placer Device | Checksum: 1a56279d

Time (s): cpu = 00:00:00 ; elapsed = 00:00:00.216 . Memory (MB): peak = 1828.633 ; gain = 0.000
Phase 1 Placer Initialization | Checksum: 1a56279d

Time (s): cpu = 00:00:00 ; elapsed = 00:00:00.217 . Memory (MB): peak = 1828.633 ; gain = 0.000
ERROR: [Place 30-99] Placer failed with error: 'IO Clock Placer failed'
Please review all ERROR, CRITICAL WARNING, and WARNING messages during placement to understand the cause for failure.
Ending Placer Task | Checksum: 1a56279d

Time (s): cpu = 00:00:00 ; elapsed = 00:00:00.218 . Memory (MB): peak = 1828.633 ; gain = 0.000
INFO: [Common 17-83] Releasing license: Implementation
39 Infos, 2 Warnings, 0 Critical Warnings and 5 Errors encountered.
place_design failed
ERROR: [Common 17-69] Command failed: Placer could not place all instances
INFO: [Common 17-206] Exiting Vivado at Wed Sep 16 09:46:14 2026...
