#-----------------------------------------------------------
# Vivado v2020.2 (64-bit)
# SW Build 3064766 on Wed Nov 18 09:12:45 MST 2020
# IP Build 3064653 on Wed Nov 18 14:17:31 MST 2020
# Start of session at: Thu Sep 24 16:50:12 2026
# Process ID: 37252
# Current directory: C:/Users/cleme/Desktop/POEI/Cours/Projet_Corner_detect/vivado_proj/0_Pilotage_ecran
# Command line: vivado.exe -gui_launcher_event rodinguilauncherevent13172 C:\Users\cleme\Desktop\POEI\Cours\Projet_Corner_detect\vivado_proj\0_Pilotage_ecran\Pil_ecran.xpr
# Log file: C:/Users/cleme/Desktop/POEI/Cours/Projet_Corner_detect/vivado_proj/0_Pilotage_ecran/vivado.log
# Journal file: C:/Users/cleme/Desktop/POEI/Cours/Projet_Corner_detect/vivado_proj/0_Pilotage_ecran\vivado.jou
#-----------------------------------------------------------
start_gui
open_project C:/Users/cleme/Desktop/POEI/Cours/Projet_Corner_detect/vivado_proj/0_Pilotage_ecran/Pil_ecran.xpr
INFO: [ProjectBase 1-489] The host OS only allows 260 characters in a normal path. The project is stored in a path with more than 80 characters. If you experience issues with IP, Block Designs, or files not being found, please consider moving the project to a location with a shorter path. Alternately consider using the OS subst command to map part of the path to a drive letter.
Current project path is 'C:/Users/cleme/Desktop/POEI/Cours/Projet_Corner_detect/vivado_proj/0_Pilotage_ecran'
INFO: [Project 1-313] Project file moved from 'C:/Users/cleme/Desktop/POEI/Cours/Projet_Corner_detect/vivado_proj/Pilotage_ecran' since last save.
WARNING: [filemgmt 56-3] IP Repository Path: Could not find the directory 'C:/Users/cleme/Desktop/POEI/Cours/Projet_Corner_detect/ip_repo/PIL_Ecran'.
WARNING: [filemgmt 56-2] Default IP Output Path : Could not find the directory 'C:/Users/cleme/Desktop/POEI/Cours/Projet_Corner_detect/vivado_proj/0_Pilotage_ecran/Pil_ecran.gen/sources_1', nor could it be found using path 'C:/Users/cleme/Desktop/POEI/Cours/Projet_Corner_detect/vivado_proj/Pilotage_ecran/Pil_ecran.gen/sources_1'.
CRITICAL WARNING: [Project 1-19] Could not find the file 'C:/Users/cleme/Desktop/POEI/Cours/Projet_Corner_detect/ip_repo/PIL_Ecran/component.xml'.
CRITICAL WARNING: [Project 1-19] Could not find the file 'C:/Users/cleme/Desktop/POEI/Cours/Projet_Corner_detect/vivado_proj/TestPatterns/Axi4s_driver.vhd'.
CRITICAL WARNING: [Project 1-19] Could not find the file 'C:/Users/cleme/Desktop/POEI/Cours/Projet_Corner_detect/vivado_proj/TestPatterns/sample_in_r.txt'.
CRITICAL WARNING: [Project 1-19] Could not find the file 'C:/Users/cleme/Desktop/POEI/Cours/Projet_Corner_detect/vivado_proj/TestPatterns/sample_in_b.txt'.
CRITICAL WARNING: [Project 1-19] Could not find the file 'C:/Users/cleme/Desktop/POEI/Cours/Projet_Corner_detect/vivado_proj/TestPatterns/sample_in_g.txt'.
Scanning sources...
Finished scanning sources
INFO: [IP_Flow 19-234] Refreshing IP repositories
WARNING: [IP_Flow 19-2248] Failed to load user IP repository 'c:/Users/cleme/Desktop/POEI/Cours/Projet_Corner_detect/ip_repo/PIL_Ecran'; Can't find the specified path.
If this directory should no longer be in your list of user repositories, go to the IP Settings dialog and remove it.
INFO: [IP_Flow 19-2313] Loaded Vivado IP repository 'C:/Xilinx/Vivado/2020.2/data/ip'.
reset_run synth_1
WARNING: [Vivado 12-1017] Problems encountered:
1. Failed to delete one or more files in run directory C:/Users/cleme/Desktop/POEI/Cours/Projet_Corner_detect/vivado_proj/0_Pilotage_ecran/Pil_ecran.runs/synth_1

launch_runs synth_1 -jobs 8
[Thu Sep 24 16:57:02 2026] Launched synth_1...
Run output will be captured here: C:/Users/cleme/Desktop/POEI/Cours/Projet_Corner_detect/vivado_proj/0_Pilotage_ecran/Pil_ecran.runs/synth_1/runme.log
ipx::package_project -root_dir C:/Users/cleme/Desktop/POEI/Cours/Projet_Corner_detect/ip_repo/0_PIL_Ecran -vendor xilinx.com -library user -taxonomy /UserIP -import_files -set_current false -force
WARNING: [Ipptcl 7-1467] The compile order has been set manually. This prevents the packager from updating                 it if necessary. If errors related to compile order occur, try enabling automatic                 reordering, or calling package_project with the -force_update_compile_order option
CRITICAL WARNING: [IP_Flow 19-663] Failed to copy file 'c:/Users/cleme/Desktop/POEI/Cours/Projet_Corner_detect/vivado_proj/TestPatterns/Axi4s_driver.vhd', it does not exist.
CRITICAL WARNING: [IP_Flow 19-157] Failed to copy file from 'c:/Users/cleme/Desktop/POEI/Cours/Projet_Corner_detect/vivado_proj/TestPatterns/Axi4s_driver.vhd' to 'c:/Users/cleme/Desktop/POEI/Cours/Projet_Corner_detect/ip_repo/0_PIL_Ecran/src/Axi4s_driver.vhd'.
INFO: [IP_Flow 19-5107] Inferred bus interface 'axis' of definition 'xilinx.com:interface:axis:1.0' (from Xilinx Repository).
INFO: [IP_Flow 19-5107] Inferred bus interface 'resetn' of definition 'xilinx.com:signal:reset:1.0' (from Xilinx Repository).
INFO: [IP_Flow 19-5107] Inferred bus interface 'clk' of definition 'xilinx.com:signal:clock:1.0' (from Xilinx Repository).
INFO: [IP_Flow 19-4728] Bus Interface 'resetn': Added interface parameter 'POLARITY' with value 'ACTIVE_LOW'.
INFO: [IP_Flow 19-4728] Bus Interface 'clk': Added interface parameter 'ASSOCIATED_BUSIF' with value 'axis'.
INFO: [IP_Flow 19-4728] Bus Interface 'clk': Added interface parameter 'ASSOCIATED_RESET' with value 'resetn'.
WARNING: [IP_Flow 19-5905] All packaged files should be located below the IP definition file (xml)
CRITICAL WARNING: [IP_Flow 19-530] File Group 'xilinx_testbench (Test Bench)': Component file '../../vivado_proj/TestPatterns/Axi4s_driver.vhd' (c:/Users/cleme/Desktop/POEI/Cours/Projet_Corner_detect/ip_repo/0_PIL_Ecran/../../vivado_proj/TestPatterns/Axi4s_driver.vhd) does not exist.
INFO: [IP_Flow 19-2181] Payment Required is not set for this core.
INFO: [IP_Flow 19-2187] The Product Guide file is missing.
ipx::unload_core c:/Users/cleme/Desktop/POEI/Cours/Projet_Corner_detect/ip_repo/0_PIL_Ecran/component.xml
ipx::edit_ip_in_project -upgrade true -name tmp_edit_project -directory C:/Users/cleme/Desktop/POEI/Cours/Projet_Corner_detect/ip_repo/0_PIL_Ecran c:/Users/cleme/Desktop/POEI/Cours/Projet_Corner_detect/ip_repo/0_PIL_Ecran/component.xml
INFO: [IP_Flow 19-234] Refreshing IP repositories
INFO: [IP_Flow 19-1704] No user IP repositories specified
INFO: [IP_Flow 19-2313] Loaded Vivado IP repository 'C:/Xilinx/Vivado/2020.2/data/ip'.
INFO: [IP_Flow 19-234] Refreshing IP repositories
WARNING: [IP_Flow 19-2248] Failed to load user IP repository 'c:/Users/cleme/Desktop/POEI/Cours/Projet_Corner_detect/ip_repo/PIL_Ecran'; Can't find the specified path.
If this directory should no longer be in your list of user repositories, go to the IP Settings dialog and remove it.
INFO: [IP_Flow 19-795] Syncing license key meta-data
CRITICAL WARNING: [IP_Flow 19-3667] Component file 'c:/Users/cleme/Desktop/POEI/Cours/Projet_Corner_detect/vivado_proj/TestPatterns/Axi4s_driver.vhd' does not exist. The file is ignored.
update_compile_order -fileset sources_1
set_property core_revision 2 [ipx::current_core]
ipx::update_source_project_archive -component [ipx::current_core]
ipx::create_xgui_files [ipx::current_core]
ipx::update_checksums [ipx::current_core]
ipx::check_integrity [ipx::current_core]
WARNING: [IP_Flow 19-5905] All packaged files should be located below the IP definition file (xml)
CRITICAL WARNING: [IP_Flow 19-530] File Group 'xilinx_testbench (Test Bench)': Component file '../../vivado_proj/TestPatterns/Axi4s_driver.vhd' (c:/Users/cleme/Desktop/POEI/Cours/Projet_Corner_detect/ip_repo/0_PIL_Ecran/../../vivado_proj/TestPatterns/Axi4s_driver.vhd) does not exist.
INFO: [IP_Flow 19-2181] Payment Required is not set for this core.
INFO: [IP_Flow 19-2187] The Product Guide file is missing.
INFO: [Ipptcl 7-1486] check_integrity: Integrity check passed.
ipx::save_core [ipx::current_core]
ipx::move_temp_component_back -component [ipx::current_core]
close_project -delete
set_property  ip_repo_paths  {c:/Users/cleme/Desktop/POEI/Cours/Projet_Corner_detect/ip_repo/0_PIL_Ecran c:/Users/cleme/Desktop/POEI/Cours/Projet_Corner_detect/ip_repo/PIL_Ecran} [current_project]
update_ip_catalog
INFO: [IP_Flow 19-234] Refreshing IP repositories
INFO: [IP_Flow 19-1700] Loaded user IP repository 'c:/Users/cleme/Desktop/POEI/Cours/Projet_Corner_detect/ip_repo/0_PIL_Ecran'.
WARNING: [IP_Flow 19-2248] Failed to load user IP repository 'c:/Users/cleme/Desktop/POEI/Cours/Projet_Corner_detect/ip_repo/PIL_Ecran'; Can't find the specified path.
If this directory should no longer be in your list of user repositories, go to the IP Settings dialog and remove it.
exit
INFO: [Common 17-206] Exiting Vivado at Thu Sep 24 17:00:27 2026...
