
*** Running vivado
    with args -log Test_TPG_Pil_ecran_wrapper.vdi -applog -m64 -product Vivado -messageDb vivado.pb -mode batch -source Test_TPG_Pil_ecran_wrapper.tcl -notrace



****** Vivado v2020.2 (64-bit)
  **** SW Build 3064766 on Wed Nov 18 09:12:45 MST 2020
  **** IP Build 3064653 on Wed Nov 18 14:17:31 MST 2020
    ** Copyright 1986-2020 Xilinx, Inc. All Rights Reserved.

source Test_TPG_Pil_ecran_wrapper.tcl -notrace
create_project: Time (s): cpu = 00:00:05 ; elapsed = 00:00:07 . Memory (MB): peak = 1143.879 ; gain = 0.000
INFO: [IP_Flow 19-234] Refreshing IP repositories
INFO: [IP_Flow 19-1700] Loaded user IP repository 'c:/Users/cleme/Desktop/POEI/Cours/Projet_Corner_detect/ip_repo'.
INFO: [IP_Flow 19-2313] Loaded Vivado IP repository 'C:/Xilinx/Vivado/2020.2/data/ip'.
WARNING: [IP_Flow 19-4995] The host OS only allows 260 characters in a normal path. The IP cache path is more than 80 characters. If you experience issues with IP caching, please consider changing the IP cache to a location with a shorter path. Alternately consider using the OS subst command to map part of the path to a drive letter. 
Current IP cache path is C:/Users/cleme/Desktop/POEI/Cours/Projet_Corner_detect/vivado_proj/General/Projet_Complet.cache/ip 
Command: link_design -top Test_TPG_Pil_ecran_wrapper -part xc7z010clg400-1
Design is defaulting to srcset: sources_1
Design is defaulting to constrset: constrs_1
INFO: [Device 21-403] Loading part xc7z010clg400-1
INFO: [Project 1-454] Reading design checkpoint 'c:/Users/cleme/Desktop/POEI/Cours/Projet_Corner_detect/vivado_proj/General/Projet_Complet.gen/sources_1/bd/Test_TPG_Pil_ecran/ip/Test_TPG_Pil_ecran_Conv_axis_vga_0_1/Test_TPG_Pil_ecran_Conv_axis_vga_0_1.dcp' for cell 'Test_TPG_Pil_ecran_i/Conv_axis_vga_0'
INFO: [Project 1-454] Reading design checkpoint 'c:/Users/cleme/Desktop/POEI/Cours/Projet_Corner_detect/vivado_proj/General/Projet_Complet.gen/sources_1/bd/Test_TPG_Pil_ecran/ip/Test_TPG_Pil_ecran_Top_tpg_0_0/Test_TPG_Pil_ecran_Top_tpg_0_0.dcp' for cell 'Test_TPG_Pil_ecran_i/Top_tpg_0'
INFO: [Project 1-454] Reading design checkpoint 'c:/Users/cleme/Desktop/POEI/Cours/Projet_Corner_detect/vivado_proj/General/Projet_Complet.gen/sources_1/bd/Test_TPG_Pil_ecran/ip/Test_TPG_Pil_ecran_clk_wiz_0_0/Test_TPG_Pil_ecran_clk_wiz_0_0.dcp' for cell 'Test_TPG_Pil_ecran_i/clk_wiz_0'
INFO: [Project 1-454] Reading design checkpoint 'c:/Users/cleme/Desktop/POEI/Cours/Projet_Corner_detect/vivado_proj/General/Projet_Complet.gen/sources_1/bd/Test_TPG_Pil_ecran/ip/Test_TPG_Pil_ecran_util_vector_logic_0_0/Test_TPG_Pil_ecran_util_vector_logic_0_0.dcp' for cell 'Test_TPG_Pil_ecran_i/util_vector_logic_0'
Netlist sorting complete. Time (s): cpu = 00:00:00 ; elapsed = 00:00:00.006 . Memory (MB): peak = 1143.879 ; gain = 0.000
INFO: [Netlist 29-17] Analyzing 52 Unisim elements for replacement
INFO: [Netlist 29-28] Unisim Transformation completed in 0 CPU seconds
INFO: [Project 1-479] Netlist was created with Vivado 2020.2
INFO: [Project 1-570] Preparing netlist for logic optimization
Parsing XDC File [c:/Users/cleme/Desktop/POEI/Cours/Projet_Corner_detect/vivado_proj/General/Projet_Complet.gen/sources_1/bd/Test_TPG_Pil_ecran/ip/Test_TPG_Pil_ecran_clk_wiz_0_0/Test_TPG_Pil_ecran_clk_wiz_0_0_board.xdc] for cell 'Test_TPG_Pil_ecran_i/clk_wiz_0/inst'
Finished Parsing XDC File [c:/Users/cleme/Desktop/POEI/Cours/Projet_Corner_detect/vivado_proj/General/Projet_Complet.gen/sources_1/bd/Test_TPG_Pil_ecran/ip/Test_TPG_Pil_ecran_clk_wiz_0_0/Test_TPG_Pil_ecran_clk_wiz_0_0_board.xdc] for cell 'Test_TPG_Pil_ecran_i/clk_wiz_0/inst'
Parsing XDC File [c:/Users/cleme/Desktop/POEI/Cours/Projet_Corner_detect/vivado_proj/General/Projet_Complet.gen/sources_1/bd/Test_TPG_Pil_ecran/ip/Test_TPG_Pil_ecran_clk_wiz_0_0/Test_TPG_Pil_ecran_clk_wiz_0_0.xdc] for cell 'Test_TPG_Pil_ecran_i/clk_wiz_0/inst'
INFO: [Timing 38-35] Done setting XDC timing constraints. [c:/Users/cleme/Desktop/POEI/Cours/Projet_Corner_detect/vivado_proj/General/Projet_Complet.gen/sources_1/bd/Test_TPG_Pil_ecran/ip/Test_TPG_Pil_ecran_clk_wiz_0_0/Test_TPG_Pil_ecran_clk_wiz_0_0.xdc:57]
INFO: [Timing 38-2] Deriving generated clocks [c:/Users/cleme/Desktop/POEI/Cours/Projet_Corner_detect/vivado_proj/General/Projet_Complet.gen/sources_1/bd/Test_TPG_Pil_ecran/ip/Test_TPG_Pil_ecran_clk_wiz_0_0/Test_TPG_Pil_ecran_clk_wiz_0_0.xdc:57]
get_clocks: Time (s): cpu = 00:00:12 ; elapsed = 00:00:13 . Memory (MB): peak = 1601.574 ; gain = 457.695
Finished Parsing XDC File [c:/Users/cleme/Desktop/POEI/Cours/Projet_Corner_detect/vivado_proj/General/Projet_Complet.gen/sources_1/bd/Test_TPG_Pil_ecran/ip/Test_TPG_Pil_ecran_clk_wiz_0_0/Test_TPG_Pil_ecran_clk_wiz_0_0.xdc] for cell 'Test_TPG_Pil_ecran_i/clk_wiz_0/inst'
Parsing XDC File [c:/Users/cleme/Desktop/POEI/Cours/Projet_Corner_detect/vivado_proj/General/Projet_Complet.gen/sources_1/bd/Test_TPG_Pil_ecran/ip/Test_TPG_Pil_ecran_Conv_axis_vga_0_1/src/Cora-Z7-10-Master.xdc] for cell 'Test_TPG_Pil_ecran_i/Conv_axis_vga_0/U0'
CRITICAL WARNING: [Netlist 29-160] Cannot set property 'PACKAGE_PIN', because the property does not exist for objects of type 'pin'. [c:/Users/cleme/Desktop/POEI/Cours/Projet_Corner_detect/vivado_proj/General/Projet_Complet.gen/sources_1/bd/Test_TPG_Pil_ecran/ip/Test_TPG_Pil_ecran_Conv_axis_vga_0_1/src/Cora-Z7-10-Master.xdc:7]
Resolution: Modify the set_property command to apply the property on the correct object type. Since the property is being applied as a scoped constraint, ensure the proper connectivity of the object port objects can be translated into pin objects. This could be due to the insertion of IO Buffers between the top level terminal and cell pin. If the goal is to apply constraints that will migrate to top level ports it is required that IO Buffers manually be instanced.
CRITICAL WARNING: [Netlist 29-160] Cannot set property 'PACKAGE_PIN', because the property does not exist for objects of type 'pin'. [c:/Users/cleme/Desktop/POEI/Cours/Projet_Corner_detect/vivado_proj/General/Projet_Complet.gen/sources_1/bd/Test_TPG_Pil_ecran/ip/Test_TPG_Pil_ecran_Conv_axis_vga_0_1/src/Cora-Z7-10-Master.xdc:23]
Resolution: Modify the set_property command to apply the property on the correct object type. Since the property is being applied as a scoped constraint, ensure the proper connectivity of the object port objects can be translated into pin objects. This could be due to the insertion of IO Buffers between the top level terminal and cell pin. If the goal is to apply constraints that will migrate to top level ports it is required that IO Buffers manually be instanced.
CRITICAL WARNING: [Netlist 29-160] Cannot set property 'PACKAGE_PIN', because the property does not exist for objects of type 'pin'. [c:/Users/cleme/Desktop/POEI/Cours/Projet_Corner_detect/vivado_proj/General/Projet_Complet.gen/sources_1/bd/Test_TPG_Pil_ecran/ip/Test_TPG_Pil_ecran_Conv_axis_vga_0_1/src/Cora-Z7-10-Master.xdc:24]
Resolution: Modify the set_property command to apply the property on the correct object type. Since the property is being applied as a scoped constraint, ensure the proper connectivity of the object port objects can be translated into pin objects. This could be due to the insertion of IO Buffers between the top level terminal and cell pin. If the goal is to apply constraints that will migrate to top level ports it is required that IO Buffers manually be instanced.
CRITICAL WARNING: [Netlist 29-160] Cannot set property 'PACKAGE_PIN', because the property does not exist for objects of type 'pin'. [c:/Users/cleme/Desktop/POEI/Cours/Projet_Corner_detect/vivado_proj/General/Projet_Complet.gen/sources_1/bd/Test_TPG_Pil_ecran/ip/Test_TPG_Pil_ecran_Conv_axis_vga_0_1/src/Cora-Z7-10-Master.xdc:25]
Resolution: Modify the set_property command to apply the property on the correct object type. Since the property is being applied as a scoped constraint, ensure the proper connectivity of the object port objects can be translated into pin objects. This could be due to the insertion of IO Buffers between the top level terminal and cell pin. If the goal is to apply constraints that will migrate to top level ports it is required that IO Buffers manually be instanced.
CRITICAL WARNING: [Netlist 29-160] Cannot set property 'PACKAGE_PIN', because the property does not exist for objects of type 'pin'. [c:/Users/cleme/Desktop/POEI/Cours/Projet_Corner_detect/vivado_proj/General/Projet_Complet.gen/sources_1/bd/Test_TPG_Pil_ecran/ip/Test_TPG_Pil_ecran_Conv_axis_vga_0_1/src/Cora-Z7-10-Master.xdc:26]
Resolution: Modify the set_property command to apply the property on the correct object type. Since the property is being applied as a scoped constraint, ensure the proper connectivity of the object port objects can be translated into pin objects. This could be due to the insertion of IO Buffers between the top level terminal and cell pin. If the goal is to apply constraints that will migrate to top level ports it is required that IO Buffers manually be instanced.
CRITICAL WARNING: [Netlist 29-160] Cannot set property 'PACKAGE_PIN', because the property does not exist for objects of type 'pin'. [c:/Users/cleme/Desktop/POEI/Cours/Projet_Corner_detect/vivado_proj/General/Projet_Complet.gen/sources_1/bd/Test_TPG_Pil_ecran/ip/Test_TPG_Pil_ecran_Conv_axis_vga_0_1/src/Cora-Z7-10-Master.xdc:27]
Resolution: Modify the set_property command to apply the property on the correct object type. Since the property is being applied as a scoped constraint, ensure the proper connectivity of the object port objects can be translated into pin objects. This could be due to the insertion of IO Buffers between the top level terminal and cell pin. If the goal is to apply constraints that will migrate to top level ports it is required that IO Buffers manually be instanced.
CRITICAL WARNING: [Netlist 29-160] Cannot set property 'PACKAGE_PIN', because the property does not exist for objects of type 'pin'. [c:/Users/cleme/Desktop/POEI/Cours/Projet_Corner_detect/vivado_proj/General/Projet_Complet.gen/sources_1/bd/Test_TPG_Pil_ecran/ip/Test_TPG_Pil_ecran_Conv_axis_vga_0_1/src/Cora-Z7-10-Master.xdc:28]
Resolution: Modify the set_property command to apply the property on the correct object type. Since the property is being applied as a scoped constraint, ensure the proper connectivity of the object port objects can be translated into pin objects. This could be due to the insertion of IO Buffers between the top level terminal and cell pin. If the goal is to apply constraints that will migrate to top level ports it is required that IO Buffers manually be instanced.
CRITICAL WARNING: [Netlist 29-160] Cannot set property 'PACKAGE_PIN', because the property does not exist for objects of type 'pin'. [c:/Users/cleme/Desktop/POEI/Cours/Projet_Corner_detect/vivado_proj/General/Projet_Complet.gen/sources_1/bd/Test_TPG_Pil_ecran/ip/Test_TPG_Pil_ecran_Conv_axis_vga_0_1/src/Cora-Z7-10-Master.xdc:29]
Resolution: Modify the set_property command to apply the property on the correct object type. Since the property is being applied as a scoped constraint, ensure the proper connectivity of the object port objects can be translated into pin objects. This could be due to the insertion of IO Buffers between the top level terminal and cell pin. If the goal is to apply constraints that will migrate to top level ports it is required that IO Buffers manually be instanced.
CRITICAL WARNING: [Netlist 29-160] Cannot set property 'PACKAGE_PIN', because the property does not exist for objects of type 'pin'. [c:/Users/cleme/Desktop/POEI/Cours/Projet_Corner_detect/vivado_proj/General/Projet_Complet.gen/sources_1/bd/Test_TPG_Pil_ecran/ip/Test_TPG_Pil_ecran_Conv_axis_vga_0_1/src/Cora-Z7-10-Master.xdc:30]
Resolution: Modify the set_property command to apply the property on the correct object type. Since the property is being applied as a scoped constraint, ensure the proper connectivity of the object port objects can be translated into pin objects. This could be due to the insertion of IO Buffers between the top level terminal and cell pin. If the goal is to apply constraints that will migrate to top level ports it is required that IO Buffers manually be instanced.
CRITICAL WARNING: [Netlist 29-160] Cannot set property 'PACKAGE_PIN', because the property does not exist for objects of type 'pin'. [c:/Users/cleme/Desktop/POEI/Cours/Projet_Corner_detect/vivado_proj/General/Projet_Complet.gen/sources_1/bd/Test_TPG_Pil_ecran/ip/Test_TPG_Pil_ecran_Conv_axis_vga_0_1/src/Cora-Z7-10-Master.xdc:33]
Resolution: Modify the set_property command to apply the property on the correct object type. Since the property is being applied as a scoped constraint, ensure the proper connectivity of the object port objects can be translated into pin objects. This could be due to the insertion of IO Buffers between the top level terminal and cell pin. If the goal is to apply constraints that will migrate to top level ports it is required that IO Buffers manually be instanced.
CRITICAL WARNING: [Netlist 29-160] Cannot set property 'PACKAGE_PIN', because the property does not exist for objects of type 'pin'. [c:/Users/cleme/Desktop/POEI/Cours/Projet_Corner_detect/vivado_proj/General/Projet_Complet.gen/sources_1/bd/Test_TPG_Pil_ecran/ip/Test_TPG_Pil_ecran_Conv_axis_vga_0_1/src/Cora-Z7-10-Master.xdc:34]
Resolution: Modify the set_property command to apply the property on the correct object type. Since the property is being applied as a scoped constraint, ensure the proper connectivity of the object port objects can be translated into pin objects. This could be due to the insertion of IO Buffers between the top level terminal and cell pin. If the goal is to apply constraints that will migrate to top level ports it is required that IO Buffers manually be instanced.
CRITICAL WARNING: [Netlist 29-160] Cannot set property 'PACKAGE_PIN', because the property does not exist for objects of type 'pin'. [c:/Users/cleme/Desktop/POEI/Cours/Projet_Corner_detect/vivado_proj/General/Projet_Complet.gen/sources_1/bd/Test_TPG_Pil_ecran/ip/Test_TPG_Pil_ecran_Conv_axis_vga_0_1/src/Cora-Z7-10-Master.xdc:35]
Resolution: Modify the set_property command to apply the property on the correct object type. Since the property is being applied as a scoped constraint, ensure the proper connectivity of the object port objects can be translated into pin objects. This could be due to the insertion of IO Buffers between the top level terminal and cell pin. If the goal is to apply constraints that will migrate to top level ports it is required that IO Buffers manually be instanced.
CRITICAL WARNING: [Netlist 29-160] Cannot set property 'PACKAGE_PIN', because the property does not exist for objects of type 'pin'. [c:/Users/cleme/Desktop/POEI/Cours/Projet_Corner_detect/vivado_proj/General/Projet_Complet.gen/sources_1/bd/Test_TPG_Pil_ecran/ip/Test_TPG_Pil_ecran_Conv_axis_vga_0_1/src/Cora-Z7-10-Master.xdc:36]
Resolution: Modify the set_property command to apply the property on the correct object type. Since the property is being applied as a scoped constraint, ensure the proper connectivity of the object port objects can be translated into pin objects. This could be due to the insertion of IO Buffers between the top level terminal and cell pin. If the goal is to apply constraints that will migrate to top level ports it is required that IO Buffers manually be instanced.
CRITICAL WARNING: [Netlist 29-160] Cannot set property 'PACKAGE_PIN', because the property does not exist for objects of type 'pin'. [c:/Users/cleme/Desktop/POEI/Cours/Projet_Corner_detect/vivado_proj/General/Projet_Complet.gen/sources_1/bd/Test_TPG_Pil_ecran/ip/Test_TPG_Pil_ecran_Conv_axis_vga_0_1/src/Cora-Z7-10-Master.xdc:37]
Resolution: Modify the set_property command to apply the property on the correct object type. Since the property is being applied as a scoped constraint, ensure the proper connectivity of the object port objects can be translated into pin objects. This could be due to the insertion of IO Buffers between the top level terminal and cell pin. If the goal is to apply constraints that will migrate to top level ports it is required that IO Buffers manually be instanced.
CRITICAL WARNING: [Netlist 29-160] Cannot set property 'PACKAGE_PIN', because the property does not exist for objects of type 'pin'. [c:/Users/cleme/Desktop/POEI/Cours/Projet_Corner_detect/vivado_proj/General/Projet_Complet.gen/sources_1/bd/Test_TPG_Pil_ecran/ip/Test_TPG_Pil_ecran_Conv_axis_vga_0_1/src/Cora-Z7-10-Master.xdc:38]
Resolution: Modify the set_property command to apply the property on the correct object type. Since the property is being applied as a scoped constraint, ensure the proper connectivity of the object port objects can be translated into pin objects. This could be due to the insertion of IO Buffers between the top level terminal and cell pin. If the goal is to apply constraints that will migrate to top level ports it is required that IO Buffers manually be instanced.
Finished Parsing XDC File [c:/Users/cleme/Desktop/POEI/Cours/Projet_Corner_detect/vivado_proj/General/Projet_Complet.gen/sources_1/bd/Test_TPG_Pil_ecran/ip/Test_TPG_Pil_ecran_Conv_axis_vga_0_1/src/Cora-Z7-10-Master.xdc] for cell 'Test_TPG_Pil_ecran_i/Conv_axis_vga_0/U0'
Parsing XDC File [C:/Users/cleme/Desktop/POEI/Cours/Projet_Corner_detect/vivado_proj/General/Projet_Complet.srcs/Cora-Z7-10-Master.xdc]
Finished Parsing XDC File [C:/Users/cleme/Desktop/POEI/Cours/Projet_Corner_detect/vivado_proj/General/Projet_Complet.srcs/Cora-Z7-10-Master.xdc]
INFO: [Opt 31-138] Pushed 0 inverter(s) to 0 load pin(s).
Netlist sorting complete. Time (s): cpu = 00:00:00 ; elapsed = 00:00:00 . Memory (MB): peak = 1601.574 ; gain = 0.000
INFO: [Project 1-111] Unisim Transformation Summary:
No Unisim elements were transformed.

16 Infos, 1 Warnings, 15 Critical Warnings and 0 Errors encountered.
link_design completed successfully
link_design: Time (s): cpu = 00:00:22 ; elapsed = 00:00:29 . Memory (MB): peak = 1601.574 ; gain = 457.695
Command: opt_design
Attempting to get a license for feature 'Implementation' and/or device 'xc7z010'
INFO: [Common 17-349] Got license for feature 'Implementation' and/or device 'xc7z010'
Running DRC as a precondition to command opt_design

Starting DRC Task
INFO: [DRC 23-27] Running DRC with 2 threads
INFO: [Project 1-461] DRC finished with 0 Errors
INFO: [Project 1-462] Please refer to the DRC report (report_drc) for more information.

Time (s): cpu = 00:00:03 ; elapsed = 00:00:02 . Memory (MB): peak = 1601.574 ; gain = 0.000

Starting Cache Timing Information Task
INFO: [Timing 38-35] Done setting XDC timing constraints.
INFO: [Timing 38-2] Deriving generated clocks
Ending Cache Timing Information Task | Checksum: 1f8a69e3f

Time (s): cpu = 00:00:00 ; elapsed = 00:00:00.027 . Memory (MB): peak = 1620.473 ; gain = 18.898

Starting Logic Optimization Task

Phase 1 Retarget
INFO: [Opt 31-138] Pushed 1 inverter(s) to 3 load pin(s).
INFO: [Opt 31-49] Retargeted 0 cell(s).
Phase 1 Retarget | Checksum: 137a83379

Time (s): cpu = 00:00:00 ; elapsed = 00:00:00.094 . Memory (MB): peak = 1820.086 ; gain = 0.000
INFO: [Opt 31-389] Phase Retarget created 13 cells and removed 18 cells
INFO: [Opt 31-1021] In phase Retarget, 1 netlist objects are constrained preventing optimization. Please run opt_design with -debug_log to get more detail. 

Phase 2 Constant propagation
INFO: [Opt 31-138] Pushed 0 inverter(s) to 0 load pin(s).
Phase 2 Constant propagation | Checksum: a4d62c13

Time (s): cpu = 00:00:00 ; elapsed = 00:00:00.103 . Memory (MB): peak = 1820.086 ; gain = 0.000
INFO: [Opt 31-389] Phase Constant propagation created 0 cells and removed 0 cells

Phase 3 Sweep
Phase 3 Sweep | Checksum: d1e20ee8

Time (s): cpu = 00:00:00 ; elapsed = 00:00:00.164 . Memory (MB): peak = 1820.086 ; gain = 0.000
INFO: [Opt 31-389] Phase Sweep created 0 cells and removed 2 cells

Phase 4 BUFG optimization
Phase 4 BUFG optimization | Checksum: d1e20ee8

Time (s): cpu = 00:00:00 ; elapsed = 00:00:00.186 . Memory (MB): peak = 1820.086 ; gain = 0.000
INFO: [Opt 31-662] Phase BUFG optimization created 0 cells of which 0 are BUFGs and removed 0 cells.

Phase 5 Shift Register Optimization
INFO: [Opt 31-1064] SRL Remap converted 0 SRLs to 0 registers and converted 0 registers of register chains to 0 SRLs
Phase 5 Shift Register Optimization | Checksum: d1e20ee8

Time (s): cpu = 00:00:00 ; elapsed = 00:00:00.192 . Memory (MB): peak = 1820.086 ; gain = 0.000
INFO: [Opt 31-389] Phase Shift Register Optimization created 0 cells and removed 0 cells

Phase 6 Post Processing Netlist
Phase 6 Post Processing Netlist | Checksum: d1e20ee8

Time (s): cpu = 00:00:00 ; elapsed = 00:00:00.200 . Memory (MB): peak = 1820.086 ; gain = 0.000
INFO: [Opt 31-389] Phase Post Processing Netlist created 0 cells and removed 0 cells
Opt_design Change Summary
=========================


-------------------------------------------------------------------------------------------------------------------------
|  Phase                        |  #Cells created  |  #Cells Removed  |  #Constrained objects preventing optimizations  |
-------------------------------------------------------------------------------------------------------------------------
|  Retarget                     |              13  |              18  |                                              1  |
|  Constant propagation         |               0  |               0  |                                              0  |
|  Sweep                        |               0  |               2  |                                              0  |
|  BUFG optimization            |               0  |               0  |                                              0  |
|  Shift Register Optimization  |               0  |               0  |                                              0  |
|  Post Processing Netlist      |               0  |               0  |                                              0  |
-------------------------------------------------------------------------------------------------------------------------



Starting Connectivity Check Task

Time (s): cpu = 00:00:00 ; elapsed = 00:00:00.002 . Memory (MB): peak = 1820.086 ; gain = 0.000
Ending Logic Optimization Task | Checksum: 1d1cbe786

Time (s): cpu = 00:00:00 ; elapsed = 00:00:00.304 . Memory (MB): peak = 1820.086 ; gain = 0.000

Starting Power Optimization Task
INFO: [Pwropt 34-132] Skipping clock gating for clocks with a period < 2.00 ns.
Ending Power Optimization Task | Checksum: 1d1cbe786

Time (s): cpu = 00:00:00 ; elapsed = 00:00:00.043 . Memory (MB): peak = 1820.086 ; gain = 0.000

Starting Final Cleanup Task
Ending Final Cleanup Task | Checksum: 1d1cbe786

Time (s): cpu = 00:00:00 ; elapsed = 00:00:00 . Memory (MB): peak = 1820.086 ; gain = 0.000

Starting Netlist Obfuscation Task
Netlist sorting complete. Time (s): cpu = 00:00:00 ; elapsed = 00:00:00.001 . Memory (MB): peak = 1820.086 ; gain = 0.000
Ending Netlist Obfuscation Task | Checksum: 1d1cbe786

Time (s): cpu = 00:00:00 ; elapsed = 00:00:00.001 . Memory (MB): peak = 1820.086 ; gain = 0.000
INFO: [Common 17-83] Releasing license: Implementation
35 Infos, 1 Warnings, 15 Critical Warnings and 0 Errors encountered.
opt_design completed successfully
opt_design: Time (s): cpu = 00:00:07 ; elapsed = 00:00:07 . Memory (MB): peak = 1820.086 ; gain = 218.512
INFO: [Timing 38-35] Done setting XDC timing constraints.
INFO: [Timing 38-480] Writing timing data to binary archive.
Writing placer database...
Writing XDEF routing.
Writing XDEF routing logical nets.
Writing XDEF routing special nets.
Write XDEF Complete: Time (s): cpu = 00:00:00 ; elapsed = 00:00:00.081 . Memory (MB): peak = 1820.086 ; gain = 0.000
INFO: [Common 17-1381] The checkpoint 'C:/Users/cleme/Desktop/POEI/Cours/Projet_Corner_detect/vivado_proj/General/Projet_Complet.runs/impl_1/Test_TPG_Pil_ecran_wrapper_opt.dcp' has been generated.
INFO: [runtcl-4] Executing : report_drc -file Test_TPG_Pil_ecran_wrapper_drc_opted.rpt -pb Test_TPG_Pil_ecran_wrapper_drc_opted.pb -rpx Test_TPG_Pil_ecran_wrapper_drc_opted.rpx
Command: report_drc -file Test_TPG_Pil_ecran_wrapper_drc_opted.rpt -pb Test_TPG_Pil_ecran_wrapper_drc_opted.pb -rpx Test_TPG_Pil_ecran_wrapper_drc_opted.rpx
INFO: [IP_Flow 19-1839] IP Catalog is up to date.
INFO: [DRC 23-27] Running DRC with 2 threads
INFO: [Coretcl 2-168] The results of DRC are in file C:/Users/cleme/Desktop/POEI/Cours/Projet_Corner_detect/vivado_proj/General/Projet_Complet.runs/impl_1/Test_TPG_Pil_ecran_wrapper_drc_opted.rpt.
report_drc completed successfully
Command: place_design
Attempting to get a license for feature 'Implementation' and/or device 'xc7z010'
INFO: [Common 17-349] Got license for feature 'Implementation' and/or device 'xc7z010'
INFO: [DRC 23-27] Running DRC with 2 threads
INFO: [Vivado_Tcl 4-198] DRC finished with 0 Errors
INFO: [Vivado_Tcl 4-199] Please refer to the DRC report (report_drc) for more information.
Running DRC as a precondition to command place_design
INFO: [DRC 23-27] Running DRC with 2 threads
INFO: [Vivado_Tcl 4-198] DRC finished with 0 Errors
INFO: [Vivado_Tcl 4-199] Please refer to the DRC report (report_drc) for more information.

Starting Placer Task
INFO: [Place 30-611] Multithreading enabled for place_design using a maximum of 2 CPUs

Phase 1 Placer Initialization

Phase 1.1 Placer Initialization Netlist Sorting
Netlist sorting complete. Time (s): cpu = 00:00:00 ; elapsed = 00:00:00 . Memory (MB): peak = 1865.199 ; gain = 0.000
Phase 1.1 Placer Initialization Netlist Sorting | Checksum: eaf8ff09

Time (s): cpu = 00:00:00 ; elapsed = 00:00:00.008 . Memory (MB): peak = 1865.199 ; gain = 0.000
Netlist sorting complete. Time (s): cpu = 00:00:00 ; elapsed = 00:00:00 . Memory (MB): peak = 1865.199 ; gain = 0.000

Phase 1.2 IO Placement/ Clock Placement/ Build Placer Device
Phase 1.2 IO Placement/ Clock Placement/ Build Placer Device | Checksum: 1265901eb

Time (s): cpu = 00:00:00 ; elapsed = 00:00:00.068 . Memory (MB): peak = 1865.199 ; gain = 0.000

Phase 1.3 Build Placer Netlist Model
Phase 1.3 Build Placer Netlist Model | Checksum: 130293a13

Time (s): cpu = 00:00:00 ; elapsed = 00:00:00.162 . Memory (MB): peak = 1865.199 ; gain = 0.000

Phase 1.4 Constrain Clocks/Macros
Phase 1.4 Constrain Clocks/Macros | Checksum: 130293a13

Time (s): cpu = 00:00:00 ; elapsed = 00:00:00.163 . Memory (MB): peak = 1865.199 ; gain = 0.000
Phase 1 Placer Initialization | Checksum: 130293a13

Time (s): cpu = 00:00:00 ; elapsed = 00:00:00.167 . Memory (MB): peak = 1865.199 ; gain = 0.000

Phase 2 Global Placement

Phase 2.1 Floorplanning
Phase 2.1 Floorplanning | Checksum: 20675afd8

Time (s): cpu = 00:00:00 ; elapsed = 00:00:00.221 . Memory (MB): peak = 1865.199 ; gain = 0.000

Phase 2.2 Update Timing before SLR Path Opt
Phase 2.2 Update Timing before SLR Path Opt | Checksum: 1fe89ec3d

Time (s): cpu = 00:00:00 ; elapsed = 00:00:00.248 . Memory (MB): peak = 1865.199 ; gain = 0.000

Phase 2.3 Global Placement Core

Phase 2.3.1 Physical Synthesis In Placer
INFO: [Physopt 32-1035] Found 0 LUTNM shape to break, 12 LUT instances to create LUTNM shape
INFO: [Physopt 32-1044] Break lutnm for timing: one critical 0, two critical 0, total 0, new lutff created 0
INFO: [Physopt 32-775] End 1 Pass. Optimized 5 nets or cells. Created 0 new cell, deleted 5 existing cells and moved 0 existing cell
INFO: [Physopt 32-65] No nets found for high-fanout optimization.
INFO: [Physopt 32-232] Optimized 0 net. Created 0 new instance.
INFO: [Physopt 32-775] End 1 Pass. Optimized 0 net or cell. Created 0 new cell, deleted 0 existing cell and moved 0 existing cell
INFO: [Physopt 32-670] No setup violation found.  DSP Register Optimization was not performed.
INFO: [Physopt 32-670] No setup violation found.  Shift Register to Pipeline Optimization was not performed.
INFO: [Physopt 32-670] No setup violation found.  Shift Register Optimization was not performed.
INFO: [Physopt 32-670] No setup violation found.  BRAM Register Optimization was not performed.
INFO: [Physopt 32-670] No setup violation found.  URAM Register Optimization was not performed.
INFO: [Physopt 32-949] No candidate nets found for dynamic/static region interface net replication
INFO: [Physopt 32-775] End 1 Pass. Optimized 0 net or cell. Created 0 new cell, deleted 0 existing cell and moved 0 existing cell
Netlist sorting complete. Time (s): cpu = 00:00:00 ; elapsed = 00:00:00 . Memory (MB): peak = 1865.199 ; gain = 0.000

Summary of Physical Synthesis Optimizations
============================================


-----------------------------------------------------------------------------------------------------------------------------------------------------------
|  Optimization                                     |  Added Cells  |  Removed Cells  |  Optimized Cells/Nets  |  Dont Touch  |  Iterations  |  Elapsed   |
-----------------------------------------------------------------------------------------------------------------------------------------------------------
|  LUT Combining                                    |            0  |              5  |                     5  |           0  |           1  |  00:00:00  |
|  Very High Fanout                                 |            0  |              0  |                     0  |           0  |           1  |  00:00:00  |
|  DSP Register                                     |            0  |              0  |                     0  |           0  |           0  |  00:00:00  |
|  Shift Register to Pipeline                       |            0  |              0  |                     0  |           0  |           0  |  00:00:00  |
|  Shift Register                                   |            0  |              0  |                     0  |           0  |           0  |  00:00:00  |
|  BRAM Register                                    |            0  |              0  |                     0  |           0  |           0  |  00:00:00  |
|  URAM Register                                    |            0  |              0  |                     0  |           0  |           0  |  00:00:00  |
|  Dynamic/Static Region Interface Net Replication  |            0  |              0  |                     0  |           0  |           1  |  00:00:00  |
|  Total                                            |            0  |              5  |                     5  |           0  |           3  |  00:00:00  |
-----------------------------------------------------------------------------------------------------------------------------------------------------------


Phase 2.3.1 Physical Synthesis In Placer | Checksum: 2a848f761

Time (s): cpu = 00:00:01 ; elapsed = 00:00:01 . Memory (MB): peak = 1865.199 ; gain = 0.000
Phase 2.3 Global Placement Core | Checksum: 20eed8935

Time (s): cpu = 00:00:01 ; elapsed = 00:00:01 . Memory (MB): peak = 1865.199 ; gain = 0.000
Phase 2 Global Placement | Checksum: 20eed8935

Time (s): cpu = 00:00:01 ; elapsed = 00:00:01 . Memory (MB): peak = 1865.199 ; gain = 0.000

Phase 3 Detail Placement

Phase 3.1 Commit Multi Column Macros
Phase 3.1 Commit Multi Column Macros | Checksum: 2aad631e8

Time (s): cpu = 00:00:01 ; elapsed = 00:00:01 . Memory (MB): peak = 1865.199 ; gain = 0.000

Phase 3.2 Commit Most Macros & LUTRAMs
Phase 3.2 Commit Most Macros & LUTRAMs | Checksum: 282410fe2

Time (s): cpu = 00:00:01 ; elapsed = 00:00:01 . Memory (MB): peak = 1865.199 ; gain = 0.000

Phase 3.3 Area Swap Optimization
Phase 3.3 Area Swap Optimization | Checksum: 235f8c285

Time (s): cpu = 00:00:01 ; elapsed = 00:00:01 . Memory (MB): peak = 1865.199 ; gain = 0.000

Phase 3.4 Pipeline Register Optimization
Phase 3.4 Pipeline Register Optimization | Checksum: 215132742

Time (s): cpu = 00:00:01 ; elapsed = 00:00:01 . Memory (MB): peak = 1865.199 ; gain = 0.000

Phase 3.5 Small Shape Detail Placement
Phase 3.5 Small Shape Detail Placement | Checksum: 1dcdd1c25

Time (s): cpu = 00:00:01 ; elapsed = 00:00:01 . Memory (MB): peak = 1865.199 ; gain = 0.000

Phase 3.6 Re-assign LUT pins
Phase 3.6 Re-assign LUT pins | Checksum: 1831bf1bb

Time (s): cpu = 00:00:01 ; elapsed = 00:00:01 . Memory (MB): peak = 1865.199 ; gain = 0.000

Phase 3.7 Pipeline Register Optimization
Phase 3.7 Pipeline Register Optimization | Checksum: 19df59078

Time (s): cpu = 00:00:01 ; elapsed = 00:00:01 . Memory (MB): peak = 1865.199 ; gain = 0.000
Phase 3 Detail Placement | Checksum: 19df59078

Time (s): cpu = 00:00:01 ; elapsed = 00:00:01 . Memory (MB): peak = 1865.199 ; gain = 0.000

Phase 4 Post Placement Optimization and Clean-Up

Phase 4.1 Post Commit Optimization
INFO: [Timing 38-35] Done setting XDC timing constraints.

Phase 4.1.1 Post Placement Optimization
Post Placement Optimization Initialization | Checksum: 206988b45

Phase 4.1.1.1 BUFG Insertion

Starting Physical Synthesis Task

Phase 1 Physical Synthesis Initialization
INFO: [Physopt 32-721] Multithreading enabled for phys_opt_design using a maximum of 2 CPUs
INFO: [Physopt 32-619] Estimated Timing Summary | WNS=34.476 | TNS=0.000 |
Phase 1 Physical Synthesis Initialization | Checksum: 29f4fdee4

Time (s): cpu = 00:00:00 ; elapsed = 00:00:00.013 . Memory (MB): peak = 1865.199 ; gain = 0.000
INFO: [Place 46-56] BUFG insertion identified 0 candidate nets. Inserted BUFG: 0, Replicated BUFG Driver: 0, Skipped due to Placement/Routing Conflicts: 0, Skipped due to Timing Degradation: 0, Skipped due to Illegal Netlist: 0.
Ending Physical Synthesis Task | Checksum: 212fa75e4

Time (s): cpu = 00:00:00 ; elapsed = 00:00:00.014 . Memory (MB): peak = 1865.199 ; gain = 0.000
Phase 4.1.1.1 BUFG Insertion | Checksum: 206988b45

Time (s): cpu = 00:00:01 ; elapsed = 00:00:02 . Memory (MB): peak = 1865.199 ; gain = 0.000
INFO: [Place 30-746] Post Placement Timing Summary WNS=34.476. For the most accurate timing information please run report_timing.

Time (s): cpu = 00:00:01 ; elapsed = 00:00:02 . Memory (MB): peak = 1865.199 ; gain = 0.000
Phase 4.1 Post Commit Optimization | Checksum: 157dd8822

Time (s): cpu = 00:00:01 ; elapsed = 00:00:02 . Memory (MB): peak = 1865.199 ; gain = 0.000

Phase 4.2 Post Placement Cleanup
Phase 4.2 Post Placement Cleanup | Checksum: 157dd8822

Time (s): cpu = 00:00:01 ; elapsed = 00:00:02 . Memory (MB): peak = 1865.199 ; gain = 0.000

Phase 4.3 Placer Reporting

Phase 4.3.1 Print Estimated Congestion
INFO: [Place 30-612] Post-Placement Estimated Congestion 
 ____________________________________________________
|           | Global Congestion | Short Congestion  |
| Direction | Region Size       | Region Size       |
|___________|___________________|___________________|
|      North|                1x1|                1x1|
|___________|___________________|___________________|
|      South|                1x1|                1x1|
|___________|___________________|___________________|
|       East|                1x1|                1x1|
|___________|___________________|___________________|
|       West|                1x1|                1x1|
|___________|___________________|___________________|

Phase 4.3.1 Print Estimated Congestion | Checksum: 157dd8822

Time (s): cpu = 00:00:01 ; elapsed = 00:00:02 . Memory (MB): peak = 1865.199 ; gain = 0.000
Phase 4.3 Placer Reporting | Checksum: 157dd8822

Time (s): cpu = 00:00:01 ; elapsed = 00:00:02 . Memory (MB): peak = 1865.199 ; gain = 0.000

Phase 4.4 Final Placement Cleanup
Netlist sorting complete. Time (s): cpu = 00:00:00 ; elapsed = 00:00:00.001 . Memory (MB): peak = 1865.199 ; gain = 0.000

Time (s): cpu = 00:00:01 ; elapsed = 00:00:02 . Memory (MB): peak = 1865.199 ; gain = 0.000
Phase 4 Post Placement Optimization and Clean-Up | Checksum: cecaaf49

Time (s): cpu = 00:00:01 ; elapsed = 00:00:02 . Memory (MB): peak = 1865.199 ; gain = 0.000
Ending Placer Task | Checksum: a314b48e

Time (s): cpu = 00:00:01 ; elapsed = 00:00:02 . Memory (MB): peak = 1865.199 ; gain = 0.000
INFO: [Common 17-83] Releasing license: Implementation
70 Infos, 1 Warnings, 15 Critical Warnings and 0 Errors encountered.
place_design completed successfully
INFO: [Timing 38-480] Writing timing data to binary archive.
Writing placer database...
Writing XDEF routing.
Writing XDEF routing logical nets.
Writing XDEF routing special nets.
Write XDEF Complete: Time (s): cpu = 00:00:01 ; elapsed = 00:00:00.035 . Memory (MB): peak = 1865.199 ; gain = 0.000
INFO: [Common 17-1381] The checkpoint 'C:/Users/cleme/Desktop/POEI/Cours/Projet_Corner_detect/vivado_proj/General/Projet_Complet.runs/impl_1/Test_TPG_Pil_ecran_wrapper_placed.dcp' has been generated.
INFO: [runtcl-4] Executing : report_io -file Test_TPG_Pil_ecran_wrapper_io_placed.rpt
report_io: Time (s): cpu = 00:00:00 ; elapsed = 00:00:00.022 . Memory (MB): peak = 1865.199 ; gain = 0.000
INFO: [runtcl-4] Executing : report_utilization -file Test_TPG_Pil_ecran_wrapper_utilization_placed.rpt -pb Test_TPG_Pil_ecran_wrapper_utilization_placed.pb
INFO: [runtcl-4] Executing : report_control_sets -verbose -file Test_TPG_Pil_ecran_wrapper_control_sets_placed.rpt
report_control_sets: Time (s): cpu = 00:00:00 ; elapsed = 00:00:00.001 . Memory (MB): peak = 1865.199 ; gain = 0.000
Command: phys_opt_design
Attempting to get a license for feature 'Implementation' and/or device 'xc7z010'
INFO: [Common 17-349] Got license for feature 'Implementation' and/or device 'xc7z010'
INFO: [Vivado_Tcl 4-383] Design worst setup slack (WNS) is greater than or equal to 0.000 ns. Skipping all physical synthesis optimizations.
INFO: [Vivado_Tcl 4-232] No setup violation found. The netlist was not modified.
INFO: [Common 17-83] Releasing license: Implementation
79 Infos, 1 Warnings, 15 Critical Warnings and 0 Errors encountered.
phys_opt_design completed successfully
INFO: [Timing 38-480] Writing timing data to binary archive.
Writing placer database...
Writing XDEF routing.
Writing XDEF routing logical nets.
Writing XDEF routing special nets.
Write XDEF Complete: Time (s): cpu = 00:00:00 ; elapsed = 00:00:00.034 . Memory (MB): peak = 1865.199 ; gain = 0.000
INFO: [Common 17-1381] The checkpoint 'C:/Users/cleme/Desktop/POEI/Cours/Projet_Corner_detect/vivado_proj/General/Projet_Complet.runs/impl_1/Test_TPG_Pil_ecran_wrapper_physopt.dcp' has been generated.
Command: route_design
Attempting to get a license for feature 'Implementation' and/or device 'xc7z010'
INFO: [Common 17-349] Got license for feature 'Implementation' and/or device 'xc7z010'
Running DRC as a precondition to command route_design
INFO: [DRC 23-27] Running DRC with 2 threads
INFO: [Vivado_Tcl 4-198] DRC finished with 0 Errors
INFO: [Vivado_Tcl 4-199] Please refer to the DRC report (report_drc) for more information.


Starting Routing Task
INFO: [Route 35-254] Multithreading enabled for route_design using a maximum of 2 CPUs
Checksum: PlaceDB: 4e1b94de ConstDB: 0 ShapeSum: 54f91fb0 RouteDB: 0

Phase 1 Build RT Design
Phase 1 Build RT Design | Checksum: def3293e

Time (s): cpu = 00:00:05 ; elapsed = 00:00:06 . Memory (MB): peak = 1902.605 ; gain = 31.770
Post Restoration Checksum: NetGraph: 7c8f6d89 NumContArr: 6263bbb5 Constraints: 0 Timing: 0

Phase 2 Router Initialization

Phase 2.1 Create Timer
Phase 2.1 Create Timer | Checksum: def3293e

Time (s): cpu = 00:00:05 ; elapsed = 00:00:06 . Memory (MB): peak = 1902.605 ; gain = 31.770

Phase 2.2 Fix Topology Constraints
Phase 2.2 Fix Topology Constraints | Checksum: def3293e

Time (s): cpu = 00:00:05 ; elapsed = 00:00:06 . Memory (MB): peak = 1908.645 ; gain = 37.809

Phase 2.3 Pre Route Cleanup
Phase 2.3 Pre Route Cleanup | Checksum: def3293e

Time (s): cpu = 00:00:05 ; elapsed = 00:00:06 . Memory (MB): peak = 1908.645 ; gain = 37.809
 Number of Nodes with overlaps = 0

Phase 2.4 Update Timing
Phase 2.4 Update Timing | Checksum: 13b2d4a24

Time (s): cpu = 00:00:05 ; elapsed = 00:00:06 . Memory (MB): peak = 1911.453 ; gain = 40.617
INFO: [Route 35-416] Intermediate Timing Summary | WNS=34.588 | TNS=0.000  | WHS=-0.224 | THS=-15.905|

Phase 2 Router Initialization | Checksum: 1086ef266

Time (s): cpu = 00:00:05 ; elapsed = 00:00:06 . Memory (MB): peak = 1911.453 ; gain = 40.617

Router Utilization Summary
  Global Vertical Routing Utilization    = 0 %
  Global Horizontal Routing Utilization  = 0 %
  Routable Net Status*
  *Does not include unroutable nets such as driverless and loadless.
  Run report_route_status for detailed report.
  Number of Failed Nets               = 230
    (Failed Nets is the sum of unrouted and partially routed nets)
  Number of Unrouted Nets             = 230
  Number of Partially Routed Nets     = 0
  Number of Node Overlaps             = 0


Phase 3 Initial Routing

Phase 3.1 Global Routing
Phase 3.1 Global Routing | Checksum: 1086ef266

Time (s): cpu = 00:00:05 ; elapsed = 00:00:06 . Memory (MB): peak = 1911.945 ; gain = 41.109
Phase 3 Initial Routing | Checksum: 20ae36d22

Time (s): cpu = 00:00:05 ; elapsed = 00:00:06 . Memory (MB): peak = 1911.945 ; gain = 41.109

Phase 4 Rip-up And Reroute

Phase 4.1 Global Iteration 0
 Number of Nodes with overlaps = 5
 Number of Nodes with overlaps = 0
INFO: [Route 35-416] Intermediate Timing Summary | WNS=33.209 | TNS=0.000  | WHS=N/A    | THS=N/A    |

Phase 4.1 Global Iteration 0 | Checksum: 18ada19c1

Time (s): cpu = 00:00:05 ; elapsed = 00:00:06 . Memory (MB): peak = 1911.945 ; gain = 41.109
Phase 4 Rip-up And Reroute | Checksum: 18ada19c1

Time (s): cpu = 00:00:05 ; elapsed = 00:00:06 . Memory (MB): peak = 1911.945 ; gain = 41.109

Phase 5 Delay and Skew Optimization

Phase 5.1 Delay CleanUp
Phase 5.1 Delay CleanUp | Checksum: 18ada19c1

Time (s): cpu = 00:00:05 ; elapsed = 00:00:06 . Memory (MB): peak = 1911.945 ; gain = 41.109

Phase 5.2 Clock Skew Optimization
Phase 5.2 Clock Skew Optimization | Checksum: 18ada19c1

Time (s): cpu = 00:00:05 ; elapsed = 00:00:06 . Memory (MB): peak = 1911.945 ; gain = 41.109
Phase 5 Delay and Skew Optimization | Checksum: 18ada19c1

Time (s): cpu = 00:00:05 ; elapsed = 00:00:06 . Memory (MB): peak = 1911.945 ; gain = 41.109

Phase 6 Post Hold Fix

Phase 6.1 Hold Fix Iter

Phase 6.1.1 Update Timing
Phase 6.1.1 Update Timing | Checksum: 201631aaf

Time (s): cpu = 00:00:05 ; elapsed = 00:00:06 . Memory (MB): peak = 1911.945 ; gain = 41.109
INFO: [Route 35-416] Intermediate Timing Summary | WNS=33.324 | TNS=0.000  | WHS=0.026  | THS=0.000  |

Phase 6.1 Hold Fix Iter | Checksum: 248c71264

Time (s): cpu = 00:00:05 ; elapsed = 00:00:06 . Memory (MB): peak = 1911.945 ; gain = 41.109
Phase 6 Post Hold Fix | Checksum: 248c71264

Time (s): cpu = 00:00:05 ; elapsed = 00:00:06 . Memory (MB): peak = 1911.945 ; gain = 41.109

Phase 7 Route finalize

Router Utilization Summary
  Global Vertical Routing Utilization    = 0.0998029 %
  Global Horizontal Routing Utilization  = 0.0659467 %
  Routable Net Status*
  *Does not include unroutable nets such as driverless and loadless.
  Run report_route_status for detailed report.
  Number of Failed Nets               = 0
    (Failed Nets is the sum of unrouted and partially routed nets)
  Number of Unrouted Nets             = 0
  Number of Partially Routed Nets     = 0
  Number of Node Overlaps             = 0

Phase 7 Route finalize | Checksum: 1cc172466

Time (s): cpu = 00:00:05 ; elapsed = 00:00:06 . Memory (MB): peak = 1911.945 ; gain = 41.109

Phase 8 Verifying routed nets

 Verification completed successfully
Phase 8 Verifying routed nets | Checksum: 1cc172466

Time (s): cpu = 00:00:05 ; elapsed = 00:00:06 . Memory (MB): peak = 1912.973 ; gain = 42.137

Phase 9 Depositing Routes
Phase 9 Depositing Routes | Checksum: 1516471ec

Time (s): cpu = 00:00:05 ; elapsed = 00:00:06 . Memory (MB): peak = 1912.973 ; gain = 42.137

Phase 10 Post Router Timing
INFO: [Route 35-57] Estimated Timing Summary | WNS=33.324 | TNS=0.000  | WHS=0.026  | THS=0.000  |

INFO: [Route 35-327] The final timing numbers are based on the router estimated timing analysis. For a complete and accurate timing signoff, please run report_timing_summary.
Phase 10 Post Router Timing | Checksum: 1516471ec

Time (s): cpu = 00:00:05 ; elapsed = 00:00:06 . Memory (MB): peak = 1912.973 ; gain = 42.137
INFO: [Route 35-16] Router Completed Successfully

Time (s): cpu = 00:00:05 ; elapsed = 00:00:06 . Memory (MB): peak = 1912.973 ; gain = 42.137

Routing Is Done.
INFO: [Common 17-83] Releasing license: Implementation
93 Infos, 1 Warnings, 15 Critical Warnings and 0 Errors encountered.
route_design completed successfully
route_design: Time (s): cpu = 00:00:06 ; elapsed = 00:00:07 . Memory (MB): peak = 1912.973 ; gain = 47.773
INFO: [Timing 38-480] Writing timing data to binary archive.
Writing placer database...
Writing XDEF routing.
Writing XDEF routing logical nets.
Writing XDEF routing special nets.
Write XDEF Complete: Time (s): cpu = 00:00:00 ; elapsed = 00:00:00.037 . Memory (MB): peak = 1922.887 ; gain = 9.914
INFO: [Common 17-1381] The checkpoint 'C:/Users/cleme/Desktop/POEI/Cours/Projet_Corner_detect/vivado_proj/General/Projet_Complet.runs/impl_1/Test_TPG_Pil_ecran_wrapper_routed.dcp' has been generated.
INFO: [runtcl-4] Executing : report_drc -file Test_TPG_Pil_ecran_wrapper_drc_routed.rpt -pb Test_TPG_Pil_ecran_wrapper_drc_routed.pb -rpx Test_TPG_Pil_ecran_wrapper_drc_routed.rpx
Command: report_drc -file Test_TPG_Pil_ecran_wrapper_drc_routed.rpt -pb Test_TPG_Pil_ecran_wrapper_drc_routed.pb -rpx Test_TPG_Pil_ecran_wrapper_drc_routed.rpx
INFO: [IP_Flow 19-1839] IP Catalog is up to date.
INFO: [DRC 23-27] Running DRC with 2 threads
INFO: [Coretcl 2-168] The results of DRC are in file C:/Users/cleme/Desktop/POEI/Cours/Projet_Corner_detect/vivado_proj/General/Projet_Complet.runs/impl_1/Test_TPG_Pil_ecran_wrapper_drc_routed.rpt.
report_drc completed successfully
INFO: [runtcl-4] Executing : report_methodology -file Test_TPG_Pil_ecran_wrapper_methodology_drc_routed.rpt -pb Test_TPG_Pil_ecran_wrapper_methodology_drc_routed.pb -rpx Test_TPG_Pil_ecran_wrapper_methodology_drc_routed.rpx
Command: report_methodology -file Test_TPG_Pil_ecran_wrapper_methodology_drc_routed.rpt -pb Test_TPG_Pil_ecran_wrapper_methodology_drc_routed.pb -rpx Test_TPG_Pil_ecran_wrapper_methodology_drc_routed.rpx
INFO: [Timing 38-35] Done setting XDC timing constraints.
INFO: [DRC 23-133] Running Methodology with 2 threads
INFO: [Coretcl 2-1520] The results of Report Methodology are in file C:/Users/cleme/Desktop/POEI/Cours/Projet_Corner_detect/vivado_proj/General/Projet_Complet.runs/impl_1/Test_TPG_Pil_ecran_wrapper_methodology_drc_routed.rpt.
report_methodology completed successfully
INFO: [runtcl-4] Executing : report_power -file Test_TPG_Pil_ecran_wrapper_power_routed.rpt -pb Test_TPG_Pil_ecran_wrapper_power_summary_routed.pb -rpx Test_TPG_Pil_ecran_wrapper_power_routed.rpx
Command: report_power -file Test_TPG_Pil_ecran_wrapper_power_routed.rpt -pb Test_TPG_Pil_ecran_wrapper_power_summary_routed.pb -rpx Test_TPG_Pil_ecran_wrapper_power_routed.rpx
INFO: [Timing 38-35] Done setting XDC timing constraints.
Running Vector-less Activity Propagation...

Finished Running Vector-less Activity Propagation
105 Infos, 1 Warnings, 15 Critical Warnings and 0 Errors encountered.
report_power completed successfully
INFO: [runtcl-4] Executing : report_route_status -file Test_TPG_Pil_ecran_wrapper_route_status.rpt -pb Test_TPG_Pil_ecran_wrapper_route_status.pb
INFO: [runtcl-4] Executing : report_timing_summary -max_paths 10 -file Test_TPG_Pil_ecran_wrapper_timing_summary_routed.rpt -pb Test_TPG_Pil_ecran_wrapper_timing_summary_routed.pb -rpx Test_TPG_Pil_ecran_wrapper_timing_summary_routed.rpx -warn_on_violation 
INFO: [Timing 38-91] UpdateTimingParams: Speed grade: -1, Delay Type: min_max.
INFO: [Timing 38-191] Multithreading enabled for timing update using a maximum of 2 CPUs
INFO: [runtcl-4] Executing : report_incremental_reuse -file Test_TPG_Pil_ecran_wrapper_incremental_reuse_routed.rpt
INFO: [Vivado_Tcl 4-1062] Incremental flow is disabled. No incremental reuse Info to report.
INFO: [runtcl-4] Executing : report_clock_utilization -file Test_TPG_Pil_ecran_wrapper_clock_utilization_routed.rpt
INFO: [runtcl-4] Executing : report_bus_skew -warn_on_violation -file Test_TPG_Pil_ecran_wrapper_bus_skew_routed.rpt -pb Test_TPG_Pil_ecran_wrapper_bus_skew_routed.pb -rpx Test_TPG_Pil_ecran_wrapper_bus_skew_routed.rpx
INFO: [Timing 38-91] UpdateTimingParams: Speed grade: -1, Delay Type: min_max.
INFO: [Timing 38-191] Multithreading enabled for timing update using a maximum of 2 CPUs
Command: write_bitstream -force Test_TPG_Pil_ecran_wrapper.bit
Attempting to get a license for feature 'Implementation' and/or device 'xc7z010'
INFO: [Common 17-349] Got license for feature 'Implementation' and/or device 'xc7z010'
Running DRC as a precondition to command write_bitstream
INFO: [IP_Flow 19-1839] IP Catalog is up to date.
INFO: [DRC 23-27] Running DRC with 2 threads
WARNING: [DRC ZPS7-1] PS7 block required: The PS7 cell must be used in this Zynq design in order to enable correct default configuration.
INFO: [Vivado 12-3199] DRC finished with 0 Errors, 1 Warnings
INFO: [Vivado 12-3200] Please refer to the DRC report (report_drc) for more information.
INFO: [Designutils 20-2272] Running write_bitstream with 2 threads.
Loading data files...
Loading site data...
Loading route data...
Processing options...
Creating bitmap...
Creating bitstream...
Writing bitstream ./Test_TPG_Pil_ecran_wrapper.bit...
INFO: [Vivado 12-1842] Bitgen Completed Successfully.
INFO: [Project 1-120] WebTalk data collection is mandatory when using a WebPACK part without a full Vivado license. To see the specific WebTalk data collected for your design, open the usage_statistics_webtalk.html or usage_statistics_webtalk.xml file in the implementation directory.
INFO: [Common 17-83] Releasing license: Implementation
12 Infos, 1 Warnings, 0 Critical Warnings and 0 Errors encountered.
write_bitstream completed successfully
write_bitstream: Time (s): cpu = 00:00:28 ; elapsed = 00:00:31 . Memory (MB): peak = 2399.102 ; gain = 437.484
INFO: [Common 17-206] Exiting Vivado at Wed Sep  9 16:07:24 2026...
