
*** Running vivado
    with args -log Gaussian_filter.vds -m64 -product Vivado -mode batch -messageDb vivado.pb -notrace -source Gaussian_filter.tcl



****** Vivado v2020.2 (64-bit)
  **** SW Build 3064766 on Wed Nov 18 09:12:45 MST 2020
  **** IP Build 3064653 on Wed Nov 18 14:17:31 MST 2020
    ** Copyright 1986-2020 Xilinx, Inc. All Rights Reserved.

source Gaussian_filter.tcl -notrace
INFO: [IP_Flow 19-234] Refreshing IP repositories
INFO: [IP_Flow 19-1700] Loaded user IP repository 'c:/Users/cleme/Desktop/POEI/Cours/Projet_Corner_detect/ip_repo/6_Gaussian_filter'.
INFO: [IP_Flow 19-2313] Loaded Vivado IP repository 'C:/Xilinx/Vivado/2020.2/data/ip'.
WARNING: [IP_Flow 19-4995] The host OS only allows 260 characters in a normal path. The IP cache path is more than 80 characters. If you experience issues with IP caching, please consider changing the IP cache to a location with a shorter path. Alternately consider using the OS subst command to map part of the path to a drive letter. 
Current IP cache path is c:/Users/cleme/Desktop/POEI/Cours/Projet_Corner_detect/vivado_proj/6_Gaussian_filter/Gaussian_filter.cache/ip 
Command: synth_design -top Gaussian_filter -part xc7z010clg225-1
Starting synth_design
Attempting to get a license for feature 'Synthesis' and/or device 'xc7z010'
INFO: [Common 17-349] Got license for feature 'Synthesis' and/or device 'xc7z010'
INFO: [Synth 8-7079] Multithreading enabled for synth_design using a maximum of 2 processes.
INFO: [Synth 8-7078] Launching helper process for spawning children vivado processes
INFO: [Synth 8-7075] Helper process launched with PID 34472
---------------------------------------------------------------------------------
Starting Synthesize : Time (s): cpu = 00:00:02 ; elapsed = 00:00:02 . Memory (MB): peak = 1143.879 ; gain = 0.000
---------------------------------------------------------------------------------
INFO: [Synth 8-638] synthesizing module 'Gaussian_filter' [C:/Users/cleme/Desktop/POEI/Cours/Projet_Corner_detect/vivado_proj/6_Gaussian_filter/Gaussian_filter.srcs/sources_1/new/Gaussian_filter.vhd:63]
	Parameter C_coeff_1 bound to: 1 - type: integer 
	Parameter C_coeff_2 bound to: 1 - type: integer 
	Parameter C_coeff_3 bound to: 1 - type: integer 
	Parameter C_coeff_4 bound to: 1 - type: integer 
	Parameter C_coeff_5 bound to: 1 - type: integer 
	Parameter C_coeff_6 bound to: 1 - type: integer 
	Parameter C_coeff_7 bound to: 1 - type: integer 
	Parameter C_coeff_8 bound to: 1 - type: integer 
	Parameter C_coeff_9 bound to: 1 - type: integer 
INFO: [Synth 8-256] done synthesizing module 'Gaussian_filter' (1#1) [C:/Users/cleme/Desktop/POEI/Cours/Projet_Corner_detect/vivado_proj/6_Gaussian_filter/Gaussian_filter.srcs/sources_1/new/Gaussian_filter.vhd:63]
---------------------------------------------------------------------------------
Finished Synthesize : Time (s): cpu = 00:00:06 ; elapsed = 00:00:07 . Memory (MB): peak = 1147.156 ; gain = 3.277
---------------------------------------------------------------------------------
---------------------------------------------------------------------------------
Finished Constraint Validation : Time (s): cpu = 00:00:07 ; elapsed = 00:00:08 . Memory (MB): peak = 1147.156 ; gain = 3.277
---------------------------------------------------------------------------------
---------------------------------------------------------------------------------
Start Loading Part and Timing Information
---------------------------------------------------------------------------------
Loading part: xc7z010clg225-1
---------------------------------------------------------------------------------
Finished Loading Part and Timing Information : Time (s): cpu = 00:00:07 ; elapsed = 00:00:08 . Memory (MB): peak = 1147.156 ; gain = 3.277
---------------------------------------------------------------------------------
INFO: [Device 21-403] Loading part xc7z010clg225-1
---------------------------------------------------------------------------------
Finished RTL Optimization Phase 2 : Time (s): cpu = 00:00:15 ; elapsed = 00:00:15 . Memory (MB): peak = 1262.676 ; gain = 118.797
---------------------------------------------------------------------------------
No constraint files found.
---------------------------------------------------------------------------------
Start RTL Component Statistics 
---------------------------------------------------------------------------------
Detailed RTL Component Info : 
+---Adders : 
	   3 Input   32 Bit       Adders := 1     
	   3 Input   31 Bit       Adders := 3     
	   2 Input   31 Bit       Adders := 1     
	   2 Input    8 Bit       Adders := 1     
+---Registers : 
	                8 Bit    Registers := 1290  
	                1 Bit    Registers := 4     
+---Multipliers : 
	               9x32  Multipliers := 1     
+---Muxes : 
	   2 Input   31 Bit        Muxes := 1     
	   2 Input    8 Bit        Muxes := 1     
	   3 Input    8 Bit        Muxes := 2     
	   3 Input    2 Bit        Muxes := 2     
	   2 Input    1 Bit        Muxes := 11    
---------------------------------------------------------------------------------
Finished RTL Component Statistics 
---------------------------------------------------------------------------------
---------------------------------------------------------------------------------
Start Part Resource Summary
---------------------------------------------------------------------------------
Part Resources:
DSPs: 80 (col length:40)
BRAMs: 120 (col length: RAMB18 40 RAMB36 20)
---------------------------------------------------------------------------------
Finished Part Resource Summary
---------------------------------------------------------------------------------
No constraint files found.
---------------------------------------------------------------------------------
Start Cross Boundary and Area Optimization
---------------------------------------------------------------------------------
