#-----------------------------------------------------------
# Vivado v2020.2 (64-bit)
# SW Build 3064766 on Wed Nov 18 09:12:45 MST 2020
# IP Build 3064653 on Wed Nov 18 14:17:31 MST 2020
# Start of session at: Thu Sep 24 16:50:18 2026
# Process ID: 22828
# Current directory: C:/Users/cleme/Desktop/POEI/Cours/Projet_Corner_detect/vivado_proj/1_TPG
# Command line: vivado.exe -gui_launcher_event rodinguilauncherevent34552 C:\Users\cleme\Desktop\POEI\Cours\Projet_Corner_detect\vivado_proj\1_TPG\Test_pattern_generator.xpr
# Log file: C:/Users/cleme/Desktop/POEI/Cours/Projet_Corner_detect/vivado_proj/1_TPG/vivado.log
# Journal file: C:/Users/cleme/Desktop/POEI/Cours/Projet_Corner_detect/vivado_proj/1_TPG\vivado.jou
#-----------------------------------------------------------
start_gui
open_project C:/Users/cleme/Desktop/POEI/Cours/Projet_Corner_detect/vivado_proj/1_TPG/Test_pattern_generator.xpr
INFO: [Project 1-313] Project file moved from 'C:/Users/cleme/Desktop/POEI/Cours/Projet_Corner_detect/vivado_proj/TPG' since last save.
WARNING: [filemgmt 56-3] IP Repository Path: Could not find the directory 'C:/Users/cleme/Desktop/POEI/Cours/Projet_Corner_detect/ip_repo/TPG'.
WARNING: [filemgmt 56-2] Default IP Output Path : Could not find the directory 'C:/Users/cleme/Desktop/POEI/Cours/Projet_Corner_detect/vivado_proj/1_TPG/Test_pattern_generator.gen/sources_1', nor could it be found using path 'C:/Users/cleme/Desktop/POEI/Cours/Projet_Corner_detect/vivado_proj/TPG/Test_pattern_generator.gen/sources_1'.
CRITICAL WARNING: [Project 1-19] Could not find the file 'C:/Users/cleme/Desktop/POEI/Cours/Projet_Corner_detect/ip_repo/TPG/component.xml'.
Scanning sources...
Finished scanning sources
INFO: [IP_Flow 19-234] Refreshing IP repositories
WARNING: [IP_Flow 19-2248] Failed to load user IP repository 'c:/Users/cleme/Desktop/POEI/Cours/Projet_Corner_detect/ip_repo/TPG'; Can't find the specified path.
If this directory should no longer be in your list of user repositories, go to the IP Settings dialog and remove it.
INFO: [IP_Flow 19-2313] Loaded Vivado IP repository 'C:/Xilinx/Vivado/2020.2/data/ip'.
open_project: Time (s): cpu = 00:00:13 ; elapsed = 00:00:10 . Memory (MB): peak = 1147.152 ; gain = 0.000
update_compile_order -fileset sources_1
launch_runs synth_1 -jobs 8
[Thu Sep 24 16:53:40 2026] Launched synth_1...
Run output will be captured here: C:/Users/cleme/Desktop/POEI/Cours/Projet_Corner_detect/vivado_proj/1_TPG/Test_pattern_generator.runs/synth_1/runme.log
ipx::package_project -root_dir C:/Users/cleme/Desktop/POEI/Cours/Projet_Corner_detect/ip_repo/1_TPG -vendor xilinx.com -library user -taxonomy /UserIP -import_files -set_current false -force
INFO: [IP_Flow 19-5107] Inferred bus interface 'axis' of definition 'xilinx.com:interface:axis:1.0' (from Xilinx Repository).
INFO: [IP_Flow 19-5107] Inferred bus interface 'resetn' of definition 'xilinx.com:signal:reset:1.0' (from Xilinx Repository).
INFO: [IP_Flow 19-5107] Inferred bus interface 'Clk' of definition 'xilinx.com:signal:clock:1.0' (from Xilinx Repository).
INFO: [IP_Flow 19-4728] Bus Interface 'resetn': Added interface parameter 'POLARITY' with value 'ACTIVE_LOW'.
INFO: [IP_Flow 19-4728] Bus Interface 'Clk': Added interface parameter 'ASSOCIATED_BUSIF' with value 'axis'.
INFO: [IP_Flow 19-4728] Bus Interface 'Clk': Added interface parameter 'ASSOCIATED_RESET' with value 'resetn'.
INFO: [IP_Flow 19-2181] Payment Required is not set for this core.
INFO: [IP_Flow 19-2187] The Product Guide file is missing.
ipx::unload_core c:/Users/cleme/Desktop/POEI/Cours/Projet_Corner_detect/ip_repo/1_TPG/component.xml
ipx::edit_ip_in_project -upgrade true -name tmp_edit_project -directory C:/Users/cleme/Desktop/POEI/Cours/Projet_Corner_detect/ip_repo/1_TPG c:/Users/cleme/Desktop/POEI/Cours/Projet_Corner_detect/ip_repo/1_TPG/component.xml
INFO: [IP_Flow 19-234] Refreshing IP repositories
INFO: [IP_Flow 19-1704] No user IP repositories specified
INFO: [IP_Flow 19-2313] Loaded Vivado IP repository 'C:/Xilinx/Vivado/2020.2/data/ip'.
INFO: [IP_Flow 19-234] Refreshing IP repositories
WARNING: [IP_Flow 19-2248] Failed to load user IP repository 'c:/Users/cleme/Desktop/POEI/Cours/Projet_Corner_detect/ip_repo/TPG'; Can't find the specified path.
If this directory should no longer be in your list of user repositories, go to the IP Settings dialog and remove it.
INFO: [IP_Flow 19-795] Syncing license key meta-data
current_project Test_pattern_generator
set_property core_revision 2 [ipx::current_core]
ipx::update_source_project_archive -component [ipx::current_core]
ipx::create_xgui_files [ipx::current_core]
ipx::update_checksums [ipx::current_core]
ipx::check_integrity [ipx::current_core]
INFO: [IP_Flow 19-2181] Payment Required is not set for this core.
INFO: [IP_Flow 19-2187] The Product Guide file is missing.
INFO: [Ipptcl 7-1486] check_integrity: Integrity check passed.
ipx::save_core [ipx::current_core]
current_project tmp_edit_project
ipx::move_temp_component_back -component [ipx::current_core]
close_project -delete
set_property  ip_repo_paths  {c:/Users/cleme/Desktop/POEI/Cours/Projet_Corner_detect/ip_repo/1_TPG c:/Users/cleme/Desktop/POEI/Cours/Projet_Corner_detect/ip_repo/TPG} [current_project]
update_ip_catalog
INFO: [IP_Flow 19-234] Refreshing IP repositories
INFO: [IP_Flow 19-1700] Loaded user IP repository 'c:/Users/cleme/Desktop/POEI/Cours/Projet_Corner_detect/ip_repo/1_TPG'.
WARNING: [IP_Flow 19-2248] Failed to load user IP repository 'c:/Users/cleme/Desktop/POEI/Cours/Projet_Corner_detect/ip_repo/TPG'; Can't find the specified path.
If this directory should no longer be in your list of user repositories, go to the IP Settings dialog and remove it.
exit
INFO: [Common 17-206] Exiting Vivado at Thu Sep 24 16:57:46 2026...
